[    0.000000] Linux version 5.19.0-46-generic (buildd@lcy02-amd64-025) (x86_64-linux-gnu-gcc (Ubuntu 11.3.0-1ubuntu1~22.04.1) 11.3.0, GNU ld (GNU Binutils for Ubuntu) 2.38) #47~22.04.1-Ubuntu SMP PREEMPT_DYNAMIC Wed Jun 21 15:35:31 UTC 2 (Ubuntu 5.19.0-46.47~22.04.1-generic 5.19.17)
[    0.000000] Command line: BOOT_IMAGE=/boot/vmlinuz-5.19.0-46-generic root=UUID=addec0ad-5d07-433e-88de-ce2d802fcff8 ro quiet splash vt.handoff=7
[    0.000000] KERNEL supported cpus:
[    0.000000]   Intel GenuineIntel
[    0.000000]   AMD AuthenticAMD
[    0.000000]   Hygon HygonGenuine
[    0.000000]   Centaur CentaurHauls
[    0.000000]   zhaoxin   Shanghai  
[    0.000000] x86/fpu: Supporting XSAVE feature 0x001: 'x87 floating point registers'
[    0.000000] x86/fpu: Supporting XSAVE feature 0x002: 'SSE registers'
[    0.000000] x86/fpu: Supporting XSAVE feature 0x004: 'AVX registers'
[    0.000000] x86/fpu: xstate_offset[2]:  576, xstate_sizes[2]:  256
[    0.000000] x86/fpu: Enabled xstate features 0x7, context size is 832 bytes, using 'compacted' format.
[    0.000000] signal: max sigframe size: 1776
[    0.000000] BIOS-provided physical RAM map:
[    0.000000] BIOS-e820: [mem 0x0000000000000000-0x000000000009efff] usable
[    0.000000] BIOS-e820: [mem 0x000000000009f000-0x00000000000bffff] reserved
[    0.000000] BIOS-e820: [mem 0x0000000000100000-0x00000000099fffff] usable
[    0.000000] BIOS-e820: [mem 0x0000000009a00000-0x0000000009dfffff] reserved
[    0.000000] BIOS-e820: [mem 0x0000000009e00000-0x0000000009efffff] usable
[    0.000000] BIOS-e820: [mem 0x0000000009f00000-0x0000000009f0efff] ACPI NVS
[    0.000000] BIOS-e820: [mem 0x0000000009f0f000-0x00000000b99e8fff] usable
[    0.000000] BIOS-e820: [mem 0x00000000b99e9000-0x00000000babe8fff] reserved
[    0.000000] BIOS-e820: [mem 0x00000000babe9000-0x00000000c8dfefff] usable
[    0.000000] BIOS-e820: [mem 0x00000000c8dff000-0x00000000cbdfefff] reserved
[    0.000000] BIOS-e820: [mem 0x00000000cbdff000-0x00000000cdf7efff] ACPI NVS
[    0.000000] BIOS-e820: [mem 0x00000000cdf7f000-0x00000000cdffefff] ACPI data
[    0.000000] BIOS-e820: [mem 0x00000000cdfff000-0x00000000cdffffff] usable
[    0.000000] BIOS-e820: [mem 0x00000000ce000000-0x00000000cfffffff] reserved
[    0.000000] BIOS-e820: [mem 0x00000000f8000000-0x00000000fbffffff] reserved
[    0.000000] BIOS-e820: [mem 0x00000000fde00000-0x00000000fdefffff] reserved
[    0.000000] BIOS-e820: [mem 0x00000000fe000000-0x00000000fe0fffff] reserved
[    0.000000] BIOS-e820: [mem 0x00000000fec00000-0x00000000fec01fff] reserved
[    0.000000] BIOS-e820: [mem 0x00000000fec10000-0x00000000fec10fff] reserved
[    0.000000] BIOS-e820: [mem 0x00000000fec20000-0x00000000fec20fff] reserved
[    0.000000] BIOS-e820: [mem 0x00000000fed80000-0x00000000fed81fff] reserved
[    0.000000] BIOS-e820: [mem 0x00000000fee00000-0x00000000fee00fff] reserved
[    0.000000] BIOS-e820: [mem 0x00000000ff000000-0x00000000ffffffff] reserved
[    0.000000] BIOS-e820: [mem 0x0000000100000000-0x000000020f33ffff] usable
[    0.000000] BIOS-e820: [mem 0x000000020f340000-0x000000022fffffff] reserved
[    0.000000] NX (Execute Disable) protection: active
[    0.000000] e820: update [mem 0xb44d1018-0xb44de857] usable ==> usable
[    0.000000] e820: update [mem 0xb44d1018-0xb44de857] usable ==> usable
[    0.000000] extended physical RAM map:
[    0.000000] reserve setup_data: [mem 0x0000000000000000-0x000000000009efff] usable
[    0.000000] reserve setup_data: [mem 0x000000000009f000-0x00000000000bffff] reserved
[    0.000000] reserve setup_data: [mem 0x0000000000100000-0x00000000099fffff] usable
[    0.000000] reserve setup_data: [mem 0x0000000009a00000-0x0000000009dfffff] reserved
[    0.000000] reserve setup_data: [mem 0x0000000009e00000-0x0000000009efffff] usable
[    0.000000] reserve setup_data: [mem 0x0000000009f00000-0x0000000009f0efff] ACPI NVS
[    0.000000] reserve setup_data: [mem 0x0000000009f0f000-0x00000000b44d1017] usable
[    0.000000] reserve setup_data: [mem 0x00000000b44d1018-0x00000000b44de857] usable
[    0.000000] reserve setup_data: [mem 0x00000000b44de858-0x00000000b99e8fff] usable
[    0.000000] reserve setup_data: [mem 0x00000000b99e9000-0x00000000babe8fff] reserved
[    0.000000] reserve setup_data: [mem 0x00000000babe9000-0x00000000c8dfefff] usable
[    0.000000] reserve setup_data: [mem 0x00000000c8dff000-0x00000000cbdfefff] reserved
[    0.000000] reserve setup_data: [mem 0x00000000cbdff000-0x00000000cdf7efff] ACPI NVS
[    0.000000] reserve setup_data: [mem 0x00000000cdf7f000-0x00000000cdffefff] ACPI data
[    0.000000] reserve setup_data: [mem 0x00000000cdfff000-0x00000000cdffffff] usable
[    0.000000] reserve setup_data: [mem 0x00000000ce000000-0x00000000cfffffff] reserved
[    0.000000] reserve setup_data: [mem 0x00000000f8000000-0x00000000fbffffff] reserved
[    0.000000] reserve setup_data: [mem 0x00000000fde00000-0x00000000fdefffff] reserved
[    0.000000] reserve setup_data: [mem 0x00000000fe000000-0x00000000fe0fffff] reserved
[    0.000000] reserve setup_data: [mem 0x00000000fec00000-0x00000000fec01fff] reserved
[    0.000000] reserve setup_data: [mem 0x00000000fec10000-0x00000000fec10fff] reserved
[    0.000000] reserve setup_data: [mem 0x00000000fec20000-0x00000000fec20fff] reserved
[    0.000000] reserve setup_data: [mem 0x00000000fed80000-0x00000000fed81fff] reserved
[    0.000000] reserve setup_data: [mem 0x00000000fee00000-0x00000000fee00fff] reserved
[    0.000000] reserve setup_data: [mem 0x00000000ff000000-0x00000000ffffffff] reserved
[    0.000000] reserve setup_data: [mem 0x0000000100000000-0x000000020f33ffff] usable
[    0.000000] reserve setup_data: [mem 0x000000020f340000-0x000000022fffffff] reserved
[    0.000000] efi: EFI v2.70 by INSYDE Corp.
[    0.000000] efi: ACPI=0xcdffe000 ACPI 2.0=0xcdffe014 TPMFinalLog=0xcceb8000 SMBIOS=0xca58a000 SMBIOS 3.0=0xca588000 ESRT=0xb4535d18 MOKvar=0xca6ff000 RNG=0xcdfad018 TPMEventLog=0xb44df018 
[    0.000000] random: crng init done
[    0.000000] secureboot: Secure boot disabled
[    0.000000] SMBIOS 3.3.0 present.
[    0.000000] DMI: Acer Swift SF314-43/Sake_CA, BIOS V1.04 07/28/2021
[    0.000000] tsc: Fast TSC calibration using PIT
[    0.000000] tsc: Detected 1796.707 MHz processor
[    0.000351] e820: update [mem 0x00000000-0x00000fff] usable ==> reserved
[    0.000353] e820: remove [mem 0x000a0000-0x000fffff] usable
[    0.000361] last_pfn = 0x20f340 max_arch_pfn = 0x400000000
[    0.000608] x86/PAT: Configuration [0-7]: WB  WC  UC- UC  WB  WP  UC- WT  
[    0.000827] last_pfn = 0xce000 max_arch_pfn = 0x400000000
[    0.004999] esrt: Reserving ESRT space from 0x00000000b4535d18 to 0x00000000b4535d50.
[    0.005006] e820: update [mem 0xb4535000-0xb4535fff] usable ==> reserved
[    0.005024] Using GB pages for direct mapping
[    0.005414] secureboot: Secure boot disabled
[    0.005415] RAMDISK: [mem 0xaf44a000-0xb39fefff]
[    0.005420] ACPI: Early table checksum verification disabled
[    0.005424] ACPI: RSDP 0x00000000CDFFE014 000024 (v02 ACRSYS)
[    0.005427] ACPI: XSDT 0x00000000CDFBF188 000134 (v01 ACRSYS ACRPRDCT 00000002      01000013)
[    0.005431] ACPI: FACP 0x00000000CDFEA000 00010C (v05 ACRSYS ACRPRDCT 00000002 1025 00040000)
[    0.005436] ACPI: DSDT 0x00000000CDFDE000 007EB6 (v01 ACRSYS ACRPRDCT 00000002 1025 00040000)
[    0.005439] ACPI: FACS 0x00000000CCEB5000 000040
[    0.005441] ACPI: UEFI 0x00000000CDF7E000 000236 (v01 ACRSYS ACRPRDCT 00000001 1025 00040000)
[    0.005443] ACPI: SSDT 0x00000000CDFF5000 007229 (v02 ACRSYS ACRPRDCT 00000002 1025 00040000)
[    0.005445] ACPI: IVRS 0x00000000CDFF4000 0001A4 (v02 ACRSYS ACRPRDCT 00000001 1025 00040000)
[    0.005447] ACPI: SSDT 0x00000000CDFF0000 003A24 (v01 ACRSYS ACRPRDCT 00000001 1025 00040000)
[    0.005449] ACPI: MSDM 0x00000000CDFEF000 000055 (v03 ACRSYS ACRPRDCT 00000001 1025 00040000)
[    0.005451] ACPI: SSDT 0x00000000CDFEE000 000472 (v02 ACRSYS ACRPRDCT 00001000 1025 00040000)
[    0.005454] ACPI: TPM2 0x00000000CDFED000 00004C (v04 ACRSYS ACRPRDCT 00000002 1025 00040000)
[    0.005456] ACPI: ASF! 0x00000000CDFEC000 0000A5 (v32 ACRSYS ACRPRDCT 00000002 1025 00040000)
[    0.005458] ACPI: BOOT 0x00000000CDFEB000 000028 (v01 ACRSYS ACRPRDCT 00000002 1025 00040000)
[    0.005460] ACPI: HPET 0x00000000CDFE9000 000038 (v01 ACRSYS ACRPRDCT 00000002 1025 00040000)
[    0.005462] ACPI: APIC 0x00000000CDFE8000 000138 (v03 ACRSYS ACRPRDCT 00000002 1025 00040000)
[    0.005465] ACPI: MCFG 0x00000000CDFE7000 00003C (v01 ACRSYS ACRPRDCT 00000002 1025 00040000)
[    0.005467] ACPI: SSDT 0x00000000CDFDD000 000080 (v01 ACRSYS ACRPRDCT 00000002 1025 00040000)
[    0.005469] ACPI: SSDT 0x00000000CDFD6000 006BD7 (v01 ACRSYS ACRPRDCT 00001000 1025 00040000)
[    0.005471] ACPI: VFCT 0x00000000CDFC8000 00D884 (v01 ACRSYS ACRPRDCT 00000001 1025 00040000)
[    0.005473] ACPI: SSDT 0x00000000CDFE6000 0000F8 (v01 ACRSYS ACRPRDCT 00001000 1025 00040000)
[    0.005475] ACPI: SSDT 0x00000000CDFC2000 005354 (v02 ACRSYS ACRPRDCT 00000001 1025 00040000)
[    0.005477] ACPI: CRAT 0x00000000CDFC1000 000F28 (v01 ACRSYS ACRPRDCT 00000001 1025 00040000)
[    0.005480] ACPI: CDIT 0x00000000CDFC0000 000029 (v01 ACRSYS ACRPRDCT 00000001 1025 00040000)
[    0.005482] ACPI: SSDT 0x00000000CDFFD000 000139 (v01 ACRSYS ACRPRDCT 00000001 1025 00040000)
[    0.005484] ACPI: SSDT 0x00000000CDFBE000 00028D (v01 ACRSYS ACRPRDCT 00000001 1025 00040000)
[    0.005486] ACPI: SSDT 0x00000000CDFBD000 000D53 (v01 ACRSYS ACRPRDCT 00000001 1025 00040000)
[    0.005488] ACPI: SSDT 0x00000000CDFBB000 0010A5 (v01 ACRSYS ACRPRDCT 00000001 1025 00040000)
[    0.005490] ACPI: SSDT 0x00000000CDFB7000 0034A4 (v01 ACRSYS ACRPRDCT 00000001 1025 00040000)
[    0.005493] ACPI: FPDT 0x00000000CDFB6000 000044 (v01 ACRSYS ACRPRDCT 00000002 1025 00040000)
[    0.005495] ACPI: WSMT 0x00000000CDFB4000 000028 (v01 ACRSYS ACRPRDCT 00000001 1025 00040000)
[    0.005497] ACPI: SSDT 0x00000000CDFB3000 000042 (v01 ACRSYS ACRPRDCT 00000001 1025 00040000)
[    0.005499] ACPI: SSDT 0x00000000CDFB2000 00020A (v01 ACRSYS ACRPRDCT 00000001 1025 00040000)
[    0.005501] ACPI: SSDT 0x00000000CDFB1000 00057D (v01 ACRSYS ACRPRDCT 00000001 1025 00040000)
[    0.005504] ACPI: SSDT 0x00000000CDFB0000 0002CD (v01 ACRSYS ACRPRDCT 00000001 1025 00040000)
[    0.005506] ACPI: SSDT 0x00000000CDFAF000 00007D (v01 ACRSYS ACRPRDCT 00000001 1025 00040000)
[    0.005508] ACPI: SSDT 0x00000000CDFAE000 000517 (v01 ACRSYS ACRPRDCT 00000001 1025 00040000)
[    0.005510] ACPI: BGRT 0x00000000CDFB5000 000038 (v01 ACRSYS ACRPRDCT 00000001 1025 00040000)
[    0.005512] ACPI: Reserving FACP table memory at [mem 0xcdfea000-0xcdfea10b]
[    0.005513] ACPI: Reserving DSDT table memory at [mem 0xcdfde000-0xcdfe5eb5]
[    0.005514] ACPI: Reserving FACS table memory at [mem 0xcceb5000-0xcceb503f]
[    0.005514] ACPI: Reserving UEFI table memory at [mem 0xcdf7e000-0xcdf7e235]
[    0.005515] ACPI: Reserving SSDT table memory at [mem 0xcdff5000-0xcdffc228]
[    0.005516] ACPI: Reserving IVRS table memory at [mem 0xcdff4000-0xcdff41a3]
[    0.005516] ACPI: Reserving SSDT table memory at [mem 0xcdff0000-0xcdff3a23]
[    0.005517] ACPI: Reserving MSDM table memory at [mem 0xcdfef000-0xcdfef054]
[    0.005518] ACPI: Reserving SSDT table memory at [mem 0xcdfee000-0xcdfee471]
[    0.005518] ACPI: Reserving TPM2 table memory at [mem 0xcdfed000-0xcdfed04b]
[    0.005519] ACPI: Reserving ASF! table memory at [mem 0xcdfec000-0xcdfec0a4]
[    0.005519] ACPI: Reserving BOOT table memory at [mem 0xcdfeb000-0xcdfeb027]
[    0.005520] ACPI: Reserving HPET table memory at [mem 0xcdfe9000-0xcdfe9037]
[    0.005521] ACPI: Reserving APIC table memory at [mem 0xcdfe8000-0xcdfe8137]
[    0.005521] ACPI: Reserving MCFG table memory at [mem 0xcdfe7000-0xcdfe703b]
[    0.005522] ACPI: Reserving SSDT table memory at [mem 0xcdfdd000-0xcdfdd07f]
[    0.005523] ACPI: Reserving SSDT table memory at [mem 0xcdfd6000-0xcdfdcbd6]
[    0.005523] ACPI: Reserving VFCT table memory at [mem 0xcdfc8000-0xcdfd5883]
[    0.005524] ACPI: Reserving SSDT table memory at [mem 0xcdfe6000-0xcdfe60f7]
[    0.005525] ACPI: Reserving SSDT table memory at [mem 0xcdfc2000-0xcdfc7353]
[    0.005525] ACPI: Reserving CRAT table memory at [mem 0xcdfc1000-0xcdfc1f27]
[    0.005526] ACPI: Reserving CDIT table memory at [mem 0xcdfc0000-0xcdfc0028]
[    0.005527] ACPI: Reserving SSDT table memory at [mem 0xcdffd000-0xcdffd138]
[    0.005527] ACPI: Reserving SSDT table memory at [mem 0xcdfbe000-0xcdfbe28c]
[    0.005528] ACPI: Reserving SSDT table memory at [mem 0xcdfbd000-0xcdfbdd52]
[    0.005529] ACPI: Reserving SSDT table memory at [mem 0xcdfbb000-0xcdfbc0a4]
[    0.005529] ACPI: Reserving SSDT table memory at [mem 0xcdfb7000-0xcdfba4a3]
[    0.005530] ACPI: Reserving FPDT table memory at [mem 0xcdfb6000-0xcdfb6043]
[    0.005531] ACPI: Reserving WSMT table memory at [mem 0xcdfb4000-0xcdfb4027]
[    0.005531] ACPI: Reserving SSDT table memory at [mem 0xcdfb3000-0xcdfb3041]
[    0.005532] ACPI: Reserving SSDT table memory at [mem 0xcdfb2000-0xcdfb2209]
[    0.005533] ACPI: Reserving SSDT table memory at [mem 0xcdfb1000-0xcdfb157c]
[    0.005533] ACPI: Reserving SSDT table memory at [mem 0xcdfb0000-0xcdfb02cc]
[    0.005534] ACPI: Reserving SSDT table memory at [mem 0xcdfaf000-0xcdfaf07c]
[    0.005535] ACPI: Reserving SSDT table memory at [mem 0xcdfae000-0xcdfae516]
[    0.005535] ACPI: Reserving BGRT table memory at [mem 0xcdfb5000-0xcdfb5037]
[    0.005704] No NUMA configuration found
[    0.005705] Faking a node at [mem 0x0000000000000000-0x000000020f33ffff]
[    0.005712] NODE_DATA(0) allocated [mem 0x20f315000-0x20f33ffff]
[    0.005966] Zone ranges:
[    0.005966]   DMA      [mem 0x0000000000001000-0x0000000000ffffff]
[    0.005967]   DMA32    [mem 0x0000000001000000-0x00000000ffffffff]
[    0.005969]   Normal   [mem 0x0000000100000000-0x000000020f33ffff]
[    0.005970]   Device   empty
[    0.005970] Movable zone start for each node
[    0.005972] Early memory node ranges
[    0.005972]   node   0: [mem 0x0000000000001000-0x000000000009efff]
[    0.005973]   node   0: [mem 0x0000000000100000-0x00000000099fffff]
[    0.005974]   node   0: [mem 0x0000000009e00000-0x0000000009efffff]
[    0.005975]   node   0: [mem 0x0000000009f0f000-0x00000000b99e8fff]
[    0.005976]   node   0: [mem 0x00000000babe9000-0x00000000c8dfefff]
[    0.005976]   node   0: [mem 0x00000000cdfff000-0x00000000cdffffff]
[    0.005977]   node   0: [mem 0x0000000100000000-0x000000020f33ffff]
[    0.005978] Initmem setup node 0 [mem 0x0000000000001000-0x000000020f33ffff]
[    0.005982] On node 0, zone DMA: 1 pages in unavailable ranges
[    0.006004] On node 0, zone DMA: 97 pages in unavailable ranges
[    0.006196] On node 0, zone DMA32: 1024 pages in unavailable ranges
[    0.012247] On node 0, zone DMA32: 15 pages in unavailable ranges
[    0.012785] On node 0, zone DMA32: 4608 pages in unavailable ranges
[    0.013006] On node 0, zone DMA32: 20992 pages in unavailable ranges
[    0.022354] On node 0, zone Normal: 8192 pages in unavailable ranges
[    0.022391] On node 0, zone Normal: 3264 pages in unavailable ranges
[    0.022540] ACPI: PM-Timer IO Port: 0x408
[    0.022548] ACPI: LAPIC_NMI (acpi_id[0x00] high edge lint[0x1])
[    0.022549] ACPI: LAPIC_NMI (acpi_id[0x01] high edge lint[0x1])
[    0.022550] ACPI: LAPIC_NMI (acpi_id[0x02] high edge lint[0x1])
[    0.022551] ACPI: LAPIC_NMI (acpi_id[0x03] high edge lint[0x1])
[    0.022551] ACPI: LAPIC_NMI (acpi_id[0x04] high edge lint[0x1])
[    0.022552] ACPI: LAPIC_NMI (acpi_id[0x05] high edge lint[0x1])
[    0.022552] ACPI: LAPIC_NMI (acpi_id[0x06] high edge lint[0x1])
[    0.022553] ACPI: LAPIC_NMI (acpi_id[0x07] high edge lint[0x1])
[    0.022553] ACPI: LAPIC_NMI (acpi_id[0x08] high edge lint[0x1])
[    0.022554] ACPI: LAPIC_NMI (acpi_id[0x09] high edge lint[0x1])
[    0.022555] ACPI: LAPIC_NMI (acpi_id[0x0a] high edge lint[0x1])
[    0.022555] ACPI: LAPIC_NMI (acpi_id[0x0b] high edge lint[0x1])
[    0.022556] ACPI: LAPIC_NMI (acpi_id[0x0c] high edge lint[0x1])
[    0.022556] ACPI: LAPIC_NMI (acpi_id[0x0d] high edge lint[0x1])
[    0.022557] ACPI: LAPIC_NMI (acpi_id[0x0e] high edge lint[0x1])
[    0.022557] ACPI: LAPIC_NMI (acpi_id[0x0f] high edge lint[0x1])
[    0.022570] IOAPIC[0]: apic_id 33, version 33, address 0xfec00000, GSI 0-23
[    0.022575] IOAPIC[1]: apic_id 34, version 33, address 0xfec01000, GSI 24-55
[    0.022577] ACPI: INT_SRC_OVR (bus 0 bus_irq 0 global_irq 2 dfl dfl)
[    0.022579] ACPI: INT_SRC_OVR (bus 0 bus_irq 9 global_irq 9 low level)
[    0.022582] ACPI: Using ACPI (MADT) for SMP configuration information
[    0.022583] ACPI: HPET id: 0x10228210 base: 0xfed00000
[    0.022592] e820: update [mem 0xb4227000-0xb431afff] usable ==> reserved
[    0.022606] smpboot: Allowing 16 CPUs, 0 hotplug CPUs
[    0.022633] PM: hibernation: Registered nosave memory: [mem 0x00000000-0x00000fff]
[    0.022634] PM: hibernation: Registered nosave memory: [mem 0x0009f000-0x000bffff]
[    0.022635] PM: hibernation: Registered nosave memory: [mem 0x000c0000-0x000fffff]
[    0.022636] PM: hibernation: Registered nosave memory: [mem 0x09a00000-0x09dfffff]
[    0.022638] PM: hibernation: Registered nosave memory: [mem 0x09f00000-0x09f0efff]
[    0.022639] PM: hibernation: Registered nosave memory: [mem 0xb4227000-0xb431afff]
[    0.022641] PM: hibernation: Registered nosave memory: [mem 0xb44d1000-0xb44d1fff]
[    0.022643] PM: hibernation: Registered nosave memory: [mem 0xb44de000-0xb44defff]
[    0.022644] PM: hibernation: Registered nosave memory: [mem 0xb4535000-0xb4535fff]
[    0.022646] PM: hibernation: Registered nosave memory: [mem 0xb99e9000-0xbabe8fff]
[    0.022647] PM: hibernation: Registered nosave memory: [mem 0xc8dff000-0xcbdfefff]
[    0.022648] PM: hibernation: Registered nosave memory: [mem 0xcbdff000-0xcdf7efff]
[    0.022648] PM: hibernation: Registered nosave memory: [mem 0xcdf7f000-0xcdffefff]
[    0.022650] PM: hibernation: Registered nosave memory: [mem 0xce000000-0xcfffffff]
[    0.022650] PM: hibernation: Registered nosave memory: [mem 0xd0000000-0xf7ffffff]
[    0.022651] PM: hibernation: Registered nosave memory: [mem 0xf8000000-0xfbffffff]
[    0.022651] PM: hibernation: Registered nosave memory: [mem 0xfc000000-0xfddfffff]
[    0.022652] PM: hibernation: Registered nosave memory: [mem 0xfde00000-0xfdefffff]
[    0.022652] PM: hibernation: Registered nosave memory: [mem 0xfdf00000-0xfdffffff]
[    0.022653] PM: hibernation: Registered nosave memory: [mem 0xfe000000-0xfe0fffff]
[    0.022653] PM: hibernation: Registered nosave memory: [mem 0xfe100000-0xfebfffff]
[    0.022654] PM: hibernation: Registered nosave memory: [mem 0xfec00000-0xfec01fff]
[    0.022654] PM: hibernation: Registered nosave memory: [mem 0xfec02000-0xfec0ffff]
[    0.022655] PM: hibernation: Registered nosave memory: [mem 0xfec10000-0xfec10fff]
[    0.022655] PM: hibernation: Registered nosave memory: [mem 0xfec11000-0xfec1ffff]
[    0.022656] PM: hibernation: Registered nosave memory: [mem 0xfec20000-0xfec20fff]
[    0.022656] PM: hibernation: Registered nosave memory: [mem 0xfec21000-0xfed7ffff]
[    0.022657] PM: hibernation: Registered nosave memory: [mem 0xfed80000-0xfed81fff]
[    0.022657] PM: hibernation: Registered nosave memory: [mem 0xfed82000-0xfedfffff]
[    0.022658] PM: hibernation: Registered nosave memory: [mem 0xfee00000-0xfee00fff]
[    0.022658] PM: hibernation: Registered nosave memory: [mem 0xfee01000-0xfeffffff]
[    0.022659] PM: hibernation: Registered nosave memory: [mem 0xff000000-0xffffffff]
[    0.022660] [mem 0xd0000000-0xf7ffffff] available for PCI devices
[    0.022661] Booting paravirtualized kernel on bare hardware
[    0.022664] clocksource: refined-jiffies: mask: 0xffffffff max_cycles: 0xffffffff, max_idle_ns: 7645519600211568 ns
[    0.022672] setup_percpu: NR_CPUS:8192 nr_cpumask_bits:16 nr_cpu_ids:16 nr_node_ids:1
[    0.023451] percpu: Embedded 61 pages/cpu s212992 r8192 d28672 u262144
[    0.023462] pcpu-alloc: s212992 r8192 d28672 u262144 alloc=1*2097152
[    0.023464] pcpu-alloc: [0] 00 01 02 03 04 05 06 07 [0] 08 09 10 11 12 13 14 15 
[    0.023500] Fallback order for Node 0: 0 
[    0.023504] Built 1 zonelists, mobility grouping on.  Total pages: 1897604
[    0.023505] Policy zone: Normal
[    0.023506] Kernel command line: BOOT_IMAGE=/boot/vmlinuz-5.19.0-46-generic root=UUID=addec0ad-5d07-433e-88de-ce2d802fcff8 ro quiet splash vt.handoff=7
[    0.023572] Unknown kernel command line parameters "splash BOOT_IMAGE=/boot/vmlinuz-5.19.0-46-generic", will be passed to user space.
[    0.024561] Dentry cache hash table entries: 1048576 (order: 11, 8388608 bytes, linear)
[    0.025059] Inode-cache hash table entries: 524288 (order: 10, 4194304 bytes, linear)
[    0.025119] mem auto-init: stack:off, heap alloc:on, heap free:off
[    0.055705] Memory: 7277072K/7711548K available (18440K kernel code, 4085K rwdata, 11308K rodata, 3176K init, 17152K bss, 434216K reserved, 0K cma-reserved)
[    0.055834] SLUB: HWalign=64, Order=0-3, MinObjects=0, CPUs=16, Nodes=1
[    0.055850] ftrace: allocating 52253 entries in 205 pages
[    0.063655] ftrace: allocated 205 pages with 5 groups
[    0.064343] Dynamic Preempt: voluntary
[    0.064379] rcu: Preemptible hierarchical RCU implementation.
[    0.064379] rcu: 	RCU restricting CPUs from NR_CPUS=8192 to nr_cpu_ids=16.
[    0.064380] 	Trampoline variant of Tasks RCU enabled.
[    0.064381] 	Rude variant of Tasks RCU enabled.
[    0.064381] 	Tracing variant of Tasks RCU enabled.
[    0.064382] rcu: RCU calculated value of scheduler-enlistment delay is 25 jiffies.
[    0.064382] rcu: Adjusting geometry for rcu_fanout_leaf=16, nr_cpu_ids=16
[    0.067345] NR_IRQS: 524544, nr_irqs: 1096, preallocated irqs: 16
[    0.067530] rcu: srcu_init: Setting srcu_struct sizes based on contention.
[    0.067597] Console: colour dummy device 80x25
[    0.067616] printk: console [tty0] enabled
[    0.067637] ACPI: Core revision 20220331
[    0.067825] clocksource: hpet: mask: 0xffffffff max_cycles: 0xffffffff, max_idle_ns: 133484873504 ns
[    0.067845] APIC: Switch to symmetric I/O mode setup
[    0.068605] AMD-Vi: ivrs, add hid:AMDI0020, uid:\_SB.FUR0, rdevid:160
[    0.068607] AMD-Vi: ivrs, add hid:AMDI0020, uid:\_SB.FUR1, rdevid:160
[    0.068608] AMD-Vi: ivrs, add hid:AMDI0020, uid:\_SB.FUR2, rdevid:160
[    0.068609] AMD-Vi: ivrs, add hid:AMDI0020, uid:\_SB.FUR3, rdevid:160
[    0.068876] Switched APIC routing to physical flat.
[    0.069610] ..TIMER: vector=0x30 apic1=0 pin1=2 apic2=-1 pin2=-1
[    0.087852] clocksource: tsc-early: mask: 0xffffffffffffffff max_cycles: 0x19e602e28ca, max_idle_ns: 440795238442 ns
[    0.087862] Calibrating delay loop (skipped), value calculated using timer frequency.. 3593.41 BogoMIPS (lpj=7186828)
[    0.087865] pid_max: default: 32768 minimum: 301
[    0.091892] LSM: Security Framework initializing
[    0.091908] landlock: Up and running.
[    0.091908] Yama: becoming mindful.
[    0.091939] AppArmor: AppArmor initialized
[    0.091983] Mount-cache hash table entries: 16384 (order: 5, 131072 bytes, linear)
[    0.091995] Mountpoint-cache hash table entries: 16384 (order: 5, 131072 bytes, linear)
[    0.092231] x86/cpu: User Mode Instruction Prevention (UMIP) activated
[    0.092274] LVT offset 1 assigned for vector 0xf9
[    0.092341] LVT offset 2 assigned for vector 0xf4
[    0.092361] Last level iTLB entries: 4KB 1024, 2MB 1024, 4MB 512
[    0.092363] Last level dTLB entries: 4KB 2048, 2MB 2048, 4MB 1024, 1GB 0
[    0.092369] Spectre V1 : Mitigation: usercopy/swapgs barriers and __user pointer sanitization
[    0.092371] Spectre V2 : Mitigation: Retpolines
[    0.092372] Spectre V2 : Spectre v2 / SpectreRSB mitigation: Filling RSB on context switch
[    0.092373] Spectre V2 : Spectre v2 / SpectreRSB : Filling RSB on VMEXIT
[    0.092373] Spectre V2 : Enabling Speculation Barrier for firmware calls
[    0.092374] RETBleed: Mitigation: untrained return thunk
[    0.092376] Spectre V2 : mitigation: Enabling conditional Indirect Branch Prediction Barrier
[    0.092377] Spectre V2 : Selecting STIBP always-on mode to complement retbleed mitigation
[    0.092378] Spectre V2 : User space: Mitigation: STIBP always-on protection
[    0.092379] Speculative Store Bypass: Mitigation: Speculative Store Bypass disabled via prctl
[    0.101284] Freeing SMP alternatives memory: 44K
[    0.212585] smpboot: CPU0: AMD Ryzen 7 5700U with Radeon Graphics (family: 0x17, model: 0x68, stepping: 0x1)
[    0.212696] cblist_init_generic: Setting adjustable number of callback queues.
[    0.212700] cblist_init_generic: Setting shift to 4 and lim to 1.
[    0.212716] cblist_init_generic: Setting shift to 4 and lim to 1.
[    0.212727] cblist_init_generic: Setting shift to 4 and lim to 1.
[    0.212736] Performance Events: Fam17h+ core perfctr, AMD PMU driver.
[    0.212742] ... version:                0
[    0.212742] ... bit width:              48
[    0.212743] ... generic registers:      6
[    0.212743] ... value mask:             0000ffffffffffff
[    0.212744] ... max period:             00007fffffffffff
[    0.212745] ... fixed-purpose events:   0
[    0.212745] ... event mask:             000000000000003f
[    0.212812] rcu: Hierarchical SRCU implementation.
[    0.212813] rcu: 	Max phase no-delay instances is 1000.
[    0.213233] NMI watchdog: Enabled. Permanently consumes one hw-PMU counter.
[    0.213376] smp: Bringing up secondary CPUs ...
[    0.213456] x86: Booting SMP configuration:
[    0.213456] .... node  #0, CPUs:        #1
[    0.215854] Spectre V2 : Update user space SMT mitigation: STIBP always-on
[    0.215854]   #2  #3  #4  #5  #6  #7  #8  #9 #10 #11 #12 #13 #14 #15
[    0.247910] smp: Brought up 1 node, 16 CPUs
[    0.247910] smpboot: Max logical packages: 1
[    0.247910] smpboot: Total of 16 processors activated (57494.62 BogoMIPS)
[    0.249555] devtmpfs: initialized
[    0.249555] x86/mm: Memory block size: 128MB
[    0.249555] ACPI: PM: Registering ACPI NVS region [mem 0x09f00000-0x09f0efff] (61440 bytes)
[    0.249555] ACPI: PM: Registering ACPI NVS region [mem 0xcbdff000-0xcdf7efff] (35127296 bytes)
[    0.249555] clocksource: jiffies: mask: 0xffffffff max_cycles: 0xffffffff, max_idle_ns: 7645041785100000 ns
[    0.249555] futex hash table entries: 4096 (order: 6, 262144 bytes, linear)
[    0.249555] pinctrl core: initialized pinctrl subsystem
[    0.249555] PM: RTC time: 16:17:44, date: 2023-07-05
[    0.249555] NET: Registered PF_NETLINK/PF_ROUTE protocol family
[    0.249555] DMA: preallocated 1024 KiB GFP_KERNEL pool for atomic allocations
[    0.249555] DMA: preallocated 1024 KiB GFP_KERNEL|GFP_DMA pool for atomic allocations
[    0.249555] DMA: preallocated 1024 KiB GFP_KERNEL|GFP_DMA32 pool for atomic allocations
[    0.249555] audit: initializing netlink subsys (disabled)
[    0.251865] audit: type=2000 audit(1688573864.184:1): state=initialized audit_enabled=0 res=1
[    0.251972] thermal_sys: Registered thermal governor 'fair_share'
[    0.251973] thermal_sys: Registered thermal governor 'bang_bang'
[    0.251974] thermal_sys: Registered thermal governor 'step_wise'
[    0.251974] thermal_sys: Registered thermal governor 'user_space'
[    0.251975] thermal_sys: Registered thermal governor 'power_allocator'
[    0.251978] EISA bus registered
[    0.251990] cpuidle: using governor ladder
[    0.251993] cpuidle: using governor menu
[    0.252026] Simple Boot Flag at 0x44 set to 0x1
[    0.252026] HugeTLB: can optimize 4095 vmemmap pages for hugepages-1048576kB
[    0.252026] acpiphp: ACPI Hot Plug PCI Controller Driver version: 0.5
[    0.252026] PCI: MMCONFIG for domain 0000 [bus 00-3f] at [mem 0xf8000000-0xfbffffff] (base 0xf8000000)
[    0.252026] PCI: MMCONFIG at [mem 0xf8000000-0xfbffffff] reserved in E820
[    0.252026] PCI: Using configuration type 1 for base access
[    0.253215] kprobes: kprobe jump-optimization is enabled. All kprobes are optimized if possible.
[    0.253222] HugeTLB: can optimize 7 vmemmap pages for hugepages-2048kB
[    0.253222] HugeTLB registered 1.00 GiB page size, pre-allocated 0 pages
[    0.253222] HugeTLB registered 2.00 MiB page size, pre-allocated 0 pages
[    0.253222] ACPI: Added _OSI(Module Device)
[    0.253222] ACPI: Added _OSI(Processor Device)
[    0.253222] ACPI: Added _OSI(3.0 _SCP Extensions)
[    0.253222] ACPI: Added _OSI(Processor Aggregator Device)
[    0.253222] ACPI: Added _OSI(Linux-Dell-Video)
[    0.253222] ACPI: Added _OSI(Linux-Lenovo-NV-HDMI-Audio)
[    0.253222] ACPI: Added _OSI(Linux-HPI-Hybrid-Graphics)
[    0.267057] ACPI: 19 ACPI AML tables successfully acquired and loaded
[    0.268583] ACPI: [Firmware Bug]: BIOS _OSI(Linux) query ignored
[    0.270823] ACPI: EC: EC started
[    0.270825] ACPI: EC: interrupt blocked
[    0.271002] ACPI: EC: EC_CMD/EC_SC=0x66, EC_DATA=0x62
[    0.271005] ACPI: \_SB_.PCI0.LPC0.EC0_: Boot DSDT EC used to handle transactions
[    0.271006] ACPI: Interpreter enabled
[    0.271018] ACPI: PM: (supports S0 S4 S5)
[    0.271020] ACPI: Using IOAPIC for interrupt routing
[    0.271161] PCI: Using host bridge windows from ACPI; if necessary, use "pci=nocrs" and report a bug
[    0.271162] PCI: Using E820 reservations for host bridge windows
[    0.272643] ACPI: PM: Power Resource [P0NV]
[    0.272892] ACPI: PM: Power Resource [WRST]
[    0.272987] ACPI: PM: Power Resource [P0NV]
[    0.273417] ACPI: PM: Power Resource [P0U0]
[    0.273489] ACPI: PM: Power Resource [P3U0]
[    0.273913] ACPI: PM: Power Resource [P0U1]
[    0.273983] ACPI: PM: Power Resource [P3U1]
[    0.277901] ACPI: PCI Root Bridge [PCI0] (domain 0000 [bus 00-ff])
[    0.277907] acpi PNP0A08:00: _OSC: OS supports [ExtendedConfig ASPM ClockPM Segments MSI EDR HPX-Type3]
[    0.277972] acpi PNP0A08:00: _OSC: platform does not support [SHPCHotplug LTR DPC]
[    0.278088] acpi PNP0A08:00: _OSC: OS now controls [PCIeHotplug PME AER PCIeCapability]
[    0.278097] acpi PNP0A08:00: [Firmware Info]: MMCONFIG for domain 0000 [bus 00-3f] only partially covers this bridge
[    0.278362] PCI host bridge to bus 0000:00
[    0.278364] pci_bus 0000:00: root bus resource [io  0x0000-0x0cf7 window]
[    0.278365] pci_bus 0000:00: root bus resource [io  0x0d00-0xffff window]
[    0.278366] pci_bus 0000:00: root bus resource [mem 0x000a0000-0x000bffff window]
[    0.278367] pci_bus 0000:00: root bus resource [mem 0x000c0000-0x000cffff window]
[    0.278368] pci_bus 0000:00: root bus resource [mem 0x000d0000-0x000effff window]
[    0.278369] pci_bus 0000:00: root bus resource [mem 0xd0000000-0xf7ffffff window]
[    0.278370] pci_bus 0000:00: root bus resource [mem 0xfc000000-0xfeafffff window]
[    0.278371] pci_bus 0000:00: root bus resource [mem 0xfed45000-0xfed811ff window]
[    0.278372] pci_bus 0000:00: root bus resource [mem 0xfed81900-0xfed81fff window]
[    0.278373] pci_bus 0000:00: root bus resource [mem 0xfedc0000-0xfedc0fff window]
[    0.278373] pci_bus 0000:00: root bus resource [mem 0xfedc6000-0xfedc6fff window]
[    0.278374] pci_bus 0000:00: root bus resource [mem 0x250200000-0xfcffffffff window]
[    0.278375] pci_bus 0000:00: root bus resource [bus 00-ff]
[    0.278387] pci 0000:00:00.0: [1022:1630] type 00 class 0x060000
[    0.278455] pci 0000:00:00.2: [1022:1631] type 00 class 0x080600
[    0.278517] pci 0000:00:01.0: [1022:1632] type 00 class 0x060000
[    0.278582] pci 0000:00:02.0: [1022:1632] type 00 class 0x060000
[    0.278645] pci 0000:00:02.2: [1022:1634] type 01 class 0x060400
[    0.278749] pci 0000:00:02.2: PME# supported from D0 D3hot D3cold
[    0.278844] pci 0000:00:02.4: [1022:1634] type 01 class 0x060400
[    0.278945] pci 0000:00:02.4: PME# supported from D0 D3hot D3cold
[    0.279036] pci 0000:00:08.0: [1022:1632] type 00 class 0x060000
[    0.279089] pci 0000:00:08.1: [1022:1635] type 01 class 0x060400
[    0.279108] pci 0000:00:08.1: enabling Extended Tags
[    0.279136] pci 0000:00:08.1: PME# supported from D0 D3hot D3cold
[    0.279198] pci 0000:00:08.2: [1022:1635] type 01 class 0x060400
[    0.279217] pci 0000:00:08.2: enabling Extended Tags
[    0.279244] pci 0000:00:08.2: PME# supported from D0 D3hot D3cold
[    0.279322] pci 0000:00:14.0: [1022:790b] type 00 class 0x0c0500
[    0.279424] pci 0000:00:14.3: [1022:790e] type 00 class 0x060100
[    0.279532] pci 0000:00:18.0: [1022:1448] type 00 class 0x060000
[    0.279568] pci 0000:00:18.1: [1022:1449] type 00 class 0x060000
[    0.279603] pci 0000:00:18.2: [1022:144a] type 00 class 0x060000
[    0.279638] pci 0000:00:18.3: [1022:144b] type 00 class 0x060000
[    0.279673] pci 0000:00:18.4: [1022:144c] type 00 class 0x060000
[    0.279707] pci 0000:00:18.5: [1022:144d] type 00 class 0x060000
[    0.279744] pci 0000:00:18.6: [1022:144e] type 00 class 0x060000
[    0.279778] pci 0000:00:18.7: [1022:144f] type 00 class 0x060000
[    0.281539] pci 0000:01:00.0: [14c3:7961] type 00 class 0x028000
[    0.281632] pci 0000:01:00.0: reg 0x10: [mem 0xfcf0200000-0xfcf02fffff 64bit pref]
[    0.281718] pci 0000:01:00.0: reg 0x18: [mem 0xfcf0300000-0xfcf0303fff 64bit pref]
[    0.281804] pci 0000:01:00.0: reg 0x20: [mem 0xfcf0304000-0xfcf0304fff 64bit pref]
[    0.282076] pci 0000:01:00.0: supports D1 D2
[    0.282077] pci 0000:01:00.0: PME# supported from D0 D1 D2 D3hot D3cold
[    0.284164] pci 0000:00:02.2: PCI bridge to [bus 01]
[    0.284172] pci 0000:00:02.2:   bridge window [mem 0xfcf0200000-0xfcf03fffff 64bit pref]
[    0.284510] pci 0000:02:00.0: [2646:500d] type 00 class 0x010802
[    0.284527] pci 0000:02:00.0: reg 0x10: [mem 0xd0500000-0xd0503fff 64bit]
[    0.284941] pci 0000:00:02.4: PCI bridge to [bus 02]
[    0.284945] pci 0000:00:02.4:   bridge window [mem 0xd0500000-0xd05fffff]
[    0.285001] pci 0000:03:00.0: [1002:164c] type 00 class 0x030000
[    0.285011] pci 0000:03:00.0: reg 0x10: [mem 0xfce0000000-0xfcefffffff 64bit pref]
[    0.285018] pci 0000:03:00.0: reg 0x18: [mem 0xfcf0000000-0xfcf01fffff 64bit pref]
[    0.285022] pci 0000:03:00.0: reg 0x20: [io  0x1000-0x10ff]
[    0.285027] pci 0000:03:00.0: reg 0x24: [mem 0xd0400000-0xd047ffff]
[    0.285035] pci 0000:03:00.0: enabling Extended Tags
[    0.285045] pci 0000:03:00.0: BAR 0: assigned to efifb
[    0.285080] pci 0000:03:00.0: PME# supported from D1 D2 D3hot D3cold
[    0.285111] pci 0000:03:00.0: 126.016 Gb/s available PCIe bandwidth, limited by 8.0 GT/s PCIe x16 link at 0000:00:08.1 (capable of 252.048 Gb/s with 16.0 GT/s PCIe x16 link)
[    0.285151] pci 0000:03:00.1: [1002:1637] type 00 class 0x040300
[    0.285158] pci 0000:03:00.1: reg 0x10: [mem 0xd04c8000-0xd04cbfff]
[    0.285177] pci 0000:03:00.1: enabling Extended Tags
[    0.285203] pci 0000:03:00.1: PME# supported from D1 D2 D3hot D3cold
[    0.285249] pci 0000:03:00.2: [1022:15df] type 00 class 0x108000
[    0.285261] pci 0000:03:00.2: reg 0x18: [mem 0xd0300000-0xd03fffff]
[    0.285270] pci 0000:03:00.2: reg 0x24: [mem 0xd04cc000-0xd04cdfff]
[    0.285276] pci 0000:03:00.2: enabling Extended Tags
[    0.285345] pci 0000:03:00.3: [1022:1639] type 00 class 0x0c0330
[    0.285355] pci 0000:03:00.3: reg 0x10: [mem 0xd0100000-0xd01fffff 64bit]
[    0.285376] pci 0000:03:00.3: enabling Extended Tags
[    0.285404] pci 0000:03:00.3: PME# supported from D0 D3hot D3cold
[    0.285454] pci 0000:03:00.4: [1022:1639] type 00 class 0x0c0330
[    0.285464] pci 0000:03:00.4: reg 0x10: [mem 0xd0200000-0xd02fffff 64bit]
[    0.285485] pci 0000:03:00.4: enabling Extended Tags
[    0.285513] pci 0000:03:00.4: PME# supported from D0 D3hot D3cold
[    0.285562] pci 0000:03:00.5: [1022:15e2] type 00 class 0x048000
[    0.285569] pci 0000:03:00.5: reg 0x10: [mem 0xd0480000-0xd04bffff]
[    0.285588] pci 0000:03:00.5: enabling Extended Tags
[    0.285613] pci 0000:03:00.5: PME# supported from D0 D3hot D3cold
[    0.285659] pci 0000:03:00.6: [1022:15e3] type 00 class 0x040300
[    0.285665] pci 0000:03:00.6: reg 0x10: [mem 0xd04c0000-0xd04c7fff]
[    0.285685] pci 0000:03:00.6: enabling Extended Tags
[    0.285710] pci 0000:03:00.6: PME# supported from D0 D3hot D3cold
[    0.285779] pci 0000:00:08.1: PCI bridge to [bus 03]
[    0.285781] pci 0000:00:08.1:   bridge window [io  0x1000-0x1fff]
[    0.285783] pci 0000:00:08.1:   bridge window [mem 0xd0100000-0xd04fffff]
[    0.285786] pci 0000:00:08.1:   bridge window [mem 0xfce0000000-0xfcf01fffff 64bit pref]
[    0.285820] pci 0000:04:00.0: [1022:7901] type 00 class 0x010601
[    0.285845] pci 0000:04:00.0: reg 0x24: [mem 0xd0001000-0xd00017ff]
[    0.285853] pci 0000:04:00.0: enabling Extended Tags
[    0.285912] pci 0000:04:00.0: 126.016 Gb/s available PCIe bandwidth, limited by 8.0 GT/s PCIe x16 link at 0000:00:08.2 (capable of 252.048 Gb/s with 16.0 GT/s PCIe x16 link)
[    0.285952] pci 0000:04:00.1: [1022:7901] type 00 class 0x010601
[    0.285978] pci 0000:04:00.1: reg 0x24: [mem 0xd0000000-0xd00007ff]
[    0.285985] pci 0000:04:00.1: enabling Extended Tags
[    0.286063] pci 0000:00:08.2: PCI bridge to [bus 04]
[    0.286066] pci 0000:00:08.2:   bridge window [mem 0xd0000000-0xd00fffff]
[    0.286775] ACPI: PCI: Interrupt link LNKA configured for IRQ 0
[    0.286776] ACPI: PCI: Interrupt link LNKA disabled
[    0.286831] ACPI: PCI: Interrupt link LNKB configured for IRQ 0
[    0.286831] ACPI: PCI: Interrupt link LNKB disabled
[    0.286872] ACPI: PCI: Interrupt link LNKC configured for IRQ 0
[    0.286873] ACPI: PCI: Interrupt link LNKC disabled
[    0.286926] ACPI: PCI: Interrupt link LNKD configured for IRQ 0
[    0.286926] ACPI: PCI: Interrupt link LNKD disabled
[    0.286975] ACPI: PCI: Interrupt link LNKE configured for IRQ 0
[    0.286976] ACPI: PCI: Interrupt link LNKE disabled
[    0.287015] ACPI: PCI: Interrupt link LNKF configured for IRQ 0
[    0.287015] ACPI: PCI: Interrupt link LNKF disabled
[    0.287053] ACPI: PCI: Interrupt link LNKG configured for IRQ 0
[    0.287054] ACPI: PCI: Interrupt link LNKG disabled
[    0.287092] ACPI: PCI: Interrupt link LNKH configured for IRQ 0
[    0.287092] ACPI: PCI: Interrupt link LNKH disabled
[    0.287933] ACPI: EC: interrupt unblocked
[    0.287934] ACPI: EC: event unblocked
[    0.287938] ACPI: EC: EC_CMD/EC_SC=0x66, EC_DATA=0x62
[    0.287939] ACPI: EC: GPE=0x3
[    0.287940] ACPI: \_SB_.PCI0.LPC0.EC0_: Boot DSDT EC initialization complete
[    0.287941] ACPI: \_SB_.PCI0.LPC0.EC0_: EC: Used to handle transactions and events
[    0.287983] iommu: Default domain type: Translated 
[    0.287983] iommu: DMA domain TLB invalidation policy: lazy mode 
[    0.287988] SCSI subsystem initialized
[    0.287994] libata version 3.00 loaded.
[    0.287994] ACPI: bus type USB registered
[    0.287994] usbcore: registered new interface driver usbfs
[    0.287994] usbcore: registered new interface driver hub
[    0.287994] usbcore: registered new device driver usb
[    0.289510] pps_core: LinuxPPS API ver. 1 registered
[    0.289511] pps_core: Software ver. 5.3.6 - Copyright 2005-2007 Rodolfo Giometti <giometti@linux.it>
[    0.289514] PTP clock support registered
[    0.289526] EDAC MC: Ver: 3.0.0
[    0.291887] Registered efivars operations
[    0.291975] NetLabel: Initializing
[    0.291976] NetLabel:  domain hash size = 128
[    0.291977] NetLabel:  protocols = UNLABELED CIPSOv4 CALIPSO
[    0.291987] NetLabel:  unlabeled traffic allowed by default
[    0.291996] mctp: management component transport protocol core
[    0.291996] NET: Registered PF_MCTP protocol family
[    0.291996] PCI: Using ACPI for IRQ routing
[    0.293870] PCI: pci_cache_line_size set to 64 bytes
[    0.297241] Expanded resource Reserved due to conflict with PCI Bus 0000:00
[    0.297242] e820: reserve RAM buffer [mem 0x0009f000-0x0009ffff]
[    0.297244] e820: reserve RAM buffer [mem 0x09a00000-0x0bffffff]
[    0.297245] e820: reserve RAM buffer [mem 0x09f00000-0x0bffffff]
[    0.297245] e820: reserve RAM buffer [mem 0xb4227000-0xb7ffffff]
[    0.297246] e820: reserve RAM buffer [mem 0xb44d1018-0xb7ffffff]
[    0.297247] e820: reserve RAM buffer [mem 0xb4535000-0xb7ffffff]
[    0.297248] e820: reserve RAM buffer [mem 0xb99e9000-0xbbffffff]
[    0.297249] e820: reserve RAM buffer [mem 0xc8dff000-0xcbffffff]
[    0.297249] e820: reserve RAM buffer [mem 0xce000000-0xcfffffff]
[    0.297250] e820: reserve RAM buffer [mem 0x20f340000-0x20fffffff]
[    0.297260] pci 0000:03:00.0: vgaarb: setting as boot VGA device
[    0.297260] pci 0000:03:00.0: vgaarb: bridge control possible
[    0.297260] pci 0000:03:00.0: vgaarb: VGA device added: decodes=io+mem,owns=none,locks=none
[    0.297260] vgaarb: loaded
[    0.297260] hpet0: at MMIO 0xfed00000, IRQs 2, 8, 0
[    0.297260] hpet0: 3 comparators, 32-bit 14.318180 MHz counter
[    0.300033] clocksource: Switched to clocksource tsc-early
[    0.300033] VFS: Disk quotas dquot_6.6.0
[    0.300033] VFS: Dquot-cache hash table entries: 512 (order 0, 4096 bytes)
[    0.300033] AppArmor: AppArmor Filesystem Enabled
[    0.300033] pnp: PnP ACPI init
[    0.300033] system 00:00: [mem 0xfec00000-0xfec01fff] could not be reserved
[    0.300033] system 00:00: [mem 0xfee00000-0xfee00fff] has been reserved
[    0.300033] system 00:00: [mem 0xfde00000-0xfdefffff] has been reserved
[    0.300033] system 00:03: [io  0x0400-0x04cf] has been reserved
[    0.300033] system 00:03: [io  0x04d0-0x04d1] has been reserved
[    0.300033] system 00:03: [io  0x04d6] has been reserved
[    0.300033] system 00:03: [io  0x0c00-0x0c01] has been reserved
[    0.300033] system 00:03: [io  0x0c14] has been reserved
[    0.300033] system 00:03: [io  0x0c50-0x0c52] has been reserved
[    0.300033] system 00:03: [io  0x0c6c] has been reserved
[    0.300033] system 00:03: [io  0x0c6f] has been reserved
[    0.300033] system 00:03: [io  0x0cd0-0x0cdb] has been reserved
[    0.300033] system 00:04: [mem 0xff000000-0xffffffff] has been reserved
[    0.300033] pnp: PnP ACPI: found 5 devices
[    0.308490] clocksource: acpi_pm: mask: 0xffffff max_cycles: 0xffffff, max_idle_ns: 2085701024 ns
[    0.308610] NET: Registered PF_INET protocol family
[    0.308769] IP idents hash table entries: 131072 (order: 8, 1048576 bytes, linear)
[    0.311076] tcp_listen_portaddr_hash hash table entries: 4096 (order: 4, 65536 bytes, linear)
[    0.311106] Table-perturb hash table entries: 65536 (order: 6, 262144 bytes, linear)
[    0.311155] TCP established hash table entries: 65536 (order: 7, 524288 bytes, linear)
[    0.311298] TCP bind hash table entries: 65536 (order: 8, 1048576 bytes, linear)
[    0.311360] TCP: Hash tables configured (established 65536 bind 65536)
[    0.311437] MPTCP token hash table entries: 8192 (order: 5, 196608 bytes, linear)
[    0.311464] UDP hash table entries: 4096 (order: 5, 131072 bytes, linear)
[    0.311486] UDP-Lite hash table entries: 4096 (order: 5, 131072 bytes, linear)
[    0.311526] NET: Registered PF_UNIX/PF_LOCAL protocol family
[    0.311530] NET: Registered PF_XDP protocol family
[    0.311547] pci 0000:00:02.2: PCI bridge to [bus 01]
[    0.311560] pci 0000:00:02.2:   bridge window [mem 0xfcf0200000-0xfcf03fffff 64bit pref]
[    0.311575] pci 0000:00:02.4: PCI bridge to [bus 02]
[    0.311587] pci 0000:00:02.4:   bridge window [mem 0xd0500000-0xd05fffff]
[    0.311604] pci 0000:00:08.1: PCI bridge to [bus 03]
[    0.311606] pci 0000:00:08.1:   bridge window [io  0x1000-0x1fff]
[    0.311608] pci 0000:00:08.1:   bridge window [mem 0xd0100000-0xd04fffff]
[    0.311610] pci 0000:00:08.1:   bridge window [mem 0xfce0000000-0xfcf01fffff 64bit pref]
[    0.311613] pci 0000:00:08.2: PCI bridge to [bus 04]
[    0.311615] pci 0000:00:08.2:   bridge window [mem 0xd0000000-0xd00fffff]
[    0.311620] pci_bus 0000:00: resource 4 [io  0x0000-0x0cf7 window]
[    0.311622] pci_bus 0000:00: resource 5 [io  0x0d00-0xffff window]
[    0.311623] pci_bus 0000:00: resource 6 [mem 0x000a0000-0x000bffff window]
[    0.311624] pci_bus 0000:00: resource 7 [mem 0x000c0000-0x000cffff window]
[    0.311625] pci_bus 0000:00: resource 8 [mem 0x000d0000-0x000effff window]
[    0.311626] pci_bus 0000:00: resource 9 [mem 0xd0000000-0xf7ffffff window]
[    0.311627] pci_bus 0000:00: resource 10 [mem 0xfc000000-0xfeafffff window]
[    0.311628] pci_bus 0000:00: resource 11 [mem 0xfed45000-0xfed811ff window]
[    0.311629] pci_bus 0000:00: resource 12 [mem 0xfed81900-0xfed81fff window]
[    0.311630] pci_bus 0000:00: resource 13 [mem 0xfedc0000-0xfedc0fff window]
[    0.311631] pci_bus 0000:00: resource 14 [mem 0xfedc6000-0xfedc6fff window]
[    0.311632] pci_bus 0000:00: resource 15 [mem 0x250200000-0xfcffffffff window]
[    0.311633] pci_bus 0000:01: resource 2 [mem 0xfcf0200000-0xfcf03fffff 64bit pref]
[    0.311634] pci_bus 0000:02: resource 1 [mem 0xd0500000-0xd05fffff]
[    0.311635] pci_bus 0000:03: resource 0 [io  0x1000-0x1fff]
[    0.311636] pci_bus 0000:03: resource 1 [mem 0xd0100000-0xd04fffff]
[    0.311637] pci_bus 0000:03: resource 2 [mem 0xfce0000000-0xfcf01fffff 64bit pref]
[    0.311638] pci_bus 0000:04: resource 1 [mem 0xd0000000-0xd00fffff]
[    0.313681] pci 0000:03:00.1: D0 power state depends on 0000:03:00.0
[    0.313688] pci 0000:03:00.3: extending delay after power-on from D3hot to 20 msec
[    0.483174] pci 0000:03:00.3: quirk_usb_early_handoff+0x0/0x170 took 165510 usecs
[    0.483184] pci 0000:03:00.4: extending delay after power-on from D3hot to 20 msec
[    0.525142] pci 0000:03:00.4: quirk_usb_early_handoff+0x0/0x170 took 40972 usecs
[    0.525154] PCI: CLS 64 bytes, default 64
[    0.525166] pci 0000:00:00.2: AMD-Vi: IOMMU performance counters supported
[    0.525220] pci 0000:00:00.2: can't derive routing for PCI INT A
[    0.525221] pci 0000:00:00.2: PCI INT A: not connected
[    0.525237] Trying to unpack rootfs image as initramfs...
[    0.525242] pci 0000:00:01.0: Adding to iommu group 0
[    0.525263] pci 0000:00:02.0: Adding to iommu group 1
[    0.525279] pci 0000:00:02.2: Adding to iommu group 2
[    0.525295] pci 0000:00:02.4: Adding to iommu group 3
[    0.525312] pci 0000:00:08.0: Adding to iommu group 4
[    0.525320] pci 0000:00:08.1: Adding to iommu group 4
[    0.525328] pci 0000:00:08.2: Adding to iommu group 4
[    0.525345] pci 0000:00:14.0: Adding to iommu group 5
[    0.525353] pci 0000:00:14.3: Adding to iommu group 5
[    0.525383] pci 0000:00:18.0: Adding to iommu group 6
[    0.525392] pci 0000:00:18.1: Adding to iommu group 6
[    0.525400] pci 0000:00:18.2: Adding to iommu group 6
[    0.525408] pci 0000:00:18.3: Adding to iommu group 6
[    0.525417] pci 0000:00:18.4: Adding to iommu group 6
[    0.525426] pci 0000:00:18.5: Adding to iommu group 6
[    0.525434] pci 0000:00:18.6: Adding to iommu group 6
[    0.525443] pci 0000:00:18.7: Adding to iommu group 6
[    0.525458] pci 0000:01:00.0: Adding to iommu group 7
[    0.525474] pci 0000:02:00.0: Adding to iommu group 8
[    0.525488] pci 0000:03:00.0: Adding to iommu group 4
[    0.525492] pci 0000:03:00.1: Adding to iommu group 4
[    0.525497] pci 0000:03:00.2: Adding to iommu group 4
[    0.525502] pci 0000:03:00.3: Adding to iommu group 4
[    0.525507] pci 0000:03:00.4: Adding to iommu group 4
[    0.525512] pci 0000:03:00.5: Adding to iommu group 4
[    0.525517] pci 0000:03:00.6: Adding to iommu group 4
[    0.525522] pci 0000:04:00.0: Adding to iommu group 4
[    0.525528] pci 0000:04:00.1: Adding to iommu group 4
[    0.527032] pci 0000:00:00.2: AMD-Vi: Found IOMMU cap 0x40
[    0.527038] AMD-Vi: Extended features (0x206d73ef22254ade): PPR X2APIC NX GT IA GA PC GA_vAPIC
[    0.527043] AMD-Vi: Interrupt remapping enabled
[    0.527044] AMD-Vi: Virtual APIC enabled
[    0.527044] AMD-Vi: X2APIC enabled
[    0.527237] PCI-DMA: Using software bounce buffering for IO (SWIOTLB)
[    0.527238] software IO TLB: mapped [mem 0x00000000c449c000-0x00000000c849c000] (64MB)
[    0.527302] LVT offset 0 assigned for vector 0x400
[    0.528104] perf: AMD IBS detected (0x000003ff)
[    0.528112] perf/amd_iommu: Detected AMD IOMMU #0 (2 banks, 4 counters/bank).
[    0.528646] Initialise system trusted keyrings
[    0.528657] Key type blacklist registered
[    0.528706] workingset: timestamp_bits=36 max_order=21 bucket_order=0
[    0.529636] zbud: loaded
[    0.529894] squashfs: version 4.0 (2009/01/31) Phillip Lougher
[    0.530068] fuse: init (API version 7.36)
[    0.530289] integrity: Platform Keyring initialized
[    0.530294] integrity: Machine keyring initialized
[    0.533125] Key type asymmetric registered
[    0.533127] Asymmetric key parser 'x509' registered
[    0.830010] Freeing initrd memory: 71380K
[    0.835012] alg: self-tests for CTR-KDF (hmac(sha256)) passed
[    0.835039] Block layer SCSI generic (bsg) driver version 0.4 loaded (major 243)
[    0.835113] io scheduler mq-deadline registered
[    0.837636] pcieport 0000:00:02.2: PME: Signaling with IRQ 34
[    0.837780] pcieport 0000:00:02.4: PME: Signaling with IRQ 35
[    0.837887] pcieport 0000:00:08.1: PME: Signaling with IRQ 36
[    0.838026] pcieport 0000:00:08.2: PME: Signaling with IRQ 37
[    0.838091] shpchp: Standard Hot Plug PCI Controller Driver version: 0.4
[    0.838921] ACPI: AC: AC Adapter [ACAD] (on-line)
[    0.838950] input: Power Button as /devices/LNXSYSTM:00/LNXSYBUS:00/PNP0C0C:00/input/input0
[    0.838961] ACPI: button: Power Button [PWRB]
[    0.838977] input: Sleep Button as /devices/LNXSYSTM:00/LNXSYBUS:00/PNP0C0E:00/input/input1
[    0.838985] ACPI: button: Sleep Button [SLPB]
[    0.839004] input: Lid Switch as /devices/LNXSYSTM:00/LNXSYBUS:00/PNP0A08:00/device:2c/PNP0C0D:00/input/input2
[    0.839013] ACPI: button: Lid Switch [LID0]
[    0.839535] Estimated ratio of average max frequency by base frequency (times 1024): 1755
[    0.839568] Monitor-Mwait will be used to enter C-1 state
[    0.839587] ACPI: \_SB_.PLTF.C000: Found 3 idle states
[    0.839599] ACPI: FW issue: working around C-state latencies out of order
[    0.839719] ACPI: \_SB_.PLTF.C001: Found 3 idle states
[    0.839729] ACPI: FW issue: working around C-state latencies out of order
[    0.839874] ACPI: \_SB_.PLTF.C002: Found 3 idle states
[    0.839888] ACPI: FW issue: working around C-state latencies out of order
[    0.840129] ACPI: \_SB_.PLTF.C003: Found 3 idle states
[    0.840140] ACPI: FW issue: working around C-state latencies out of order
[    0.840381] ACPI: \_SB_.PLTF.C004: Found 3 idle states
[    0.840387] ACPI: FW issue: working around C-state latencies out of order
[    0.840608] ACPI: \_SB_.PLTF.C005: Found 3 idle states
[    0.840615] ACPI: FW issue: working around C-state latencies out of order
[    0.840872] ACPI: \_SB_.PLTF.C006: Found 3 idle states
[    0.840881] ACPI: FW issue: working around C-state latencies out of order
[    0.841171] ACPI: \_SB_.PLTF.C007: Found 3 idle states
[    0.841181] ACPI: FW issue: working around C-state latencies out of order
[    0.841403] ACPI: \_SB_.PLTF.C008: Found 3 idle states
[    0.841410] ACPI: FW issue: working around C-state latencies out of order
[    0.841554] ACPI: \_SB_.PLTF.C009: Found 3 idle states
[    0.841558] ACPI: FW issue: working around C-state latencies out of order
[    0.841648] ACPI: \_SB_.PLTF.C00A: Found 3 idle states
[    0.841654] ACPI: FW issue: working around C-state latencies out of order
[    0.841798] ACPI: \_SB_.PLTF.C00B: Found 3 idle states
[    0.841804] ACPI: FW issue: working around C-state latencies out of order
[    0.841975] ACPI: \_SB_.PLTF.C00C: Found 3 idle states
[    0.841981] ACPI: FW issue: working around C-state latencies out of order
[    0.842118] ACPI: \_SB_.PLTF.C00D: Found 3 idle states
[    0.842123] ACPI: FW issue: working around C-state latencies out of order
[    0.842244] ACPI: \_SB_.PLTF.C00E: Found 3 idle states
[    0.842249] ACPI: FW issue: working around C-state latencies out of order
[    0.842365] ACPI: \_SB_.PLTF.C00F: Found 3 idle states
[    0.842369] ACPI: FW issue: working around C-state latencies out of order
[    0.842655] Serial: 8250/16550 driver, 32 ports, IRQ sharing enabled
[    0.843265] ACPI: battery: Slot [BAT1] (battery present)
[    0.843785] Linux agpgart interface v0.103
[    0.868051] loop: module loaded
[    0.868258] tun: Universal TUN/TAP device driver, 1.6
[    0.868289] PPP generic driver version 2.4.2
[    0.868336] VFIO - User Level meta-driver version: 0.3
[    0.868442] ehci_hcd: USB 2.0 'Enhanced' Host Controller (EHCI) Driver
[    0.868444] ehci-pci: EHCI PCI platform driver
[    0.868450] ehci-platform: EHCI generic platform driver
[    0.868454] ohci_hcd: USB 1.1 'Open' Host Controller (OHCI) Driver
[    0.868455] ohci-pci: OHCI PCI platform driver
[    0.868460] ohci-platform: OHCI generic platform driver
[    0.868464] uhci_hcd: USB Universal Host Controller Interface driver
[    0.868495] i8042: PNP: PS/2 Controller [PNP0303:KBC0] at 0x60,0x64 irq 1
[    0.868496] i8042: PNP: PS/2 appears to have AUX port disabled, if this is incorrect please boot with i8042.nopnp
[    0.869049] serio: i8042 KBD port at 0x60,0x64 irq 1
[    0.869125] mousedev: PS/2 mouse device common for all mice
[    0.869195] rtc_cmos 00:01: RTC can wake from S4
[    0.869370] rtc_cmos 00:01: registered as rtc0
[    0.869395] rtc_cmos 00:01: setting system clock to 2023-07-05T16:17:44 UTC (1688573864)
[    0.869421] rtc_cmos 00:01: alarms up to one month, 114 bytes nvram, hpet irqs
[    0.869425] i2c_dev: i2c /dev entries driver
[    0.869455] device-mapper: core: CONFIG_IMA_DISABLE_HTABLE is disabled. Duplicate IMA measurements will not be recorded in the IMA log.
[    0.869474] device-mapper: uevent: version 1.0.3
[    0.869544] device-mapper: ioctl: 4.47.0-ioctl (2022-07-28) initialised: dm-devel@redhat.com
[    0.869556] platform eisa.0: Probing EISA bus 0
[    0.869558] platform eisa.0: EISA: Cannot allocate resource for mainboard
[    0.869559] platform eisa.0: Cannot allocate resource for EISA slot 1
[    0.869559] platform eisa.0: Cannot allocate resource for EISA slot 2
[    0.869560] platform eisa.0: Cannot allocate resource for EISA slot 3
[    0.869561] platform eisa.0: Cannot allocate resource for EISA slot 4
[    0.869562] platform eisa.0: Cannot allocate resource for EISA slot 5
[    0.869563] platform eisa.0: Cannot allocate resource for EISA slot 6
[    0.869563] platform eisa.0: Cannot allocate resource for EISA slot 7
[    0.869564] platform eisa.0: Cannot allocate resource for EISA slot 8
[    0.869565] platform eisa.0: EISA: Detected 0 cards
[    0.869858] ledtrig-cpu: registered to indicate activity on CPUs
[    0.869871] efifb: probing for efifb
[    0.869892] efifb: showing boot graphics
[    0.871747] efifb: framebuffer at 0xfce0000000, using 8100k, total 8100k
[    0.871749] efifb: mode is 1920x1080x32, linelength=7680, pages=1
[    0.871750] efifb: scrolling: redraw
[    0.871750] efifb: Truecolor: size=8:8:8:8, shift=24:16:8:0
[    0.871820] fbcon: Deferring console take-over
[    0.871820] fb0: EFI VGA frame buffer device
[    0.871824] EFI Variables Facility v0.08 2004-May-17
[    0.878130] drop_monitor: Initializing network drop monitor service
[    0.880163] input: AT Translated Set 2 keyboard as /devices/platform/i8042/serio0/input/input3
[    0.888119] NET: Registered PF_INET6 protocol family
[    0.891011] Segment Routing with IPv6
[    0.891017] In-situ OAM (IOAM) with IPv6
[    0.891032] NET: Registered PF_PACKET protocol family
[    0.891119] Key type dns_resolver registered
[    0.892870] microcode: CPU0: patch_level=0x08608102
[    0.892880] microcode: CPU1: patch_level=0x08608102
[    0.892901] microcode: CPU2: patch_level=0x08608102
[    0.892911] microcode: CPU3: patch_level=0x08608102
[    0.892926] microcode: CPU4: patch_level=0x08608102
[    0.892933] microcode: CPU5: patch_level=0x08608102
[    0.892945] microcode: CPU6: patch_level=0x08608102
[    0.892952] microcode: CPU7: patch_level=0x08608102
[    0.892977] microcode: CPU8: patch_level=0x08608102
[    0.892993] microcode: CPU9: patch_level=0x08608102
[    0.893022] microcode: CPU10: patch_level=0x08608102
[    0.893035] microcode: CPU11: patch_level=0x08608102
[    0.893061] microcode: CPU12: patch_level=0x08608102
[    0.893074] microcode: CPU13: patch_level=0x08608102
[    0.893104] microcode: CPU14: patch_level=0x08608102
[    0.893117] microcode: CPU15: patch_level=0x08608102
[    0.893125] microcode: Microcode Update Driver: v2.2.
[    0.893562] resctrl: L3 allocation detected
[    0.893564] resctrl: MB allocation detected
[    0.893565] resctrl: L3 monitoring detected
[    0.893571] IPI shorthand broadcast: enabled
[    0.893592] sched_clock: Marking stable (893242947, 305878)->(922437537, -28888712)
[    0.893998] registered taskstats version 1
[    0.894244] Loading compiled-in X.509 certificates
[    0.894818] Loaded X.509 cert 'Build time autogenerated kernel key: 1720a9d67aae12bb29796a8a7a9fcc35d3025424'
[    0.895145] Loaded X.509 cert 'Canonical Ltd. Live Patch Signing: 14df34d1a87cf37625abec039ef2bf521249b969'
[    0.895467] Loaded X.509 cert 'Canonical Ltd. Kernel Module Signing: 88f752e560a1e0737e31163a466ad7b70a850c19'
[    0.895468] blacklist: Loading compiled-in revocation X.509 certificates
[    0.895480] Loaded X.509 cert 'Canonical Ltd. Secure Boot Signing: 61482aa2830d0ab2ad5af10b7250da9033ddcef0'
[    0.895491] Loaded X.509 cert 'Canonical Ltd. Secure Boot Signing (2017): 242ade75ac4a15e50d50c84b0d45ff3eae707a03'
[    0.895501] Loaded X.509 cert 'Canonical Ltd. Secure Boot Signing (ESM 2018): 365188c1d374d6b07c3c8f240f8ef722433d6a8b'
[    0.895511] Loaded X.509 cert 'Canonical Ltd. Secure Boot Signing (2019): c0746fd6c5da3ae827864651ad66ae47fe24b3e8'
[    0.895522] Loaded X.509 cert 'Canonical Ltd. Secure Boot Signing (2021 v1): a8d54bbb3825cfb94fa13c9f8a594a195c107b8d'
[    0.895531] Loaded X.509 cert 'Canonical Ltd. Secure Boot Signing (2021 v2): 4cf046892d6fd3c9a5b03f98d845f90851dc6a8c'
[    0.895541] Loaded X.509 cert 'Canonical Ltd. Secure Boot Signing (2021 v3): 100437bb6de6e469b581e61cd66bce3ef4ed53af'
[    0.895550] Loaded X.509 cert 'Canonical Ltd. Secure Boot Signing (Ubuntu Core 2019): c1d57b8f6b743f23ee41f4f7ee292f06eecadfb9'
[    0.896082] zswap: loaded using pool lzo/zbud
[    0.896266] Key type .fscrypt registered
[    0.896267] Key type fscrypt-provisioning registered
[    0.896458] Key type trusted registered
[    0.898746] Key type encrypted registered
[    0.898750] AppArmor: AppArmor sha1 policy hashing enabled
[    0.902679] integrity: Loading X.509 certificate: UEFI:db
[    0.902746] integrity: Loaded X.509 cert 'Acer Database: 84f00f5841571abd2cc11a8c26d5c9c8d2b6b0b5'
[    0.902748] integrity: Loading X.509 certificate: UEFI:db
[    0.902780] integrity: Loaded X.509 cert 'Microsoft Windows Production PCA 2011: a92902398e16c49778cd90f99e4f9ae17c55af53'
[    0.902781] integrity: Loading X.509 certificate: UEFI:db
[    0.902808] integrity: Loaded X.509 cert 'Microsoft Corporation UEFI CA 2011: 13adbf4309bd82709c8cd54f316ed522988a1bd4'
[    0.902809] integrity: Loading X.509 certificate: UEFI:db
[    0.902812] integrity: Problem loading X.509 certificate -65
[    0.902818] fbcon: Taking over console
[    0.902824] integrity: Error adding keys to platform keyring UEFI:db
[    0.902825] integrity: Loading X.509 certificate: UEFI:db
[    0.902828] integrity: Problem loading X.509 certificate -65
[    0.902831] integrity: Error adding keys to platform keyring UEFI:db
[    0.902832] integrity: Loading X.509 certificate: UEFI:db
[    0.902940] Console: switching to colour frame buffer device 240x67
[    0.903264] integrity: Loaded X.509 cert 'Linpus: linpus.com: 2e092cab5e97a89f94a6e272ec7267c267cf4483'
[    0.911208] Loading compiled-in module X.509 certificates
[    0.911655] Loaded X.509 cert 'Build time autogenerated kernel key: 1720a9d67aae12bb29796a8a7a9fcc35d3025424'
[    0.911656] ima: Allocated hash algorithm: sha1
[    0.948248] ima: No architecture policies found
[    0.948296] evm: Initialising EVM extended attributes:
[    0.948298] evm: security.selinux
[    0.948300] evm: security.SMACK64
[    0.948302] evm: security.SMACK64EXEC
[    0.948303] evm: security.SMACK64TRANSMUTE
[    0.948305] evm: security.SMACK64MMAP
[    0.948306] evm: security.apparmor
[    0.948307] evm: security.ima
[    0.948308] evm: security.capability
[    0.948310] evm: HMAC attrs: 0x1
[    0.950183] PM:   Magic number: 15:796:286
[    0.950192] ppp ppp: hash matches
[    0.950461] acpi_cpufreq: overriding BIOS provided _PSD data
[    0.951339] RAS: Correctable Errors collector initialized.
[    0.953217] Freeing unused decrypted memory: 2036K
[    0.953721] Freeing unused kernel image (initmem) memory: 3176K
[    0.973486] Write protecting the kernel read-only data: 32768k
[    0.974359] Freeing unused kernel image (text/rodata gap) memory: 2036K
[    0.974632] Freeing unused kernel image (rodata/data gap) memory: 980K
[    1.017371] x86/mm: Checked W+X mappings: passed, no W+X pages found.
[    1.017386] Run /init as init process
[    1.017389]   with arguments:
[    1.017390]     /init
[    1.017391]     splash
[    1.017391]   with environment:
[    1.017392]     HOME=/
[    1.017392]     TERM=linux
[    1.017393]     BOOT_IMAGE=/boot/vmlinuz-5.19.0-46-generic
[    1.070048] hid: raw HID events driver (C) Jiri Kosina
[    1.070752] acpi PNP0C14:01: duplicate WMI GUID 05901221-D566-11D1-B2F0-00A0C9062910 (first instance was on PNP0C14:00)
[    1.070983] ACPI: video: Video Device [VGA] (multi-head: yes  rom: no  post: no)
[    1.071352] acpi device:0f: registered as cooling_device16
[    1.071425] input: Video Bus as /devices/LNXSYSTM:00/LNXSYBUS:00/PNP0A08:00/device:0e/LNXVIDEO:00/input/input4
[    1.079835] piix4_smbus 0000:00:14.0: SMBus Host Controller at 0xb00, revision 0
[    1.079840] piix4_smbus 0000:00:14.0: Using register 0x02 for SMBus port selection
[    1.079949] xhci_hcd 0000:03:00.3: xHCI Host Controller
[    1.079965] xhci_hcd 0000:03:00.3: new USB bus registered, assigned bus number 1
[    1.079976] piix4_smbus 0000:00:14.0: Auxiliary SMBus Host Controller at 0xb20
[    1.080056] xhci_hcd 0000:03:00.3: hcc params 0x0268ffe5 hci version 0x110 quirks 0x0000020000000410
[    1.080495] xhci_hcd 0000:03:00.3: xHCI Host Controller
[    1.080503] xhci_hcd 0000:03:00.3: new USB bus registered, assigned bus number 2
[    1.080507] xhci_hcd 0000:03:00.3: Host supports USB 3.1 Enhanced SuperSpeed
[    1.080548] usb usb1: New USB device found, idVendor=1d6b, idProduct=0002, bcdDevice= 5.19
[    1.080551] usb usb1: New USB device strings: Mfr=3, Product=2, SerialNumber=1
[    1.080553] usb usb1: Product: xHCI Host Controller
[    1.080554] usb usb1: Manufacturer: Linux 5.19.0-46-generic xhci-hcd
[    1.080555] usb usb1: SerialNumber: 0000:03:00.3
[    1.080706] hub 1-0:1.0: USB hub found
[    1.080715] hub 1-0:1.0: 4 ports detected
[    1.080991] usb usb2: We don't know the algorithms for LPM for this host, disabling LPM.
[    1.081009] usb usb2: New USB device found, idVendor=1d6b, idProduct=0003, bcdDevice= 5.19
[    1.081011] usb usb2: New USB device strings: Mfr=3, Product=2, SerialNumber=1
[    1.081012] usb usb2: Product: xHCI Host Controller
[    1.081013] usb usb2: Manufacturer: Linux 5.19.0-46-generic xhci-hcd
[    1.081015] usb usb2: SerialNumber: 0000:03:00.3
[    1.081133] hub 2-0:1.0: USB hub found
[    1.081140] hub 2-0:1.0: 2 ports detected
[    1.081421] xhci_hcd 0000:03:00.4: xHCI Host Controller
[    1.081428] xhci_hcd 0000:03:00.4: new USB bus registered, assigned bus number 3
[    1.081513] xhci_hcd 0000:03:00.4: hcc params 0x0268ffe5 hci version 0x110 quirks 0x0000020000000410
[    1.081884] xhci_hcd 0000:03:00.4: xHCI Host Controller
[    1.081888] xhci_hcd 0000:03:00.4: new USB bus registered, assigned bus number 4
[    1.081891] xhci_hcd 0000:03:00.4: Host supports USB 3.1 Enhanced SuperSpeed
[    1.081922] usb usb3: New USB device found, idVendor=1d6b, idProduct=0002, bcdDevice= 5.19
[    1.081924] usb usb3: New USB device strings: Mfr=3, Product=2, SerialNumber=1
[    1.081925] usb usb3: Product: xHCI Host Controller
[    1.081926] usb usb3: Manufacturer: Linux 5.19.0-46-generic xhci-hcd
[    1.081928] usb usb3: SerialNumber: 0000:03:00.4
[    1.082053] hub 3-0:1.0: USB hub found
[    1.082061] hub 3-0:1.0: 4 ports detected
[    1.082331] usb usb4: We don't know the algorithms for LPM for this host, disabling LPM.
[    1.082349] usb usb4: New USB device found, idVendor=1d6b, idProduct=0003, bcdDevice= 5.19
[    1.082350] usb usb4: New USB device strings: Mfr=3, Product=2, SerialNumber=1
[    1.082352] usb usb4: Product: xHCI Host Controller
[    1.082353] usb usb4: Manufacturer: Linux 5.19.0-46-generic xhci-hcd
[    1.082354] usb usb4: SerialNumber: 0000:03:00.4
[    1.082448] hub 4-0:1.0: USB hub found
[    1.082454] hub 4-0:1.0: 2 ports detected
[    1.106799] ahci 0000:04:00.0: version 3.0
[    1.106962] ahci 0000:04:00.0: AHCI 0001.0301 32 slots 1 ports 6 Gbps 0x1 impl SATA mode
[    1.106964] ahci 0000:04:00.0: flags: 64bit ncq sntf ilck pm led clo only pmp fbs pio slum part 
[    1.107161] scsi host0: ahci
[    1.107213] ata1: SATA max UDMA/133 abar m2048@0xd0001000 port 0xd0001100 irq 58
[    1.107324] ahci 0000:04:00.1: AHCI 0001.0301 32 slots 1 ports 6 Gbps 0x1 impl SATA mode
[    1.107326] ahci 0000:04:00.1: flags: 64bit ncq sntf ilck pm led clo only pmp fbs pio slum part 
[    1.107466] scsi host1: ahci
[    1.107503] ata2: SATA max UDMA/133 abar m2048@0xd0000000 port 0xd0000100 irq 60
[    1.230092] input: SYNA7DAB:00 06CB:CD40 Mouse as /devices/platform/AMDI0010:03/i2c-0/i2c-SYNA7DAB:00/0018:06CB:CD40.0001/input/input5
[    1.230174] input: SYNA7DAB:00 06CB:CD40 Touchpad as /devices/platform/AMDI0010:03/i2c-0/i2c-SYNA7DAB:00/0018:06CB:CD40.0001/input/input6
[    1.230245] hid-generic 0018:06CB:CD40.0001: input,hidraw0: I2C HID v1.00 Mouse [SYNA7DAB:00 06CB:CD40] on i2c-SYNA7DAB:00
[    1.307896] usb 1-2: new high-speed USB device number 2 using xhci_hcd
[    1.307913] usb 3-4: new high-speed USB device number 2 using xhci_hcd
[    1.343909] tsc: Refined TSC clocksource calibration: 1800.424 MHz
[    1.343929] clocksource: tsc: mask: 0xffffffffffffffff max_cycles: 0x19f3ba1d940, max_idle_ns: 440795289272 ns
[    1.344244] clocksource: Switched to clocksource tsc
[    1.415418] ata1: SATA link down (SStatus 0 SControl 300)
[    1.415487] ata2: SATA link down (SStatus 0 SControl 300)
[    1.418453] nvme 0000:02:00.0: platform quirk: setting simple suspend
[    1.418499] nvme nvme0: pci function 0000:02:00.0
[    1.434437] nvme nvme0: missing or invalid SUBNQN field.
[    1.463541] usb 1-2: New USB device found, idVendor=2109, idProduct=2815, bcdDevice= 7.04
[    1.463547] usb 1-2: New USB device strings: Mfr=1, Product=2, SerialNumber=0
[    1.463550] usb 1-2: Product: USB2.0 Hub             
[    1.463552] usb 1-2: Manufacturer: VIA Labs, Inc.         
[    1.464327] usb 3-4: New USB device found, idVendor=1c7a, idProduct=0575, bcdDevice=10.72
[    1.464335] usb 3-4: New USB device strings: Mfr=1, Product=2, SerialNumber=3
[    1.464338] usb 3-4: Product: EgisTec EH575
[    1.464341] usb 3-4: Manufacturer: EgisTec
[    1.464343] usb 3-4: SerialNumber: 0E761254
[    1.468107] nvme nvme0: 8/0/0 default/read/poll queues
[    1.471274]  nvme0n1: p1 p2 p3 p4 p5
[    1.496876] hub 1-2:1.0: USB hub found
[    1.497115] hub 1-2:1.0: 4 ports detected
[    1.592409] usb 2-2: new SuperSpeed USB device number 2 using xhci_hcd
[    1.710222] usb 2-2: New USB device found, idVendor=2109, idProduct=0815, bcdDevice= 7.04
[    1.710227] usb 2-2: New USB device strings: Mfr=1, Product=2, SerialNumber=0
[    1.710228] usb 2-2: Product: USB3.0 Hub             
[    1.710229] usb 2-2: Manufacturer: VIA Labs, Inc.         
[    1.736334] hub 2-2:1.0: USB hub found
[    1.736552] hub 2-2:1.0: 4 ports detected
[    1.835922] usb 1-3: new high-speed USB device number 3 using xhci_hcd
[    2.002692] usb 1-3: New USB device found, idVendor=04f2, idProduct=b6dd, bcdDevice=27.10
[    2.002702] usb 1-3: New USB device strings: Mfr=3, Product=1, SerialNumber=2
[    2.002705] usb 1-3: Product: HD User Facing
[    2.002708] usb 1-3: Manufacturer: Chicony Electronics Co.,Ltd.
[    2.002711] usb 1-3: SerialNumber: 0001
[    2.111888] clocksource: timekeeping watchdog on CPU3: Marking clocksource 'tsc' as unstable because the skew is too large:
[    2.111898] clocksource:                       'hpet' wd_nsec: 509080134 wd_now: 1c4e231 wd_last: 155a924 mask: ffffffff
[    2.111903] clocksource:                       'tsc' cs_nsec: 508006161 cs_now: 7b92b7790 cs_last: 782a76008 mask: ffffffffffffffff
[    2.111906] clocksource:                       'tsc' is current clocksource.
[    2.111919] tsc: Marking TSC unstable due to clocksource watchdog
[    2.111937] TSC found unstable after boot, most likely due to broken BIOS. Use 'tsc=unstable'.
[    2.111939] sched_clock: Marking unstable (2111631100, 305939)<-(2140825388, -28888712)
[    2.112386] clocksource: Checking clocksource tsc synchronization from CPU 6 to CPUs 0-1,3,10,12-13.
[    2.112542] clocksource: Switched to clocksource hpet
[    2.167912] usb 1-4: new high-speed USB device number 4 using xhci_hcd
[    2.319562] usb 1-4: New USB device found, idVendor=04ca, idProduct=3802, bcdDevice= 1.00
[    2.319573] usb 1-4: New USB device strings: Mfr=5, Product=6, SerialNumber=7
[    2.319577] usb 1-4: Product: Wireless_Device
[    2.319580] usb 1-4: Manufacturer: MediaTek Inc.
[    2.319582] usb 1-4: SerialNumber: 000000000
[    2.443920] usb 1-2.1: new high-speed USB device number 5 using xhci_hcd
[    2.897846] usb 1-2.1: New USB device found, idVendor=0bda, idProduct=58b0, bcdDevice= 7.01
[    2.897857] usb 1-2.1: New USB device strings: Mfr=3, Product=1, SerialNumber=2
[    2.897861] usb 1-2.1: Product: FULL HD 1080P Webcam
[    2.897864] usb 1-2.1: Manufacturer: Generic
[    2.897866] usb 1-2.1: SerialNumber: 200901010001
[    3.067913] usb 1-2.2: new full-speed USB device number 6 using xhci_hcd
[    3.235304] usb 1-2.2: New USB device found, idVendor=046d, idProduct=c534, bcdDevice=29.01
[    3.235313] usb 1-2.2: New USB device strings: Mfr=1, Product=2, SerialNumber=0
[    3.235316] usb 1-2.2: Product: USB Receiver
[    3.235318] usb 1-2.2: Manufacturer: Logitech
[    3.451917] usb 1-2.3: new low-speed USB device number 7 using xhci_hcd
[    3.621321] usb 1-2.3: New USB device found, idVendor=413c, idProduct=2113, bcdDevice= 1.10
[    3.621332] usb 1-2.3: New USB device strings: Mfr=0, Product=2, SerialNumber=0
[    3.621336] usb 1-2.3: Product: Dell KB216 Wired Keyboard
[    3.725547] input: Logitech USB Receiver as /devices/pci0000:00/0000:00:08.1/0000:03:00.3/usb1/1-2/1-2.2/1-2.2:1.0/0003:046D:C534.0002/input/input8
[    3.784507] hid-generic 0003:046D:C534.0002: input,hidraw1: USB HID v1.11 Keyboard [Logitech USB Receiver] on usb-0000:03:00.3-2.2/input0
[    3.788737] input: Logitech USB Receiver Mouse as /devices/pci0000:00/0000:00:08.1/0000:03:00.3/usb1/1-2/1-2.2/1-2.2:1.1/0003:046D:C534.0003/input/input9
[    3.788890] input: Logitech USB Receiver Consumer Control as /devices/pci0000:00/0000:00:08.1/0000:03:00.3/usb1/1-2/1-2.2/1-2.2:1.1/0003:046D:C534.0003/input/input10
[    3.848288] input: Logitech USB Receiver System Control as /devices/pci0000:00/0000:00:08.1/0000:03:00.3/usb1/1-2/1-2.2/1-2.2:1.1/0003:046D:C534.0003/input/input11
[    3.848678] hid-generic 0003:046D:C534.0003: input,hiddev0,hidraw2: USB HID v1.11 Mouse [Logitech USB Receiver] on usb-0000:03:00.3-2.2/input1
[    3.854634] input: Dell KB216 Wired Keyboard as /devices/pci0000:00/0000:00:08.1/0000:03:00.3/usb1/1-2/1-2.3/1-2.3:1.0/0003:413C:2113.0004/input/input14
[    3.912326] hid-generic 0003:413C:2113.0004: input,hidraw3: USB HID v1.11 Keyboard [Dell KB216 Wired Keyboard] on usb-0000:03:00.3-2.3/input0
[    3.916628] input: Dell KB216 Wired Keyboard Consumer Control as /devices/pci0000:00/0000:00:08.1/0000:03:00.3/usb1/1-2/1-2.3/1-2.3:1.1/0003:413C:2113.0005/input/input15
[    3.976339] input: Dell KB216 Wired Keyboard System Control as /devices/pci0000:00/0000:00:08.1/0000:03:00.3/usb1/1-2/1-2.3/1-2.3:1.1/0003:413C:2113.0005/input/input16
[    3.976596] hid-generic 0003:413C:2113.0005: input,hidraw4: USB HID v1.11 Device [Dell KB216 Wired Keyboard] on usb-0000:03:00.3-2.3/input1
[    3.976691] usbcore: registered new interface driver usbhid
[    3.976694] usbhid: USB HID core driver
[    4.076813] logitech-djreceiver 0003:046D:C534.0002: hidraw1: USB HID v1.11 Keyboard [Logitech USB Receiver] on usb-0000:03:00.3-2.2/input0
[    4.252611] logitech-djreceiver 0003:046D:C534.0003: hiddev0,hidraw2: USB HID v1.11 Mouse [Logitech USB Receiver] on usb-0000:03:00.3-2.2/input1
[    4.313668] logitech-djreceiver 0003:046D:C534.0003: device of type eQUAD nano Lite (0x0a) connected on slot 2
[    4.314406] input: Logitech Wireless Mouse PID:4091 Mouse as /devices/pci0000:00/0000:00:08.1/0000:03:00.3/usb1/1-2/1-2.2/1-2.2:1.1/0003:046D:C534.0003/0003:046D:4091.0006/input/input17
[    4.315064] hid-generic 0003:046D:4091.0006: input,hidraw5: USB HID v1.11 Mouse [Logitech Wireless Mouse PID:4091] on usb-0000:03:00.3-2.2/input1:2
[    4.401558] input: Logitech Wireless Mouse as /devices/pci0000:00/0000:00:08.1/0000:03:00.3/usb1/1-2/1-2.2/1-2.2:1.1/0003:046D:C534.0003/0003:046D:4091.0006/input/input21
[    4.402129] logitech-hidpp-device 0003:046D:4091.0006: input,hidraw5: USB HID v1.11 Mouse [Logitech Wireless Mouse] on usb-0000:03:00.3-2.2/input1:2
[    4.466749] EXT4-fs (nvme0n1p5): mounted filesystem with ordered data mode. Quota mode: none.
[    4.555700] systemd[1]: RTC configured in localtime, applying delta of -360 minutes to system time.
[    4.566850] systemd[1]: Inserted module 'autofs4'
[    4.594801] systemd[1]: systemd 249.11-0ubuntu3.9 running in system mode (+PAM +AUDIT +SELINUX +APPARMOR +IMA +SMACK +SECCOMP +GCRYPT +GNUTLS +OPENSSL +ACL +BLKID +CURL +ELFUTILS +FIDO2 +IDN2 -IDN +IPTC +KMOD +LIBCRYPTSETUP +LIBFDISK +PCRE2 -PWQUALITY -P11KIT -QRENCODE +BZIP2 +LZ4 +XZ +ZLIB +ZSTD -XKBCOMMON +UTMP +SYSVINIT default-hierarchy=unified)
[    4.594875] systemd[1]: Detected architecture x86-64.
[    4.595536] systemd[1]: Hostname set to <dill>.
[    4.704136] systemd[1]: Queued start job for default target Graphical Interface.
[    4.705160] systemd[1]: Created slice Slice /system/modprobe.
[    4.705399] systemd[1]: Created slice Slice /system/systemd-fsck.
[    4.705557] systemd[1]: Created slice User and Session Slice.
[    4.705612] systemd[1]: Started Forward Password Requests to Wall Directory Watch.
[    4.705752] systemd[1]: Set up automount Arbitrary Executable File Formats File System Automount Point.
[    4.705812] systemd[1]: Reached target User and Group Name Lookups.
[    4.705835] systemd[1]: Reached target Remote File Systems.
[    4.705852] systemd[1]: Reached target Slice Units.
[    4.705873] systemd[1]: Reached target Mounting snaps.
[    4.705901] systemd[1]: Reached target Local Verity Protected Volumes.
[    4.706004] systemd[1]: Listening on Syslog Socket.
[    4.706079] systemd[1]: Listening on fsck to fsckd communication Socket.
[    4.706124] systemd[1]: Listening on initctl Compatibility Named Pipe.
[    4.706245] systemd[1]: Listening on Journal Audit Socket.
[    4.706302] systemd[1]: Listening on Journal Socket (/dev/log).
[    4.706375] systemd[1]: Listening on Journal Socket.
[    4.706609] systemd[1]: Listening on udev Control Socket.
[    4.706678] systemd[1]: Listening on udev Kernel Socket.
[    4.707169] systemd[1]: Mounting Huge Pages File System...
[    4.707918] systemd[1]: Mounting POSIX Message Queue File System...
[    4.708517] systemd[1]: Mounting Kernel Debug File System...
[    4.709095] systemd[1]: Mounting Kernel Trace File System...
[    4.710366] systemd[1]: Starting Journal Service...
[    4.711132] systemd[1]: Starting Set the console keyboard layout...
[    4.711799] systemd[1]: Starting Create List of Static Device Nodes...
[    4.712412] systemd[1]: Starting Load Kernel Module chromeos_pstore...
[    4.712975] systemd[1]: Starting Load Kernel Module configfs...
[    4.713550] systemd[1]: Starting Load Kernel Module drm...
[    4.714197] systemd[1]: Starting Load Kernel Module efi_pstore...
[    4.714895] systemd[1]: Starting Load Kernel Module fuse...
[    4.715604] systemd[1]: Starting Load Kernel Module pstore_blk...
[    4.716601] systemd[1]: Starting Load Kernel Module pstore_zone...
[    4.717379] systemd[1]: Starting Load Kernel Module ramoops...
[    4.717568] systemd[1]: Condition check resulted in File System Check on Root Device being skipped.
[    4.718765] systemd[1]: Starting Load Kernel Modules...
[    4.719500] systemd[1]: Starting Remount Root and Kernel File Systems...
[    4.720275] systemd[1]: Starting Coldplug All udev Devices...
[    4.721711] systemd[1]: Mounted Huge Pages File System.
[    4.721829] systemd[1]: Mounted POSIX Message Queue File System.
[    4.721900] systemd[1]: Mounted Kernel Debug File System.
[    4.721958] systemd[1]: Mounted Kernel Trace File System.
[    4.722247] systemd[1]: Finished Create List of Static Device Nodes.
[    4.722617] systemd[1]: modprobe@configfs.service: Deactivated successfully.
[    4.723024] systemd[1]: Finished Load Kernel Module configfs.
[    4.723459] systemd[1]: modprobe@fuse.service: Deactivated successfully.
[    4.723795] systemd[1]: Finished Load Kernel Module fuse.
[    4.724319] systemd[1]: modprobe@pstore_blk.service: Deactivated successfully.
[    4.724646] systemd[1]: Finished Load Kernel Module pstore_blk.
[    4.725035] systemd[1]: modprobe@pstore_zone.service: Deactivated successfully.
[    4.725353] systemd[1]: Finished Load Kernel Module pstore_zone.
[    4.726152] pstore: Using crash dump compression: deflate
[    4.726167] pstore: Registered efi as persistent store backend
[    4.726329] EXT4-fs (nvme0n1p5): re-mounted. Quota mode: none.
[    4.726471] systemd[1]: Mounting FUSE Control File System...
[    4.727096] systemd[1]: Mounting Kernel Configuration File System...
[    4.728665] systemd[1]: Finished Remount Root and Kernel File Systems.
[    4.728798] systemd[1]: Mounted FUSE Control File System.
[    4.728864] systemd[1]: Mounted Kernel Configuration File System.
[    4.729586] systemd[1]: Activating swap /swapfile...
[    4.730292] systemd[1]: Starting Load/Save Random Seed...
[    4.730985] systemd[1]: Starting Create System Users...
[    4.732601] systemd[1]: modprobe@efi_pstore.service: Deactivated successfully.
[    4.732669] ACPI: bus type drm_connector registered
[    4.732835] systemd[1]: Finished Load Kernel Module efi_pstore.
[    4.733133] systemd[1]: modprobe@ramoops.service: Deactivated successfully.
[    4.733354] systemd[1]: Finished Load Kernel Module ramoops.
[    4.733581] systemd[1]: modprobe@drm.service: Deactivated successfully.
[    4.733759] systemd[1]: Finished Load Kernel Module drm.
[    4.734828] Adding 2097148k swap on /swapfile.  Priority:-2 extents:11 across:84017152k SSFS
[    4.734868] systemd[1]: Activated swap /swapfile.
[    4.734920] systemd[1]: Reached target Swaps.
[    4.738206] lp: driver loaded but no devices found
[    4.743525] ppdev: user-space parallel port driver
[    4.743920] systemd[1]: Finished Load/Save Random Seed.
[    4.744108] systemd[1]: Condition check resulted in First Boot Complete being skipped.
[    4.744446] systemd[1]: Finished Set the console keyboard layout.
[    4.746145] systemd[1]: Finished Create System Users.
[    4.746881] systemd[1]: Starting Create Static Device Nodes in /dev...
[    4.750773] systemd[1]: Finished Load Kernel Modules.
[    4.751963] systemd[1]: Starting Apply Kernel Variables...
[    4.755152] systemd[1]: Finished Create Static Device Nodes in /dev.
[    4.755319] systemd[1]: Reached target Preparation for Local File Systems.
[    4.757113] systemd[1]: Mounting Mount unit for bare, revision 5...
[    4.758087] systemd[1]: Mounting Mount unit for chromium, revision 2076...
[    4.759035] systemd[1]: Mounting Mount unit for chromium, revision 2392...
[    4.759889] loop0: detected capacity change from 0 to 8
[    4.760019] loop1: detected capacity change from 0 to 291304
[    4.760168] systemd[1]: Mounting Mount unit for core20, revision 1828...
[    4.760371] loop2: detected capacity change from 0 to 304168
[    4.761362] systemd[1]: Mounting Mount unit for core20, revision 1974...
[    4.762216] loop3: detected capacity change from 0 to 129608
[    4.762907] systemd[1]: Mounting Mount unit for core22, revision 547...
[    4.763971] loop4: detected capacity change from 0 to 129944
[    4.764042] systemd[1]: Mounting Mount unit for core22, revision 766...
[    4.764210] loop5: detected capacity change from 0 to 149312
[    4.765471] systemd[1]: Mounting Mount unit for cups, revision 872...
[    4.765840] loop6: detected capacity change from 0 to 151248
[    4.766288] systemd[1]: Mounting Mount unit for cups, revision 962...
[    4.767204] loop7: detected capacity change from 0 to 112704
[    4.767397] systemd[1]: Mounting Mount unit for discord, revision 150...
[    4.768579] loop8: detected capacity change from 0 to 136320
[    4.768632] systemd[1]: Mounting Mount unit for discord, revision 153...
[    4.769761] systemd[1]: Mounting Mount unit for firefox, revision 1794...
[    4.770718] loop10: detected capacity change from 0 to 167080
[    4.770718] loop9: detected capacity change from 0 to 198632
[    4.770861] systemd[1]: Mounting Mount unit for firefox, revision 1810...
[    4.772439] systemd[1]: Mounting Mount unit for gnome-3-38-2004, revision 119...
[    4.773151] loop11: detected capacity change from 0 to 362528
[    4.773569] loop12: detected capacity change from 0 to 362240
[    4.773755] systemd[1]: Mounting Mount unit for gnome-3-38-2004, revision 140...
[    4.775399] systemd[1]: Mounting Mount unit for gnome-42-2204, revision 111...
[    4.775420] loop13: detected capacity change from 0 to 709280
[    4.775795] loop14: detected capacity change from 0 to 716168
[    4.776511] systemd[1]: Mounting Mount unit for gnome-42-2204, revision 65...
[    4.777839] systemd[1]: Mounting Mount unit for gtk-common-themes, revision 1535...
[    4.777839] loop15: detected capacity change from 0 to 955472
[    4.778921] loop16: detected capacity change from 0 to 942640
[    4.779215] systemd[1]: Mounting Mount unit for kde-frameworks-5-qt-5-15-3-core20, revision 8...
[    4.780048] loop17: detected capacity change from 0 to 187776
[    4.780824] systemd[1]: Mounting Mount unit for kf5-5-105-qt-5-15-9-core22, revision 11...
[    4.781931] loop18: detected capacity change from 0 to 868688
[    4.782173] systemd[1]: Mounting Mount unit for snap-store, revision 638...
[    4.783243] systemd[1]: Mounting Mount unit for snap-store, revision 959...
[    4.783666] loop19: detected capacity change from 0 to 919392
[    4.784255] systemd[1]: Mounting Mount unit for snapd, revision 18357...
[    4.784307] loop20: detected capacity change from 0 to 94064
[    4.785496] systemd[1]: Mounting Mount unit for snapd-desktop-integration, revision 49...
[    4.785544] loop21: detected capacity change from 0 to 25240
[    4.786602] loop22: detected capacity change from 0 to 102072
[    4.786618] systemd[1]: Mounting Mount unit for snapd-desktop-integration, revision 83...
[    4.788030] loop23: detected capacity change from 0 to 608
[    4.788260] systemd[1]: Mounting Mount unit for spectacle, revision 145...
[    4.788895] loop24: detected capacity change from 0 to 904
[    4.789307] systemd[1]: Mounting Mount unit for spectacle, revision 171...
[    4.790595] loop25: detected capacity change from 0 to 229952
[    4.790705] systemd[1]: Starting Rule-based Manager for Device Events and Files...
[    4.791528] systemd[1]: Started Journal Service.
[    4.791745] loop26: detected capacity change from 0 to 371840
[    4.808334] systemd-journald[508]: Received client request to flush runtime journal.
[    4.895644] input: Acer Wireless Radio Control as /devices/LNXSYSTM:00/10251229:00/input/input22
[    4.918400] ccp 0000:03:00.2: enabling device (0000 -> 0002)
[    4.921292] ccp 0000:03:00.2: ccp: unable to access the device: you might be running a broken BIOS.
[    4.931462] ccp 0000:03:00.2: tee enabled
[    4.931469] ccp 0000:03:00.2: psp enabled
[    4.939515] snd_rn_pci_acp3x 0000:03:00.5: enabling device (0000 -> 0002)
[    5.004286] mc: Linux media interface: v0.10
[    5.005816] cfg80211: Loading compiled-in X.509 certificates for regulatory database
[    5.006007] cfg80211: Loaded X.509 cert 'sforshee: 00b28ddf47aef9cea7'
[    5.010082] acer_wmi: Acer Laptop ACPI-WMI Extras
[    5.010104] RAPL PMU: API unit is 2^-32 Joules, 1 fixed counters, 163840 ms ovfl timer
[    5.010109] RAPL PMU: hw unit of domain package 2^-16 Joules
[    5.010143] acer_wmi: Function bitmap for Communication Button: 0x801
[    5.025011] input: Acer WMI hotkeys as /devices/virtual/input/input23
[    5.025084] cryptd: max_cpu_qlen set to 1000
[    5.037678] videodev: Linux video capture interface: v2.00
[    5.054758] AVX2 version of gcm_enc/dec engaged.
[    5.054850] AES CTR mode by8 optimization enabled
[    5.054886] Bluetooth: Core ver 2.22
[    5.054917] NET: Registered PF_BLUETOOTH protocol family
[    5.054918] Bluetooth: HCI device and connection manager initialized
[    5.054924] Bluetooth: HCI socket layer initialized
[    5.054927] Bluetooth: L2CAP socket layer initialized
[    5.054931] Bluetooth: SCO socket layer initialized
[    5.114542] AMD-Vi: AMD IOMMUv2 loaded and initialized
[    5.117040] usb 1-2.1: current rate 48000 is different from the runtime rate 8000
[    5.134776] audit: type=1400 audit(1688595468.762:2): apparmor="STATUS" operation="profile_load" profile="unconfined" name="libreoffice-xpdfimport" pid=839 comm="apparmor_parser"
[    5.134838] audit: type=1400 audit(1688595468.762:3): apparmor="STATUS" operation="profile_load" profile="unconfined" name="libreoffice-senddoc" pid=837 comm="apparmor_parser"
[    5.135021] audit: type=1400 audit(1688595468.762:4): apparmor="STATUS" operation="profile_load" profile="unconfined" name="/usr/sbin/haveged" pid=843 comm="apparmor_parser"
[    5.135299] audit: type=1400 audit(1688595468.762:5): apparmor="STATUS" operation="profile_load" profile="unconfined" name="nvidia_modprobe" pid=830 comm="apparmor_parser"
[    5.135303] audit: type=1400 audit(1688595468.762:6): apparmor="STATUS" operation="profile_load" profile="unconfined" name="nvidia_modprobe//kmod" pid=830 comm="apparmor_parser"
[    5.135394] audit: type=1400 audit(1688595468.762:7): apparmor="STATUS" operation="profile_load" profile="unconfined" name="lsb_release" pid=827 comm="apparmor_parser"
[    5.135680] audit: type=1400 audit(1688595468.762:8): apparmor="STATUS" operation="profile_load" profile="unconfined" name="/usr/lib/snapd/snap-confine" pid=840 comm="apparmor_parser"
[    5.135686] audit: type=1400 audit(1688595468.762:9): apparmor="STATUS" operation="profile_load" profile="unconfined" name="/usr/lib/snapd/snap-confine//mount-namespace-capture-helper" pid=840 comm="apparmor_parser"
[    5.136043] audit: type=1400 audit(1688595468.766:10): apparmor="STATUS" operation="profile_load" profile="unconfined" name="libreoffice-oosplash" pid=836 comm="apparmor_parser"
[    5.178790] snd_hda_intel 0000:03:00.1: enabling device (0000 -> 0002)
[    5.180728] mt7921e 0000:01:00.0: enabling device (0000 -> 0002)
[    5.180744] snd_hda_intel 0000:03:00.1: Handle vga_switcheroo audio client
[    5.180953] snd_hda_intel 0000:03:00.6: enabling device (0000 -> 0002)
[    5.184366] SVM: TSC scaling supported
[    5.184372] kvm: Nested Virtualization enabled
[    5.184373] SVM: kvm: Nested Paging enabled
[    5.184392] SVM: Virtual VMLOAD VMSAVE supported
[    5.184393] SVM: Virtual GIF supported
[    5.184393] SVM: LBR virtualization supported
[    5.187315] usb 1-3: Found UVC 1.10 device HD User Facing (04f2:b6dd)
[    5.193737] input: HD-Audio Generic HDMI/DP,pcm=3 as /devices/pci0000:00/0000:00:08.1/0000:03:00.1/sound/card0/input24
[    5.199285] MCE: In-kernel MCE decoding enabled.
[    5.203942] mt7921e 0000:01:00.0: ASIC revision: 79610010
[    5.209524] intel_rapl_common: Found RAPL domain package
[    5.209530] intel_rapl_common: Found RAPL domain core
[    5.210149] snd_hda_codec_realtek hdaudioC2D0: autoconfig for ALC255: line_outs=1 (0x14/0x0/0x0/0x0/0x0) type:speaker
[    5.210155] snd_hda_codec_realtek hdaudioC2D0:    speaker_outs=0 (0x0/0x0/0x0/0x0/0x0)
[    5.210157] snd_hda_codec_realtek hdaudioC2D0:    hp_outs=1 (0x21/0x0/0x0/0x0/0x0)
[    5.210159] snd_hda_codec_realtek hdaudioC2D0:    mono: mono_out=0x0
[    5.210160] snd_hda_codec_realtek hdaudioC2D0:    inputs:
[    5.289162] mt7921e 0000:01:00.0: HW/SW Version: 0x8a108a10, Build Time: 20220209150832a

[    5.300467] mt7921e 0000:01:00.0: WM Firmware Version: ____010000, Build Time: 20220209150915
[    5.309023] kauditd_printk_skb: 21 callbacks suppressed
[    5.309031] audit: type=1400 audit(1688595468.938:32): apparmor="STATUS" operation="profile_load" profile="unconfined" name="snap-update-ns.cups" pid=882 comm="apparmor_parser"
[    5.310027] audit: type=1400 audit(1688595468.938:33): apparmor="STATUS" operation="profile_load" profile="unconfined" name="/snap/snapd/18357/usr/lib/snapd/snap-confine" pid=880 comm="apparmor_parser"
[    5.310043] audit: type=1400 audit(1688595468.938:34): apparmor="STATUS" operation="profile_load" profile="unconfined" name="/snap/snapd/18357/usr/lib/snapd/snap-confine//mount-namespace-capture-helper" pid=880 comm="apparmor_parser"
[    5.310778] audit: type=1400 audit(1688595468.938:35): apparmor="STATUS" operation="profile_load" profile="unconfined" name="snap-update-ns.spectacle" pid=887 comm="apparmor_parser"
[    5.310938] audit: type=1400 audit(1688595468.938:36): apparmor="STATUS" operation="profile_load" profile="unconfined" name="snap.cups.accept" pid=891 comm="apparmor_parser"
[    5.311381] audit: type=1400 audit(1688595468.938:37): apparmor="STATUS" operation="profile_load" profile="unconfined" name="snap.cups.cancel" pid=892 comm="apparmor_parser"
[    5.311435] audit: type=1400 audit(1688595468.938:38): apparmor="STATUS" operation="profile_load" profile="unconfined" name="snap.cups.cupsaccept" pid=894 comm="apparmor_parser"
[    5.312357] audit: type=1400 audit(1688595468.942:39): apparmor="STATUS" operation="profile_load" profile="unconfined" name="snap.cups.cupsctl" pid=895 comm="apparmor_parser"
[    5.312526] audit: type=1400 audit(1688595468.942:40): apparmor="STATUS" operation="profile_load" profile="unconfined" name="snap-update-ns.discord" pid=883 comm="apparmor_parser"
[    5.313047] audit: type=1400 audit(1688595468.942:41): apparmor="STATUS" operation="profile_load" profile="unconfined" name="snap-update-ns.firefox" pid=884 comm="apparmor_parser"
[    5.344287] input: SYNA7DAB:00 06CB:CD40 Mouse as /devices/platform/AMDI0010:03/i2c-0/i2c-SYNA7DAB:00/0018:06CB:CD40.0001/input/input25
[    5.344394] input: SYNA7DAB:00 06CB:CD40 Touchpad as /devices/platform/AMDI0010:03/i2c-0/i2c-SYNA7DAB:00/0018:06CB:CD40.0001/input/input26
[    5.344528] hid-multitouch 0018:06CB:CD40.0001: input,hidraw0: I2C HID v1.00 Mouse [SYNA7DAB:00 06CB:CD40] on i2c-SYNA7DAB:00
[    6.104274] usbcore: registered new interface driver btusb
[    6.105354] usb 1-2.1: current rate 48000 is different from the runtime rate 16000
[    6.105641] input: HD User Facing: HD User Facing as /devices/pci0000:00/0000:00:08.1/0000:03:00.3/usb1/1-3/1-3:1.0/input/input29
[    6.131200] mt7921e 0000:01:00.0 wlp1s0: renamed from wlan0
[    6.198987] loop27: detected capacity change from 0 to 8
[    6.242037] Bluetooth: hci0: Device setup in 138162 usecs
[    6.451429] input: HD-Audio Generic Front Headphone as /devices/pci0000:00/0000:00:08.1/0000:03:00.6/sound/card2/input28
[    6.459831] [drm] amdgpu kernel modesetting enabled.
[    6.461843] amdgpu: Virtual CRAT table created for CPU
[    6.461861] amdgpu: Topology: Add CPU node
[    6.461979] amdgpu 0000:03:00.0: enabling device (0006 -> 0007)
[    6.462040] [drm] initializing kernel modesetting (RENOIR 0x1002:0x164C 0x1025:0x1537 0xC1).
[    6.462077] [drm] register mmio base: 0xD0400000
[    6.462078] [drm] register mmio size: 524288
[    6.463667] [drm] add ip block number 0 <soc15_common>
[    6.463672] [drm] add ip block number 1 <gmc_v9_0>
[    6.463674] [drm] add ip block number 2 <vega10_ih>
[    6.463675] [drm] add ip block number 3 <psp>
[    6.463677] [drm] add ip block number 4 <smu>
[    6.463679] [drm] add ip block number 5 <dm>
[    6.463680] [drm] add ip block number 6 <gfx_v9_0>
[    6.463681] [drm] add ip block number 7 <sdma_v4_0>
[    6.463683] [drm] add ip block number 8 <vcn_v2_0>
[    6.463684] [drm] add ip block number 9 <jpeg_v2_0>
[    6.463705] amdgpu 0000:03:00.0: amdgpu: Fetched VBIOS from VFCT
[    6.463708] amdgpu: ATOM BIOS: 113-LUCIENNE-014
[    6.465219] [drm] VCN decode is enabled in VM mode
[    6.465223] [drm] VCN encode is enabled in VM mode
[    6.465224] [drm] JPEG decode is enabled in VM mode
[    6.465500] Console: switching to colour dummy device 80x25
[    6.465535] amdgpu 0000:03:00.0: vgaarb: deactivate vga console
[    6.465538] amdgpu 0000:03:00.0: amdgpu: Trusted Memory Zone (TMZ) feature enabled
[    6.465542] amdgpu 0000:03:00.0: amdgpu: PCIE atomic ops is not supported
[    6.465552] amdgpu 0000:03:00.0: amdgpu: MODE2 reset
[    6.465617] [drm] vm size is 262144 GB, 4 levels, block size is 9-bit, fragment size is 9-bit
[    6.465630] amdgpu 0000:03:00.0: amdgpu: VRAM: 512M 0x000000F400000000 - 0x000000F41FFFFFFF (512M used)
[    6.465632] amdgpu 0000:03:00.0: amdgpu: GART: 1024M 0x0000000000000000 - 0x000000003FFFFFFF
[    6.465633] amdgpu 0000:03:00.0: amdgpu: AGP: 267419648M 0x000000F800000000 - 0x0000FFFFFFFFFFFF
[    6.465639] [drm] Detected VRAM RAM=512M, BAR=512M
[    6.465640] [drm] RAM width 128bits LPDDR4
[    6.465705] [drm] amdgpu: 512M of VRAM memory ready
[    6.465706] [drm] amdgpu: 3640M of GTT memory ready.
[    6.465721] [drm] GART: num cpu pages 262144, num gpu pages 262144
[    6.465846] [drm] PCIE GART of 1024M enabled.
[    6.465848] [drm] PTB located at 0x000000F400900000
[    6.467390] amdgpu 0000:03:00.0: amdgpu: PSP runtime database doesn't exist
[    6.467400] amdgpu 0000:03:00.0: amdgpu: PSP runtime database doesn't exist
[    6.468379] [drm] Loading DMUB firmware via PSP: version=0x0101001F
[    6.474569] [drm] Found VCN firmware Version ENC: 1.16 DEC: 5 VEP: 0 Revision: 3
[    6.474602] amdgpu 0000:03:00.0: amdgpu: Will use PSP to load VCN firmware
[    6.526172] Bluetooth: hci0: AOSP extensions version v0.96
[    6.526179] Bluetooth: hci0: AOSP quality report is not supported
[    6.531522] Bluetooth: BNEP (Ethernet Emulation) ver 1.3
[    6.531528] Bluetooth: BNEP filters: protocol multicast
[    6.531534] Bluetooth: BNEP socket layer initialized
[    6.536781] NET: Registered PF_ALG protocol family
[    7.097181] usb 1-2.1: current rate 48000 is different from the runtime rate 44100
[    7.188647] [drm] reserve 0x400000 from 0xf41fb00000 for PSP TMR
[    7.274160] amdgpu 0000:03:00.0: amdgpu: RAS: optional ras ta ucode is not available
[    7.283244] amdgpu 0000:03:00.0: amdgpu: RAP: optional rap ta ucode is not available
[    7.283248] amdgpu 0000:03:00.0: amdgpu: SECUREDISPLAY: securedisplay ta ucode is not available
[    7.283452] amdgpu 0000:03:00.0: amdgpu: SMU is initialized successfully!
[    7.284306] [drm] Display Core initialized with v3.2.187!
[    7.284960] [drm] DMUB hardware initialized: version=0x0101001F
[    7.304743] snd_hda_intel 0000:03:00.1: bound 0000:03:00.0 (ops amdgpu_dm_audio_component_bind_ops [amdgpu])
[    7.496018] [drm] kiq ring mec 2 pipe 1 q 0
[    7.498687] [drm] VCN decode and encode initialized successfully(under DPG Mode).
[    7.498705] [drm] JPEG decode initialized successfully.
[    7.500330] kfd kfd: amdgpu: Allocated 3969056 bytes on gart
[    7.500419] amdgpu: sdma_bitmap: 3
[    7.547075] memmap_init_zone_device initialised 131072 pages in 0ms
[    7.547084] amdgpu: HMM registered 512MB device memory
[    7.547120] amdgpu: SRAT table not found
[    7.547120] amdgpu: Virtual CRAT table created for GPU
[    7.547791] amdgpu: Topology: Add dGPU node [0x164c:0x1002]
[    7.547798] kfd kfd: amdgpu: added device 1002:164c
[    7.547910] amdgpu 0000:03:00.0: amdgpu: SE 1, SH per SE 1, CU per SH 8, active_cu_number 8
[    7.547990] amdgpu 0000:03:00.0: amdgpu: ring gfx uses VM inv eng 0 on hub 0
[    7.547992] amdgpu 0000:03:00.0: amdgpu: ring comp_1.0.0 uses VM inv eng 1 on hub 0
[    7.547993] amdgpu 0000:03:00.0: amdgpu: ring comp_1.1.0 uses VM inv eng 4 on hub 0
[    7.547994] amdgpu 0000:03:00.0: amdgpu: ring comp_1.2.0 uses VM inv eng 5 on hub 0
[    7.547995] amdgpu 0000:03:00.0: amdgpu: ring comp_1.3.0 uses VM inv eng 6 on hub 0
[    7.547996] amdgpu 0000:03:00.0: amdgpu: ring comp_1.0.1 uses VM inv eng 7 on hub 0
[    7.547997] amdgpu 0000:03:00.0: amdgpu: ring comp_1.1.1 uses VM inv eng 8 on hub 0
[    7.547998] amdgpu 0000:03:00.0: amdgpu: ring comp_1.2.1 uses VM inv eng 9 on hub 0
[    7.547999] amdgpu 0000:03:00.0: amdgpu: ring comp_1.3.1 uses VM inv eng 10 on hub 0
[    7.548000] amdgpu 0000:03:00.0: amdgpu: ring kiq_2.1.0 uses VM inv eng 11 on hub 0
[    7.548001] amdgpu 0000:03:00.0: amdgpu: ring sdma0 uses VM inv eng 0 on hub 1
[    7.548002] amdgpu 0000:03:00.0: amdgpu: ring vcn_dec uses VM inv eng 1 on hub 1
[    7.548003] amdgpu 0000:03:00.0: amdgpu: ring vcn_enc0 uses VM inv eng 4 on hub 1
[    7.548004] amdgpu 0000:03:00.0: amdgpu: ring vcn_enc1 uses VM inv eng 5 on hub 1
[    7.548004] amdgpu 0000:03:00.0: amdgpu: ring jpeg_dec uses VM inv eng 6 on hub 1
[    7.549933] [drm] Initialized amdgpu 3.47.0 20150101 for 0000:03:00.0 on minor 0
[    7.554789] fbcon: amdgpudrmfb (fb0) is primary device
[    7.554853] [drm] DSC precompute is not needed.
[    7.603937] Console: switching to colour frame buffer device 240x67
[    7.622614] amdgpu 0000:03:00.0: [drm] fb0: amdgpudrmfb frame buffer device
[    9.081205] usb 1-2.1: current rate 48000 is different from the runtime rate 8000
[    9.329831] Bluetooth: RFCOMM TTY layer initialized
[    9.329839] Bluetooth: RFCOMM socket layer initialized
[    9.329847] Bluetooth: RFCOMM ver 1.11
[   10.105885] usb 1-2.1: current rate 48000 is different from the runtime rate 16000
[   11.097471] usb 1-2.1: current rate 48000 is different from the runtime rate 44100
[   13.088113] usbcore: registered new interface driver snd-usb-audio
[   13.089373] usb 1-2.1: Found UVC 1.00 device FULL HD 1080P Webcam (0bda:58b0)
[   13.112308] input: FULL HD 1080P Webcam: FULL HD 1 as /devices/pci0000:00/0000:00:08.1/0000:03:00.3/usb1/1-2/1-2.1/1-2.1:1.0/input/input30
[   13.112567] usbcore: registered new interface driver uvcvideo
[   17.508215] acpi AMDI0010:03: Already enumerated
[   30.715739] logitech-hidpp-device 0003:046D:4091.0006: HID++ 4.5 device connected.
[   43.921948] kauditd_printk_skb: 52 callbacks suppressed
[   43.921951] audit: type=1400 audit(1688595507.546:93): apparmor="DENIED" operation="capable" class="cap" profile="/snap/snapd/18357/usr/lib/snapd/snap-confine" pid=1824 comm="snap-confine" capability=12  capname="net_admin"
[   43.921962] audit: type=1400 audit(1688595507.546:94): apparmor="DENIED" operation="capable" class="cap" profile="/snap/snapd/18357/usr/lib/snapd/snap-confine" pid=1824 comm="snap-confine" capability=38  capname="perfmon"
[   45.669061] audit: type=1400 audit(1688595509.294:95): apparmor="DENIED" operation="capable" class="cap" profile="/snap/snapd/18357/usr/lib/snapd/snap-confine" pid=2416 comm="snap-confine" capability=12  capname="net_admin"
[   45.669070] audit: type=1400 audit(1688595509.294:96): apparmor="DENIED" operation="capable" class="cap" profile="/snap/snapd/18357/usr/lib/snapd/snap-confine" pid=2416 comm="snap-confine" capability=38  capname="perfmon"
[   45.690948] rfkill: input handler disabled
