[    0.000000] Booting Linux on physical CPU 0x0
[    0.000000] Linux version 6.1.12 (pmos@dk-ThinkPad-E560) (armv7-alpine-linux-musleabihf-gcc (Alpine 12.2.1_git20220924-r10) 12.2.1 20220924, GNU ld (GNU Binutils) 2.40) #3-postmarketOS Tue Apr 25 18:36:24 UTC 2023
[    0.000000] CPU: ARMv7 Processor [410fc075] revision 5 (ARMv7), cr=10c5387d
[    0.000000] CPU: div instructions available: patching division code
[    0.000000] CPU: PIPT / VIPT nonaliasing data cache, VIPT aliasing instruction cache
[    0.000000] OF: fdt: Machine model: Kobo Nia
[    0.000000] Memory policy: Data cache writeback
[    0.000000] cma: Reserved 64 MiB at 0x8a400000
[    0.000000] Zone ranges:
[    0.000000]   Normal   [mem 0x0000000080000000-0x000000008fffffff]
[    0.000000]   HighMem  empty
[    0.000000] Movable zone start for each node
[    0.000000] Early memory node ranges
[    0.000000]   node   0: [mem 0x0000000080000000-0x000000008fffffff]
[    0.000000] Initmem setup node 0 [mem 0x0000000080000000-0x000000008fffffff]
[    0.000000] CPU: All CPU(s) started in SVC mode.
[    0.000000] pcpu-alloc: s0 r0 d32768 u32768 alloc=1*32768
[    0.000000] pcpu-alloc: [0] 0 
[    0.000000] Built 1 zonelists, mobility grouping on.  Total pages: 65024
[    0.000000] Kernel command line: console=ttymxc0,115200 PMOS_NO_OUTPUT_REDIRECT
[    0.000000] Unknown kernel command line parameters "PMOS_NO_OUTPUT_REDIRECT", will be passed to user space.
[    0.000000] Dentry cache hash table entries: 32768 (order: 5, 131072 bytes, linear)
[    0.000000] Inode-cache hash table entries: 16384 (order: 4, 65536 bytes, linear)
[    0.000000] mem auto-init: stack:off, heap alloc:off, heap free:off
[    0.000000] Memory: 178888K/262144K available (8192K kernel code, 1051K rwdata, 2220K rodata, 1024K init, 351K bss, 17720K reserved, 65536K cma-reserved, 0K highmem)
[    0.000000] SLUB: HWalign=64, Order=0-3, MinObjects=0, CPUs=1, Nodes=1
[    0.000000] NR_IRQS: 16, nr_irqs: 16, preallocated irqs: 16
[    0.000000] Switching to timer-based delay loop, resolution 41ns
[    0.000002] sched_clock: 32 bits at 24MHz, resolution 41ns, wraps every 89478484971ns
[    0.000037] clocksource: mxc_timer1: mask: 0xffffffff max_cycles: 0xffffffff, max_idle_ns: 79635851949 ns
[    0.002447] Console: colour dummy device 80x30
[    0.002517] Calibrating delay loop (skipped), value calculated using timer frequency.. 48.00 BogoMIPS (lpj=240000)
[    0.002552] pid_max: default: 32768 minimum: 301
[    0.002913] Mount-cache hash table entries: 1024 (order: 0, 4096 bytes, linear)
[    0.002953] Mountpoint-cache hash table entries: 1024 (order: 0, 4096 bytes, linear)
[    0.004152] CPU: Testing write buffer coherency: ok
[    0.005904] Setting up static identity map for 0x80100000 - 0x80100060
[    0.007004] devtmpfs: initialized
[    0.019120] VFP support v0.3: implementor 41 architecture 2 part 30 variant 7 rev 5
[    0.019567] clocksource: jiffies: mask: 0xffffffff max_cycles: 0xffffffff, max_idle_ns: 19112604462750000 ns
[    0.019612] futex hash table entries: 256 (order: -1, 3072 bytes, linear)
[    0.024057] pinctrl core: initialized pinctrl subsystem
[    0.024811] regulator-dummy: no parameters, enabled
[    0.027330] NET: Registered PF_NETLINK/PF_ROUTE protocol family
[    0.029114] DMA: preallocated 256 KiB pool for atomic coherent allocations
[    0.031144] thermal_sys: Registered thermal governor 'step_wise'
[    0.031205] cpuidle: using governor menu
[    0.031304] CPU identified as i.MX6ULL, silicon rev 1.1
[    0.043033] vdd3p0: 2625 <--> 3400 mV at 3000 mV, disabled
[    0.043399] anatop_regulator 20c8000.anatop:regulator-3p0: Looking up vin-supply from device tree
[    0.043433] anatop_regulator 20c8000.anatop:regulator-3p0: Looking up vin-supply property in node /soc/bus@2000000/anatop@20c8000/regulator-3p0 failed
[    0.043484] vdd3p0: supplied by regulator-dummy
[    0.044225] anatop_regulator 20c8000.anatop:regulator-vddcore: Looking up vin-supply from device tree
[    0.044260] anatop_regulator 20c8000.anatop:regulator-vddcore: Looking up vin-supply property in node /soc/bus@2000000/anatop@20c8000/regulator-vddcore failed
[    0.044314] cpu: supplied by regulator-dummy
[    0.044334] regulator-dummy: could not add device link regulator.2: -ENOENT
[    0.044486] cpu: 725 <--> 1450 mV at 1150 mV, enabled
[    0.045416] anatop_regulator 20c8000.anatop:regulator-vddsoc: Looking up vin-supply from device tree
[    0.045450] anatop_regulator 20c8000.anatop:regulator-vddsoc: Looking up vin-supply property in node /soc/bus@2000000/anatop@20c8000/regulator-vddsoc failed
[    0.045503] vddsoc: supplied by regulator-dummy
[    0.045525] regulator-dummy: could not add device link regulator.3: -ENOENT
[    0.045676] vddsoc: 725 <--> 1450 mV at 1175 mV, enabled
[    0.060846] hw-breakpoint: found 5 (+1 reserved) breakpoint and 4 watchpoint registers.
[    0.060887] hw-breakpoint: maximum watchpoint size is 8 bytes.
[    0.062431] imx6ul-pinctrl 20e0000.pinctrl: initialized IMX pinctrl driver
[    0.063101] imx6ul-pinctrl 2290000.iomuxc-snvs: initialized IMX pinctrl driver
[    0.092872] vref-3v3: 3300 mV, enabled
[    0.093242] reg-fixed-voltage vref3v3-regulator: vref-3v3 supplying 3300000uV
[    0.093691] SD1_SPWR: 3000 mV, disabled
[    0.094003] reg-fixed-voltage wifi-regulator: SD1_SPWR supplying 3000000uV
[    0.095173] usbcore: registered new interface driver usbfs
[    0.095279] usbcore: registered new interface driver hub
[    0.095386] usbcore: registered new device driver usb
[    0.099189] i2c i2c-0: IMX I2C adapter registered
[    0.101488] i2c i2c-3: IMX I2C adapter registered
[    0.102022] pps_core: LinuxPPS API ver. 1 registered
[    0.102039] pps_core: Software ver. 5.3.6 - Copyright 2005-2007 Rodolfo Giometti <giometti@linux.it>
[    0.102086] PTP clock support registered
[    0.105900] clocksource: Switched to clocksource mxc_timer1
[    0.106373] VFS: Disk quotas dquot_6.6.0
[    0.106456] VFS: Dquot-cache hash table entries: 1024 (order 0, 4096 bytes)
[    0.126988] NET: Registered PF_INET protocol family
[    0.127506] IP idents hash table entries: 4096 (order: 3, 32768 bytes, linear)
[    0.129346] tcp_listen_portaddr_hash hash table entries: 1024 (order: 0, 4096 bytes, linear)
[    0.129423] Table-perturb hash table entries: 65536 (order: 6, 262144 bytes, linear)
[    0.129454] TCP established hash table entries: 2048 (order: 1, 8192 bytes, linear)
[    0.129525] TCP bind hash table entries: 2048 (order: 2, 16384 bytes, linear)
[    0.129609] TCP: Hash tables configured (established 2048 bind 2048)
[    0.129783] UDP hash table entries: 256 (order: 0, 4096 bytes, linear)
[    0.129834] UDP-Lite hash table entries: 256 (order: 0, 4096 bytes, linear)
[    0.130161] NET: Registered PF_UNIX/PF_LOCAL protocol family
[    0.133113] hw perfevents: enabled with armv7_cortex_a7 PMU driver, 5 counters available
[    0.136659] Trying to unpack rootfs image as initramfs...
[    0.147318] Initialise system trusted keyrings
[    0.147826] workingset: timestamp_bits=30 max_order=16 bucket_order=0
[    0.168718] fuse: init (API version 7.37)
[    0.169692] Key type asymmetric registered
[    0.169716] Asymmetric key parser 'x509' registered
[    0.169941] io scheduler mq-deadline registered
[    0.169958] io scheduler kyber registered
[    0.189577] mxs-dma 1804000.dma-apbh: initialized
[    0.199534] 2020000.serial: ttymxc0 at MMIO 0x2020000 (irq = 192, base_baud = 5000000) is a IMX
[    0.559975] Freeing initrd memory: 1472K
[    0.560226] imx-sdma 20ec000.dma-controller: Direct firmware load for imx/sdma/sdma-imx6q.bin failed with error -2
[    0.560273] imx-sdma 20ec000.dma-controller: external firmware not found, using ROM firmware
[    0.804787] printk: console [ttymxc0] enabled
[    0.810185] 21ec000.serial: ttymxc2 at MMIO 0x21ec000 (irq = 193, base_baud = 5000000) is a IMX
[    0.852445] imx_rngc 2284000.rng: Freescale RNGB registered (HW revision 2.129)
[    0.859156] random: crng init done
[    0.889946] brd: module loaded
[    0.900927] loop: module loaded
[    0.905657] DCDC1: 1400 mV, enabled
[    0.907726] DCDC2: at 3300 mV, enabled
[    0.909675] DCDC3: at 3300 mV, enabled
[    0.911640] DCDC4: 1200 mV, enabled
[    0.913597] DCDC5: 1800 mV, enabled
[    0.915520] LDO1: at 3300 mV, enabled
[    0.916779] LDO2: at 3300 mV, enabled
[    0.917981] LDO3: at 1200 mV, enabled
[    0.919197] LDO4: at 1200 mV, enabled
[    0.920423] LDO5: at 3300 mV, enabled
[    0.921674] LDO6: 600 mV, enabled
[    0.922950] LDO7: at 3300 mV, enabled
[    0.924194] LDO8: 1800 mV, enabled
[    0.926141] LDO9: at 1200 mV, enabled
[    0.927358] LDO10: at 1400 mV, enabled
[    0.928589] LDORTC1: at 3300 mV, enabled
[    0.930391] LDORTC2: at 3300 mV, enabled
[    0.939942] i2c_dev: i2c /dev entries driver
[    0.948918] sdhci: Secure Digital Host Controller Interface driver
[    0.953829] sdhci: Copyright(c) Pierre Ossman
[    0.956965] sdhci-pltfm: SDHCI platform and OF driver helper
[    0.964707] sdhci-esdhc-imx 2190000.mmc: Looking up vmmc-supply from device tree
[    0.965087] sdhci-esdhc-imx 2190000.mmc: Looking up vqmmc-supply from device tree
[    0.965125] sdhci-esdhc-imx 2190000.mmc: Looking up vqmmc-supply property in node /soc/bus@2100000/mmc@2190000 failed
[    0.971205] sdhci-esdhc-imx 2194000.mmc: Looking up vmmc-supply from device tree
[    0.971258] sdhci-esdhc-imx 2194000.mmc: Looking up vmmc-supply property in node /soc/bus@2100000/mmc@2194000 failed
[    0.971349] sdhci-esdhc-imx 2194000.mmc: Looking up vqmmc-supply from device tree
[    0.971374] sdhci-esdhc-imx 2194000.mmc: Looking up vqmmc-supply property in node /soc/bus@2100000/mmc@2194000 failed
[    0.974847] usbcore: registered new interface driver usbhid
[    0.979249] usbhid: USB HID core driver
[    0.987800] NET: Registered PF_INET6 protocol family
[    0.993532] Segment Routing with IPv6
[    0.996287] In-situ OAM (IOAM) with IPv6
[    0.999244] sit: IPv6, IPv4 and MPLS over IPv4 tunneling driver
[    1.005220] NET: Registered PF_PACKET protocol family
[    1.009203] mmc0: SDHCI controller on 2194000.mmc [2194000.mmc] using ADMA
[    1.015014] mmc1: SDHCI controller on 2190000.mmc [2190000.mmc] using ADMA
[    1.022235] cpu cpu0: Looking up arm-supply from device tree
[    1.022593] cpu cpu0: Looking up pu-supply from device tree
[    1.022633] cpu cpu0: Looking up pu-supply property in node /cpus/cpu@0 failed
[    1.022710] cpu cpu0: Looking up soc-supply from device tree
[    1.025084] Registering SWP/SWPB emulation handler
[    1.030196] Loading compiled-in X.509 certificates
[    1.051596] imx_usb 2184000.usb: No over current polarity defined
[    1.056624] imx_usb 2184000.usb: Looking up vbus-supply from device tree
[    1.056646] imx_usb 2184000.usb: Looking up vbus-supply property in node /soc/bus@2100000/usb@2184000 failed
[    1.081634] mmc0: host does not support reading read-only switch, assuming write-enable
[    1.095970] mmc0: new high speed SDHC card at address aaaa
[    1.101319] mmcblk0: mmc0:aaaa SC16G 14.8 GiB 
[    1.113211]  mmcblk0: p1 p2
[    1.232626] imx_thermal 20c8000.anatop:tempmon: Commercial CPU temperature grade - max:95C critical:90C passive:85C
[    1.244372] imx6ul-pinctrl 2290000.iomuxc-snvs: pin MX6ULL_PAD_SNVS_TAMPER3 already requested by 21f8000.i2c; cannot claim for gpio-keys
[    1.255446] imx6ul-pinctrl 2290000.iomuxc-snvs: pin-5 (gpio-keys) status -22
[    1.261248] imx6ul-pinctrl 2290000.iomuxc-snvs: could not request pin 5 (MX6ULL_PAD_SNVS_TAMPER3) from group gpio_snvs_keys_grp  on device 2290000.iomuxc-snvs
[    1.274151] gpio-keys gpio-keys: Error applying setting, reverse things back
[    1.281356] cfg80211: Loading compiled-in X.509 certificates for regulatory database
[    1.291718] cfg80211: Loaded X.509 cert 'sforshee: 00b28ddf47aef9cea7'
[    1.297577] platform regulatory.0: Direct firmware load for regulatory.db failed with error -2
[    1.306669] Freeing unused kernel image (initmem) memory: 1024K
[    1.311360] cfg80211: failed to load regulatory.db
[    1.315130] Run /init as init process
[    1.317527]   with arguments:
[    1.317533]     /init
[    1.317540]     PMOS_NO_OUTPUT_REDIRECT
[    1.317545]   with environment:
[    1.317551]     HOME=/
[    1.317556]     TERM=linux
[    1.939716] using random self ethernet address
[    1.944263] using random host ethernet address
[    1.976694] usb0: HOST MAC ae:f6:74:35:0e:45
[    1.979691] usb0: MAC ae:bc:f1:91:bb:8f
[    2.331921] IPv6: ADDRCONF(NETDEV_CHANGE): usb0: link becomes ready
[    2.467805] EXT4-fs (mmcblk0p1): mounted filesystem without journal. Quota mode: none.
[    6.676605] EXT4-fs (mmcblk0p2): INFO: recovery required on readonly filesystem
[    6.682639] EXT4-fs (mmcblk0p2): write access will be enabled during recovery
[    7.082686] EXT4-fs (mmcblk0p2): orphan cleanup on readonly fs
[    7.093424] EXT4-fs (mmcblk0p2): recovery complete
[    7.101220] EXT4-fs (mmcblk0p2): mounted filesystem with ordered data mode. Quota mode: none.
[    7.128681] EXT4-fs (mmcblk0p1): unmounting filesystem.
[    7.381143] EXT4-fs (mmcblk0p1): warning: mounting unchecked fs, running e2fsck is recommended
[    7.395330] EXT4-fs (mmcblk0p1): mounted filesystem without journal. Quota mode: none.
[   10.217944] udevd[713]: starting version 3.2.11
[   10.347634] udevd[713]: starting eudev-3.2.11
[   10.957233] lm3630a_bl 0-0036: LM3630A backlight register OK.
[   10.990298] mc: Linux media interface: v0.10
[   11.023494] videodev: Linux video capture interface: v2.00
[   11.038798] rc5t619-rtc rc5t619-rtc: rc5t619 interrupt is disabled
[   11.058424] rc5t619-rtc rc5t619-rtc: registered as rtc0
[   11.062178] rc5t619-rtc rc5t619-rtc: setting system clock to 2023-04-25T19:41:47 UTC (1682451707)
[   11.154879] rn5t618-adc rn5t618-adc: get virq failed
[   11.154960] rn5t618-adc: probe of rn5t618-adc failed with error -22
[   11.198400] pxp 21cc000.pxp: Device registered as /dev/video0
[   13.090895] EXT4-fs (mmcblk0p2): re-mounted. Quota mode: none.
