U-Boot 2009.08-inkbox (Jul 01 2021 - 16:53:39)

CPU:   Freescale i.MX50 family 1.1V at 800 MHz
mx50 pll1: 800MHz
mx50 pll2: 400MHz
mx50 pll3: 216MHz
ipg clock     : 66666666Hz
ipg per clock : 66666666Hz
uart clock    : 24000000Hz
ahb clock     : 133333333Hz
axi_a clock   : 400000000Hz
axi_b clock   : 200000000Hz
weim_clock    : 100000000Hz
ddr clock     : 200000000Hz
esdhc1 clock  : 80000000Hz
esdhc2 clock  : 80000000Hz
esdhc3 clock  : 80000000Hz
esdhc4 clock  : 80000000Hz
Board: MX50 RDP board
Boot Reason: [POR]
Boot Device: SD
I2C:   ready
DRAM:  256 MB
MMC:   FSL_ESDHC: 0, FSL_ESDHC: 1, FSL_ESDHC: 2
In:    serial
Out:   serial
Err:   serial
[_get_sd_number] g_sd_number:2

MMC read: dev # 2, block # 1023, count 1 partition # 0 ... 
1 blocks read: OK

MMC read: dev # 2, block # 1024, count 1 partition # 0 ... 
1 blocks read: OK
zforce read 7 0 (2 bytes)
zforce read 1 0 (2 bytes)
zforce read 2 0 (2 bytes)
zforce read 3 0 (2 bytes)
zforce frame start not found !
zforce frame start not found !
PCB ID is 9
Power key released!!
ram p=70000000,size=268435456

MMC read: dev # 2, block # 18431, count 1 partition # 0 ... 
1 blocks read: OK
no "logo" bin header

MMC read: dev # 2, block # 14335, count 1 partition # 0 ... 
1 blocks read: OK

MMC read: dev # 2, block # 14336, count 1922 partition # 0 ... 
1922 blocks read: OK
Kernel RAM visiable size=255M->255M
init TPS65185 power ...
Hit any key to stop autoboot:  0 
Valid chip addresses: 00 43

MMC read: dev # 2, block # 81919, count 1 partition # 0 ... 
1 blocks read: OK
no kernel image signature !

MMC read: dev # 2, block # 81920, count 16384 partition # 0 ... 
16384 blocks read: OK
## Booting kernel from Legacy Image at 70800000 ...
   Image Name:   linux-2.6.35.3-inkbox+
   Created:      2022-01-13  17:54:05 UTC
   Image Type:   ARM Linux Kernel Image (uncompressed)
   Data Size:    5970268 Bytes =  5.7 MB
   Load Address: 70008000
   Entry Point:  70008000
   Loading Kernel Image ... OK
OK

Starting kernel ...

Uncompressing Linux... done, booting the kernel.
Linux inkbox 2.6.35.3-inkbox+ #1 PREEMPT Thu Jan 13 12:53:59 EST 2022 armv7l GNU/Linux
InkBox OS, kernel build VVW1f94L
Copyright (C) 2021-2022 Nicolas Mailloux <nicolecrivain@gmail.com>

Checking filesystems ...

e2fsck 1.46.2 (28-Feb-2021)
/dev/mmcblk0p1: clean, 23/4872 files, 7835/19456 blocks
e2fsck 1.46.2 (28-Feb-2021)
/dev/mmcblk0p2: clean, 15/128016 files, 455599/512000 blocks
e2fsck 1.46.2 (28-Feb-2021)
/dev/mmcblk0p3: clean, 21/32768 files, 86004/131072 blocks
e2fsck 1.46.2 (28-Feb-2021)
/dev/mmcblk0p4: clean, 90/192768 files, 587128/769894 blocks

(initrd) Hit any key to stop auto-boot ... 
Verifying root filesystem's digital signature ...
Done.
Enforcing security policy...

Starting X11 windowing system ...
Validating packages' digital signatures ...