## Flattened Device Tree blob at 83000000
   Booting using the fdt blob at 0x83000000
   Using Device Tree in place at 83000000, end 8300a0a6

Starting kernel ...

[    0.000000] Booting Linux on physical CPU 0x0
[    0.000000] Linux version 5.16.0 (ciel@archciel) (armv7l-linux-musleabihf-gcc (GCC) 10.2.1 20210227, GNU ld (GNU Binutils) 2.36.1) #1 SMP Tue May 3 05:17:51 CEST 2022
[    0.000000] CPU: ARMv7 Processor [414fc091] revision 1 (ARMv7), cr=10c5387d
[    0.000000] CPU: PIPT / VIPT nonaliasing data cache, VIPT aliasing instruction cache
[    0.000000] OF: fdt: Machine model: Kobo Clara HD
[    0.000000] Memory policy: Data cache writeback
[    0.000000] cma: Reserved 64 MiB at 0x9c000000
[    0.000000] Zone ranges:
[    0.000000]   Normal   [mem 0x0000000080000000-0x000000009fffffff]
[    0.000000]   HighMem  empty
[    0.000000] Movable zone start for each node
[    0.000000] Early memory node ranges
[    0.000000]   node   0: [mem 0x0000000080000000-0x000000009fffffff]
[    0.000000] Initmem setup node 0 [mem 0x0000000080000000-0x000000009fffffff]
[    0.000000] CPU: All CPU(s) started in SVC mode.
[    0.000000] percpu: Embedded 16 pages/cpu s36140 r8192 d21204 u65536
[    0.000000] Built 1 zonelists, mobility grouping on.  Total pages: 130048
[    0.000000] Kernel command line: console=ttymxc0,115200  root=/dev/ram0 rdinit=/sbin/init rootfstype=ramfs
[    0.000000] Dentry cache hash table entries: 65536 (order: 6, 262144 bytes, linear)
[    0.000000] Inode-cache hash table entries: 32768 (order: 5, 131072 bytes, linear)
[    0.000000] mem auto-init: stack:off, heap alloc:off, heap free:off
[    0.000000] Memory: 421196K/524288K available (8192K kernel code, 1527K rwdata, 3148K rodata, 8192K init, 6623K bss, 37556K reserved, 65536K cma-reserved, 0K highmem)
[    0.000000] SLUB: HWalign=64, Order=0-3, MinObjects=0, CPUs=1, Nodes=1
[    0.000000] trace event string verifier disabled
[    0.000000] Running RCU self tests
[    0.000000] rcu: Hierarchical RCU implementation.
[    0.000000] rcu: 	RCU event tracing is enabled.
[    0.000000] rcu: 	RCU lockdep checking is enabled.
[    0.000000] rcu: 	RCU restricting CPUs from NR_CPUS=4 to nr_cpu_ids=1.
[    0.000000] rcu: RCU calculated value of scheduler-enlistment delay is 10 jiffies.
[    0.000000] rcu: Adjusting geometry for rcu_fanout_leaf=16, nr_cpu_ids=1
[    0.000000] NR_IRQS: 16, nr_irqs: 16, preallocated irqs: 16
[    0.000000] L2C-310 erratum 769419 enabled
[    0.000000] L2C-310 enabling early BRESP for Cortex-A9
[    0.000000] L2C-310 full line of zeros enabled for Cortex-A9
[    0.000000] L2C-310 ID prefetch enabled, offset 16 lines
[    0.000000] L2C-310 dynamic clock gating enabled, standby mode enabled
[    0.000000] L2C-310 cache controller enabled, 16 ways, 256 kB
[    0.000000] L2C-310: CACHE_ID 0x410000c8, AUX_CTRL 0x76430001
[    0.000000] random: get_random_bytes called from start_kernel+0x3f8/0x6a4 with crng_init=0
[    0.000000] clk: failed to reparent pll4_audio_div to osc: -22
[    0.000000] clk: failed to reparent pll4_audio_div to osc: -22
[    0.000000] Switching to timer-based delay loop, resolution 15ns
[    0.000001] sched_clock: 32 bits at 66MHz, resolution 15ns, wraps every 32537631224ns
[    0.000035] clocksource: mxc_timer1: mask: 0xffffffff max_cycles: 0xffffffff, max_idle_ns: 28958491609 ns
[    0.002062] Console: colour dummy device 80x30
[    0.002141] Lock dependency validator: Copyright (c) 2006 Red Hat, Inc., Ingo Molnar
[    0.002166] ... MAX_LOCKDEP_SUBCLASSES:  8
[    0.002187] ... MAX_LOCK_DEPTH:          48
[    0.002208] ... MAX_LOCKDEP_KEYS:        8192
[    0.002227] ... CLASSHASH_SIZE:          4096
[    0.002249] ... MAX_LOCKDEP_ENTRIES:     32768
[    0.002269] ... MAX_LOCKDEP_CHAINS:      65536
[    0.002289] ... CHAINHASH_SIZE:          32768
[    0.002308]  memory used by lock dependency info: 4061 kB
[    0.002329]  memory used for stack traces: 2112 kB
[    0.002350]  per task-struct memory footprint: 1536 bytes
[    0.002505] Calibrating delay loop (skipped), value calculated using timer frequency.. 132.00 BogoMIPS (lpj=660000)
[    0.002554] pid_max: default: 32768 minimum: 301
[    0.002928] Mount-cache hash table entries: 1024 (order: 0, 4096 bytes, linear)
[    0.002977] Mountpoint-cache hash table entries: 1024 (order: 0, 4096 bytes, linear)
[    0.007718] CPU: Testing write buffer coherency: ok
[    0.007945] CPU0: Spectre v2: using BPIALL workaround
[    0.009161] CPU0: thread -1, cpu 0, socket 0, mpidr 80000000
[    0.013241] Setting up static identity map for 0x80100000 - 0x80100078
[    0.014221] rcu: Hierarchical SRCU implementation.
[    0.016325] smp: Bringing up secondary CPUs ...
[    0.016369] smp: Brought up 1 node, 1 CPU
[    0.016403] SMP: Total of 1 processors activated (132.00 BogoMIPS).
[    0.016436] CPU: All CPU(s) started in SVC mode.
[    0.019943] devtmpfs: initialized
[    0.054876] VFP support v0.3: implementor 41 architecture 3 part 30 variant 9 rev 4
[    0.056256] clocksource: jiffies: mask: 0xffffffff max_cycles: 0xffffffff, max_idle_ns: 19112604462750000 ns
[    0.056358] futex hash table entries: 256 (order: 2, 16384 bytes, linear)
[    0.059390] pinctrl core: initialized pinctrl subsystem
[    0.066947] NET: Registered PF_NETLINK/PF_ROUTE protocol family
[    0.099143] DMA: preallocated 256 KiB pool for atomic coherent allocations
[    0.106357] thermal_sys: Registered thermal governor 'step_wise'
[    0.107480] cpuidle: using governor menu
[    0.198639] No ATAGs?
[    0.199137] hw-breakpoint: found 5 (+1 reserved) breakpoint and 1 watchpoint registers.
[    0.199264] hw-breakpoint: maximum watchpoint size is 4 bytes.
[    0.203100] debugfs: Directory 'dummy-iomuxc-gpr@20e4000' with parent 'regmap' already present!
[    0.205159] imx6sll-pinctrl 20e0000.pinctrl: initialized IMX pinctrl driver
[    0.311897] usbcore: registered new interface driver usbfs
[    0.312305] usbcore: registered new interface driver hub
[    0.312530] usbcore: registered new device driver usb
[    0.319901] i2c i2c-0: IMX I2C adapter registered
[    0.328940] i2c i2c-1: IMX I2C adapter registered
[    0.333618] i2c i2c-2: IMX I2C adapter registered
[    0.338195] pps_core: LinuxPPS API ver. 1 registered
[    0.338243] pps_core: Software ver. 5.3.6 - Copyright 2005-2007 Rodolfo Giometti <giometti@linux.it>
[    0.338373] PTP clock support registered
[    0.349488] clocksource: Switched to clocksource mxc_timer1
[    0.701163] VFS: Disk quotas dquot_6.6.0
[    0.701431] VFS: Dquot-cache hash table entries: 1024 (order 0, 4096 bytes)
[    0.775386] NET: Registered PF_INET protocol family
[    0.776561] IP idents hash table entries: 8192 (order: 4, 65536 bytes, linear)
[    0.779989] tcp_listen_portaddr_hash hash table entries: 256 (order: 1, 11264 bytes, linear)
[    0.780118] TCP established hash table entries: 4096 (order: 2, 16384 bytes, linear)
[    0.780282] TCP bind hash table entries: 4096 (order: 5, 163840 bytes, linear)
[    0.780940] TCP: Hash tables configured (established 4096 bind 4096)
[    0.781622] UDP hash table entries: 256 (order: 2, 24576 bytes, linear)
[    0.781797] UDP-Lite hash table entries: 256 (order: 2, 24576 bytes, linear)
[    0.782413] NET: Registered PF_UNIX/PF_LOCAL protocol family
[    0.797624] Initialise system trusted keyrings
[    0.811513] workingset: timestamp_bits=30 max_order=17 bucket_order=0
[    0.874907] squashfs: version 4.0 (2009/01/31) Phillip Lougher
[    0.876541] fuse: init (API version 7.35)
[    0.892320] Key type asymmetric registered
[    0.892564] Asymmetric key parser 'x509' registered
[    0.893416] io scheduler mq-deadline registered
[    0.893469] io scheduler kyber registered
[    0.972302] 2018000.serial: ttymxc3 at MMIO 0x2018000 (irq = 26, base_baud = 5000000) is a IMX
[    0.977694] 2020000.serial: ttymxc0 at MMIO 0x2020000 (irq = 27, base_baud = 5000000) is a IMX
[    2.379695] printk: console [ttymxc0] enabled
[    2.440411] imx_rngc 21b4000.rng: Freescale RNGB registered (HW revision 2.129)
[    2.454043] random: fast init done
[    2.458450] random: crng init done
[    2.585497] brd: module loaded
[    2.662640] loop: module loaded
[    2.667078] tps6518x_probe calling
[    2.701658] tps6518x_detect calling
[    2.734062] tps6518x_detect():revId=0x66
[    2.738040] tps6518x_detect success
[    2.751898] tps6518x 1-0068: PMIC TPS6518x for eInk display
[    2.757527] tps6518x_probe success
[    3.007818] libphy: Fixed MDIO Bus: probed
[    3.022019] ehci_hcd: USB 2.0 'Enhanced' Host Controller (EHCI) Driver
[    3.052141] cyttsp5_i2c_adapter 1-0024: cyttsp5_init: INIT CYTTSP r=0
[    3.082790] cyttsp5_i2c_adapter 1-0024: cyttsp5_get_hid_descriptor_: failed to get HID descriptor length and version, rc=-6
[    3.109557] cyttsp5_i2c_adapter 1-0024: cyttsp5_startup_: Error on getting HID descriptor r=-6
[    3.329746] cyttsp5_i2c_adapter 1-0024: cyttsp5_xres: RESET CYTTSP r=0
[    3.462244] cyttsp5_i2c_adapter 1-0024: cyttsp5_startup_: Bootloader mode
[    3.535731] cyttsp5_i2c_adapter 1-0024: cyttsp5_startup_: Operational mode
[    3.542943] cyttsp5_i2c_adapter 1-0024: cyttsp5_startup_: Reading report descriptor
[    3.695146] cyttsp5_i2c_adapter 1-0024: cyttsp5 Protocol Version: 1.6
[    3.793482] input: cyttsp5_mt as /devices/platform/soc/2100000.bus/21a4000.i2c/i2c-1/1-0024/input/input0
[    3.825787] i2c_dev: i2c /dev entries driver
[    3.867855] sdhci: Secure Digital Host Controller Interface driver
[    3.874238] sdhci: Copyright(c) Pierre Ossman
[    3.878630] sdhci-pltfm: SDHCI platform and OF driver helper
[    3.922858] sdhci-esdhc-imx 2198000.mmc: allocated mmc-pwrseq
[    3.947722] usbcore: registered new interface driver usbhid
[    3.953781] usbhid: USB HID core driver
[    3.985325] mmc0: SDHCI controller on 2194000.mmc [2194000.mmc] using ADMA
[    4.025946] NET: Registered PF_INET6 protocol family
[    4.043231] mmc1: SDHCI controller on 2198000.mmc [2198000.mmc] using ADMA
[    4.060118] sdhci-esdhc-imx 2198000.mmc: card claims to support voltages below defined range
[    4.077001] Segment Routing with IPv6
[    4.081228] mmc0: host does not support reading read-only switch, assuming write-enable
[    4.100842] In-situ OAM (IOAM) with IPv6
[    4.106209] sit: IPv6, IPv4 and MPLS over IPv4 tunneling driver
[    4.116537] mmc0: new ultra high speed DDR50 SDHC card at address e624
[    4.151508] NET: Registered PF_PACKET protocol family
[    4.161459] mmcblk0: mmc0:e624 SS08G 7.40 GiB
[    4.171634] mmc1: new high speed SDIO card at address 0001
[    4.225019] Registering SWP/SWPB emulation handler
[    4.230425]  mmcblk0: p1 p2 p3 p4
[    4.251180] Loading compiled-in X.509 certificates
[    4.611056] imx_thermal 20c8000.anatop:temperature-sensor: Commercial CPU temperature grade - max:95C critical:90C passive:85C
[    4.643364] input: gpio-keys as /devices/platform/gpio-keys/input/input1
[    4.662417] cfg80211: Loading compiled-in X.509 certificates for regulatory database
[    5.010388] imx-sdma 20ec000.dma-controller: Direct firmware load for imx/sdma/sdma-imx6q.bin failed with error -2
[    5.021120] imx-sdma 20ec000.dma-controller: Falling back to sysfs fallback for: imx/sdma/sdma-imx6q.bin
[    5.042340] cfg80211: Loaded X.509 cert 'sforshee: 00b28ddf47aef9cea7'
[    5.055088] platform regulatory.0: Direct firmware load for regulatory.db failed with error -2
[    5.063961] platform regulatory.0: Falling back to sysfs fallback for: regulatory.db
[    5.094178] Freeing unused kernel image (initmem) memory: 8192K
[    5.122178] Run /sbin/init as init process
[    9.423201] EXT4-fs (mmcblk0p1): mounted filesystem with ordered data mode. Opts: (null). Quota mode: none.
Linux inkbox 5.16.0 #1 SMP Tue May 3 05:17:51 CEST 2022 armv7l GNU/Linux
InkBox OS, kernel build kh2HxbGw, commit 400a631
Copyright (C) 2021-2022 Nicolas Mailloux <nicolecrivain@gmail.com>

Checking filesystems ...

e2fsck 1.46.2 (28-Feb-2021)
/dev/mmcblk0p1: clean, 14/3840 files, 13069/15360 blocks
e2fsck 1.46.2 (28-Feb-2021)
/dev/mmcblk0p2: clean, 13/128016 files, 46487/512000 blocks
e2fsck 1.46.2 (28-Feb-2021)
/dev/mmcblk0p3: clean, 15/32768 files, 82546/131072 blocks
e2fsck 1.46.2 (28-Feb-2021)
/dev/mmcblk0p4: clean, 11/442368 files, 51922/1766656 blocks

Generating device UID ...
Done. UID:
UXgEksIOdQ1KR9Ci6A1ylRU37rQpSR5HIa71PS1pM0crjOhYfqzdXKN7X4u9C3S3Q5itPKPCE0Vg7KBzzNHZKu8unqhrI44F0zuzV8OGtXG9PW6NwcMQczsJkEC8VbeYZyXrNzQ8QjS9JxoSGQWB45cLbkYGUvuzsPIQhERaSEwJ9EtLvHKYfASIfKl0OKWI9n10LhkdyIbCwhLnr3mNYUQfYgaerAPCxel0iOcGUARmrhuKe1eNMiVUnz6D1AFV
Flashing UID to MMC ...
0+1 records in
0+1 records out
256 bytes (256B) copied, 0.007479 seconds, 33.4KB/s
Done.
0+1 records in
0+1 records out
2 bytes (2B) copied, 0.023616 seconds, 84B/s
[    9.844110] EXT4-fs (mmcblk0p1): mounted filesystem with ordered data mode. Opts: (null). Quota mode: none.
(initrd) Hit any key to stop auto-boot ...
[   15.106629] EXT4-fs (mmcblk0p2): mounted filesystem with ordered data mode. Opts: (null). Quota mode: none.
[   15.311351] loop1: detected capacity change from 0 to 7600
[   15.593101] /dev/loop1: Can't open blockdev
Verifying recovery filesystem's digital signature ...
Recovery filesystem's digital signature is invalid! Shutting down ...
/etc/init.d/inkbox-splash: line 125: can't create /sys/class/graphics/fb0/rotate: nonexistent directory
[FBInk] [fbink_open] Cannot open framebuffer character device: No such file or directory!
[CLI] Failed to open the framebuffer, aborting . . .
[FBInk] [fbink_open] Cannot open framebuffer character device: No such file or directory!
[CLI] Failed to open the framebuffer, aborting . . .
[FBInk] [fbink_open] Cannot open framebuffer character device: No such file or directory!
[CLI] Failed to open the framebuffer, aborting . . .
awk: cmd. line:1: Unexpected end of string
[   35.690327] SD3_SPWR: disabling
[   35.693769] LDO1: disabling
[   35.710366] LDO4: disabling
[   35.720034] LDO9: disabling
[   35.730092] LDO10: disabling
[   35.740007] LDORTC1: disabling
[   69.611807] cfg80211: failed to load regulatory.db
[   69.618062] imx-sdma 20ec000.dma-controller: external firmware not found, using ROM firmware
