kobo-nia:~$ dmesg
[    0.000000] Booting Linux on physical CPU 0x0
[    0.000000] Linux version 6.3.0 (pmos@dk-ThinkPad-E560) (armv7-alpine-linux-musleabihf-gcc (Alpine 12.2.1_git20220924-r10) 12.2.1 20220924, GNU ld (GNU Binutils) 2.40) #2 Thu Jun 15 21:42:47 UTC 2023
[    0.000000] CPU: ARMv7 Processor [410fc075] revision 5 (ARMv7), cr=10c5387d
[    0.000000] CPU: div instructions available: patching division code
[    0.000000] CPU: PIPT / VIPT nonaliasing data cache, VIPT aliasing instruction cache
[    0.000000] OF: fdt: Machine model: Kobo Nia
[    0.000000] Memory policy: Data cache writeback
[    0.000000] cma: Reserved 64 MiB at 0x8ac00000
[    0.000000] Zone ranges:
[    0.000000]   Normal   [mem 0x0000000080000000-0x000000008fffffff]
[    0.000000]   HighMem  empty
[    0.000000] Movable zone start for each node
[    0.000000] Early memory node ranges
[    0.000000]   node   0: [mem 0x0000000080000000-0x000000008fffffff]
[    0.000000] Initmem setup node 0 [mem 0x0000000080000000-0x000000008fffffff]
[    0.000000] CPU: All CPU(s) started in SVC mode.
[    0.000000] pcpu-alloc: s0 r0 d32768 u32768 alloc=1*32768
[    0.000000] pcpu-alloc: [0] 0 
[    0.000000] Built 1 zonelists, mobility grouping on.  Total pages: 64960
[    0.000000] Kernel command line: console=ttymxc0,115200 debug
[    0.000000] Dentry cache hash table entries: 32768 (order: 5, 131072 bytes, linear)
[    0.000000] Inode-cache hash table entries: 16384 (order: 4, 65536 bytes, linear)
[    0.000000] mem auto-init: stack:off, heap alloc:off, heap free:off
[    0.000000] Memory: 176384K/262144K available (9216K kernel code, 1080K rwdata, 2576K rodata, 1024K init, 386K bss, 20224K reserved, 65536K cma-reserved, 0K highmem)
[    0.000000] SLUB: HWalign=64, Order=0-3, MinObjects=0, CPUs=1, Nodes=1
[    0.000000] NR_IRQS: 16, nr_irqs: 16, preallocated irqs: 16
[    0.000000] Switching to timer-based delay loop, resolution 41ns
[    0.000003] sched_clock: 32 bits at 24MHz, resolution 41ns, wraps every 89478484971ns
[    0.000038] clocksource: mxc_timer1: mask: 0xffffffff max_cycles: 0xffffffff, max_idle_ns: 79635851949 ns
[    0.002454] Console: colour dummy device 80x30
[    0.002529] Calibrating delay loop (skipped), value calculated using timer frequency.. 48.00 BogoMIPS (lpj=240000)
[    0.002564] pid_max: default: 32768 minimum: 301
[    0.002937] Mount-cache hash table entries: 1024 (order: 0, 4096 bytes, linear)
[    0.002978] Mountpoint-cache hash table entries: 1024 (order: 0, 4096 bytes, linear)
[    0.004744] CPU: Testing write buffer coherency: ok
[    0.006788] cblist_init_generic: Setting adjustable number of callback queues.
[    0.006819] cblist_init_generic: Setting shift to 0 and lim to 1.
[    0.007189] Setting up static identity map for 0x80100000 - 0x80100060
[    0.008429] devtmpfs: initialized
[    0.021611] VFP support v0.3: implementor 41 architecture 2 part 30 variant 7 rev 5
[    0.022122] clocksource: jiffies: mask: 0xffffffff max_cycles: 0xffffffff, max_idle_ns: 19112604462750000 ns
[    0.022173] futex hash table entries: 256 (order: -1, 3072 bytes, linear)
[    0.026936] pinctrl core: initialized pinctrl subsystem
[    0.030169] NET: Registered PF_NETLINK/PF_ROUTE protocol family
[    0.032273] DMA: preallocated 256 KiB pool for atomic coherent allocations
[    0.034436] thermal_sys: Registered thermal governor 'step_wise'
[    0.034503] cpuidle: using governor menu
[    0.034612] CPU identified as i.MX6ULL, silicon rev 1.1
[    0.041405] platform soc: Fixed dependency cycle(s) with /soc/bus@2000000/gpc@20dc000
[    0.064480] hw-breakpoint: found 5 (+1 reserved) breakpoint and 4 watchpoint registers.
[    0.064521] hw-breakpoint: maximum watchpoint size is 8 bytes.
[    0.066127] imx6ul-pinctrl 20e0000.pinctrl: initialized IMX pinctrl driver
[    0.067948] imx6ul-pinctrl 2290000.iomuxc-snvs: initialized IMX pinctrl driver
[    0.074690] gpio gpiochip0: Static allocation of GPIO base is deprecated, use dynamic allocation.
[    0.077973] gpio gpiochip1: Static allocation of GPIO base is deprecated, use dynamic allocation.
[    0.081485] gpio gpiochip2: Static allocation of GPIO base is deprecated, use dynamic allocation.
[    0.084856] gpio gpiochip3: Static allocation of GPIO base is deprecated, use dynamic allocation.
[    0.088290] gpio gpiochip4: Static allocation of GPIO base is deprecated, use dynamic allocation.
[    0.095453] usbcore: registered new interface driver usbfs
[    0.095555] usbcore: registered new interface driver hub
[    0.095667] usbcore: registered new device driver usb
[    0.099967] i2c i2c-0: IMX I2C adapter registered
[    0.102518] i2c i2c-3: IMX I2C adapter registered
[    0.103097] pps_core: LinuxPPS API ver. 1 registered
[    0.103115] pps_core: Software ver. 5.3.6 - Copyright 2005-2007 Rodolfo Giometti <giometti@linux.it>
[    0.103166] PTP clock support registered
[    0.108090] clocksource: Switched to clocksource mxc_timer1
[    0.108705] VFS: Disk quotas dquot_6.6.0
[    0.108772] VFS: Dquot-cache hash table entries: 1024 (order 0, 4096 bytes)
[    0.131601] NET: Registered PF_INET protocol family
[    0.132108] IP idents hash table entries: 4096 (order: 3, 32768 bytes, linear)
[    0.134012] tcp_listen_portaddr_hash hash table entries: 1024 (order: 0, 4096 bytes, linear)
[    0.134090] Table-perturb hash table entries: 65536 (order: 6, 262144 bytes, linear)
[    0.134125] TCP established hash table entries: 2048 (order: 1, 8192 bytes, linear)
[    0.134190] TCP bind hash table entries: 2048 (order: 2, 16384 bytes, linear)
[    0.134274] TCP: Hash tables configured (established 2048 bind 2048)
[    0.134481] UDP hash table entries: 256 (order: 0, 4096 bytes, linear)
[    0.134543] UDP-Lite hash table entries: 256 (order: 0, 4096 bytes, linear)
[    0.134869] NET: Registered PF_UNIX/PF_LOCAL protocol family
[    0.139364] hw perfevents: enabled with armv7_cortex_a7 PMU driver, 5 counters available
[    0.142424] Initialise system trusted keyrings
[    0.143563] Trying to unpack rootfs image as initramfs...
[    0.148861] workingset: timestamp_bits=14 max_order=16 bucket_order=2
[    0.149783] squashfs: version 4.0 (2009/01/31) Phillip Lougher
[    0.150275] fuse: init (API version 7.38)
[    0.638892] Key type asymmetric registered
[    0.638933] Asymmetric key parser 'x509' registered
[    0.639538] io scheduler mq-deadline registered
[    0.639565] io scheduler kyber registered
[    0.664362] mxs-dma 1804000.dma-apbh: initialized
[    0.680416] 2020000.serial: ttymxc0 at MMIO 0x2020000 (irq = 192, base_baud = 5000000) is a IMX
[    0.680552] printk: console [ttymxc0] enabled
[    1.257141] Freeing initrd memory: 2628K
[    1.260162] imx-sdma 20ec000.dma-controller: Direct firmware load for imx/sdma/sdma-imx6q.bin failed with error -2
[    1.269375] imx-sdma 20ec000.dma-controller: external firmware not found, using ROM firmware
[    1.279032] 21ec000.serial: ttymxc2 at MMIO 0x21ec000 (irq = 193, base_baud = 5000000) is a IMX
[    1.321593] imx_rngc 2284000.rng: Freescale RNGB registered (HW revision 2.129)
[    1.328730] random: crng init done
[    1.363094] brd: module loaded
[    1.376006] loop: module loaded
[    1.452065] i2c_dev: i2c /dev entries driver
[    1.463807] sdhci: Secure Digital Host Controller Interface driver
[    1.468847] sdhci: Copyright(c) Pierre Ossman
[    1.471916] sdhci-pltfm: SDHCI platform and OF driver helper
[    1.479827] sdhci-esdhc-imx 2190000.mmc: allocated mmc-pwrseq
[    1.494523] usbcore: registered new interface driver usbhid
[    1.498959] usbhid: USB HID core driver
[    1.508888] NET: Registered PF_INET6 protocol family
[    1.514885] Segment Routing with IPv6
[    1.517362] In-situ OAM (IOAM) with IPv6
[    1.520434] sit: IPv6, IPv4 and MPLS over IPv4 tunneling driver
[    1.526454] NET: Registered PF_PACKET protocol family
[    1.530448] mmc0: SDHCI controller on 2194000.mmc [2194000.mmc] using ADMA
[    1.540190] Registering SWP/SWPB emulation handler
[    1.552994] Loading compiled-in X.509 certificates
[    1.570765] mmc1: SDHCI controller on 2190000.mmc [2190000.mmc] using ADMA
[    1.582646] sdhci-esdhc-imx 2190000.mmc: card claims to support voltages below defined range
[    1.589949] mmc0: host does not support reading read-only switch, assuming write-enable
[    1.599364] imx_usb 2184000.usb: No over current polarity defined
[    1.605167] mmc0: new high speed SDHC card at address aaaa
[    1.610592] mmcblk0: mmc0:aaaa SC16G 14.8 GiB 
[    1.621374]  mmcblk0: p1 p2
[    1.648473] mmc1: new high speed SDIO card at address 0001
[    1.795141] imx_thermal 20c8000.anatop:tempmon: Commercial CPU temperature grade - max:95C critical:90C passive:85C
[    1.806857] imx6ul-pinctrl 2290000.iomuxc-snvs: pin MX6ULL_PAD_SNVS_TAMPER3 already requested by 21f8000.i2c; cannot claim for gpio-keys
[    1.818036] imx6ul-pinctrl 2290000.iomuxc-snvs: pin-5 (gpio-keys) status -22
[    1.823939] imx6ul-pinctrl 2290000.iomuxc-snvs: could not request pin 5 (MX6ULL_PAD_SNVS_TAMPER3) from group gpio_snvs_keys_grp  on device 2290000.iomuxc-snvs
[    1.836922] gpio-keys gpio-keys: Error applying setting, reverse things back
[    1.846217] cfg80211: Loading compiled-in X.509 certificates for regulatory database
[    1.856455] Loaded X.509 cert 'sforshee: 00b28ddf47aef9cea7'
[    1.861400] platform regulatory.0: Direct firmware load for regulatory.db failed with error -2
[    1.870478] Freeing unused kernel image (initmem) memory: 1024K
[    1.875175] cfg80211: failed to load regulatory.db
[    1.878962] Run /init as init process
[    1.881329]   with arguments:
[    1.882993]     /init
[    1.883964]   with environment:
[    1.885801]     HOME=/
[    1.886858]     TERM=linux
[    2.691423] configfs-gadget.g1 gadget.0: HOST MAC be:b5:08:46:59:4d
[    2.696422] configfs-gadget.g1 gadget.0: MAC 86:c1:ab:3b:42:51
[    3.133096] IPv6: ADDRCONF(NETDEV_CHANGE): usb0: link becomes ready
[    3.222623] EXT4-fs (mmcblk0p1): mounted filesystem 508a67ec-dbbb-40ec-b489-6abc42a46c46 without journal. Quota mode: none.
[    8.499136] EXT4-fs (mmcblk0p2): orphan cleanup on readonly fs
[    8.511624] EXT4-fs (mmcblk0p2): mounted filesystem 75520dc3-2e9d-48e0-b687-38e05def9012 with ordered data mode. Quota mode: none.
[    8.545418] EXT4-fs (mmcblk0p1): unmounting filesystem 508a67ec-dbbb-40ec-b489-6abc42a46c46.
[    8.888369] EXT4-fs (mmcblk0p1): mounted filesystem 508a67ec-dbbb-40ec-b489-6abc42a46c46 without journal. Quota mode: none.
[   12.375713] udevd[744]: starting version 3.2.12
[   12.442427] udevd[744]: specified group 'sgx' unknown
[   12.559863] udevd[744]: starting eudev-3.2.12
[   13.332895] sy7636_probe calling
[   13.332983] sy7636_i2c_parse_dt_pdata():gpio_pmic_pwrall=78
[   13.333021] sy7636_i2c_parse_dt_pdata():gpio_pmic_pwrall init set 1
[   13.335060] sy7636_i2c_parse_dt_pdata():gpio_pmic_powerup=89
[   13.335077] sy7636_detect calling
[   13.349465] lm3630a_bl 0-0036: LM3630A backlight register OK.
[   13.373662] mc: Linux media interface: v0.10
[   13.411658] sy7636_detect():opmode=0x0
[   13.411695] sy7636_detect success
[   13.412166] sy7636 0-0062: PMIC SY7636 for eInk display
[   13.412189] sy7636_probe success
[   13.450918] input: ektf2232 as /devices/platform/soc/2100000.bus/21a0000.i2c/i2c-0/0-0015/input/input0
[   13.457858] videodev: Linux video capture interface: v2.00
[   13.509103] rc5t619-rtc rc5t619-rtc: registered as rtc0
[   13.527771] rc5t619-rtc rc5t619-rtc: setting system clock to 2023-06-17T10:22:53 UTC (1686997373)
[   13.602830] pxp 21cc000.pxp: Device registered as /dev/video0
[   14.115237] sy7636_sensor_probe starting
[   14.115296] sy7636_sensor sy7636-sns: hwmon_device_register() is deprecated. Please convert the driver to use hwmon_device_register_with_info().
[   14.115508] sy7636_sensor_probe success
[   14.131054] sy7636-pmic sy7636-pmic: num_regulators 4
[   14.131201] sy7636-pmic sy7636-pmic: on_delay1=0x2
[   14.131216] sy7636-pmic sy7636-pmic: on_delay2=0x2
[   14.131227] sy7636-pmic sy7636-pmic: on_delay3=0x2
[   14.131237] sy7636-pmic sy7636-pmic: on_delay4=0x2
[   14.131249] sy7636-pmic sy7636-pmic: failed to get VLDO property,default will be 0x2
[   14.131258] sy7636-pmic sy7636-pmic: turnoff_delay_ep3v3=100
[   14.131306] sy7636-pmic sy7636-pmic: request vcom gpio failed (-16)!
[   14.131333] sy7636-pmic sy7636-pmic: request powerup gpio failed (-16)!
[   14.131376] sy7636_regulator_probe(947): SY7636@539a2eed
[   14.131390] sy7636_regulator_probe():initial vcom=2500000uV
                
[   14.143622] _sy7636_vcom_get_voltage() : vcom=2620000uV
[   14.143664] VCOM: Bringing 2620000uV into 2750000-2750000uV
[   14.145809] _sy7636_vcom_get_voltage() : vcom=2620000uV
[   14.147344] _sy7636_vcom_get_voltage() : vcom=2620000uV
[   14.151066] _sy7636_vcom_get_voltage() : vcom=2750000uV
[   14.154139] _sy7636_vcom_get_voltage() : vcom=2750000uV
[   14.155547] sy7636_get_temperature():temperature = 0,reg=0x0
[   14.179646] mxc_epdc 228c000.epdc: Direct firmware load for imx/epdc/epdc.fw failed with error -2
[   14.179693] mxc_epdc: probe of 228c000.epdc failed with error -2
[   15.673252] EXT4-fs (mmcblk0p2): re-mounted 75520dc3-2e9d-48e0-b687-38e05def9012. Quota mode: none.
[   17.874272] udevd[744]: specified group 'sgx' unknown
[   32.488240] LDO1: disabling
[   32.488877] LDO3: disabling
[   32.489440] LDO4: disabling
[   32.489997] LDO9: disabling
[   32.490546] LDO10: disabling
[   32.491093] LDORTC1: disabling
[   32.491637] LDORTC2: disabling
[   56.431748] zram: Added device: zram0
kobo-nia:~$ 
