kobo-nia:/$ dmesg
[    0.000000] Booting Linux on physical CPU 0x0
[    0.000000] Linux version 6.3.0 (pmos@dk-ThinkPad-E560) (armv7-alpine-linux-musleabihf-gcc (Alpine 12.2.1_git20220924-r10) 12.2.1 20220924, GNU ld (GNU Binutils) 2.40) #2-postmarketOS Tue May  9 21:30:48 UTC 2023
[    0.000000] CPU: ARMv7 Processor [410fc075] revision 5 (ARMv7), cr=10c5387d
[    0.000000] CPU: div instructions available: patching division code
[    0.000000] CPU: PIPT / VIPT nonaliasing data cache, VIPT aliasing instruction cache
[    0.000000] OF: fdt: Machine model: Kobo Nia
[    0.000000] Memory policy: Data cache writeback
[    0.000000] cma: Reserved 64 MiB at 0x8ac00000
[    0.000000] Zone ranges:
[    0.000000]   Normal   [mem 0x0000000080000000-0x000000008fffffff]
[    0.000000]   HighMem  empty
[    0.000000] Movable zone start for each node
[    0.000000] Early memory node ranges
[    0.000000]   node   0: [mem 0x0000000080000000-0x000000008fffffff]
[    0.000000] Initmem setup node 0 [mem 0x0000000080000000-0x000000008fffffff]
[    0.000000] CPU: All CPU(s) started in SVC mode.
[    0.000000] pcpu-alloc: s0 r0 d32768 u32768 alloc=1*32768
[    0.000000] pcpu-alloc: [0] 0 
[    0.000000] Built 1 zonelists, mobility grouping on.  Total pages: 64960
[    0.000000] Kernel command line: console=ttymxc0,115200 debug
[    0.000000] Dentry cache hash table entries: 32768 (order: 5, 131072 bytes, linear)
[    0.000000] Inode-cache hash table entries: 16384 (order: 4, 65536 bytes, linear)
[    0.000000] mem auto-init: stack:off, heap alloc:off, heap free:off
[    0.000000] Memory: 176344K/262144K available (9216K kernel code, 1080K rwdata, 2576K rodata, 1024K init, 386K bss, 20264K reserved, 65536K cma-reserved, 0K highmem)
[    0.000000] SLUB: HWalign=64, Order=0-3, MinObjects=0, CPUs=1, Nodes=1
[    0.000000] NR_IRQS: 16, nr_irqs: 16, preallocated irqs: 16
[    0.000000] Switching to timer-based delay loop, resolution 41ns
[    0.000003] sched_clock: 32 bits at 24MHz, resolution 41ns, wraps every 89478484971ns
[    0.000039] clocksource: mxc_timer1: mask: 0xffffffff max_cycles: 0xffffffff, max_idle_ns: 79635851949 ns
[    0.002453] Console: colour dummy device 80x30
[    0.002528] Calibrating delay loop (skipped), value calculated using timer frequency.. 48.00 BogoMIPS (lpj=240000)
[    0.002562] pid_max: default: 32768 minimum: 301
[    0.002942] Mount-cache hash table entries: 1024 (order: 0, 4096 bytes, linear)
[    0.002985] Mountpoint-cache hash table entries: 1024 (order: 0, 4096 bytes, linear)
[    0.004748] CPU: Testing write buffer coherency: ok
[    0.006780] cblist_init_generic: Setting adjustable number of callback queues.
[    0.006811] cblist_init_generic: Setting shift to 0 and lim to 1.
[    0.007175] Setting up static identity map for 0x80100000 - 0x80100060
[    0.008429] devtmpfs: initialized
[    0.021571] VFP support v0.3: implementor 41 architecture 2 part 30 variant 7 rev 5
[    0.022082] clocksource: jiffies: mask: 0xffffffff max_cycles: 0xffffffff, max_idle_ns: 19112604462750000 ns
[    0.022131] futex hash table entries: 256 (order: -1, 3072 bytes, linear)
[    0.026896] pinctrl core: initialized pinctrl subsystem
[    0.030104] NET: Registered PF_NETLINK/PF_ROUTE protocol family
[    0.032224] DMA: preallocated 256 KiB pool for atomic coherent allocations
[    0.034390] thermal_sys: Registered thermal governor 'step_wise'
[    0.034456] cpuidle: using governor menu
[    0.034562] CPU identified as i.MX6ULL, silicon rev 1.1
[    0.041290] platform soc: Fixed dependency cycle(s) with /soc/bus@2000000/gpc@20dc000
[    0.064053] hw-breakpoint: found 5 (+1 reserved) breakpoint and 4 watchpoint registers.
[    0.064094] hw-breakpoint: maximum watchpoint size is 8 bytes.
[    0.065680] imx6ul-pinctrl 20e0000.pinctrl: initialized IMX pinctrl driver
[    0.067490] imx6ul-pinctrl 2290000.iomuxc-snvs: initialized IMX pinctrl driver
[    0.074181] gpio gpiochip0: Static allocation of GPIO base is deprecated, use dynamic allocation.
[    0.077479] gpio gpiochip1: Static allocation of GPIO base is deprecated, use dynamic allocation.
[    0.080940] gpio gpiochip2: Static allocation of GPIO base is deprecated, use dynamic allocation.
[    0.084346] gpio gpiochip3: Static allocation of GPIO base is deprecated, use dynamic allocation.
[    0.087758] gpio gpiochip4: Static allocation of GPIO base is deprecated, use dynamic allocation.
[    0.094900] usbcore: registered new interface driver usbfs
[    0.095005] usbcore: registered new interface driver hub
[    0.095108] usbcore: registered new device driver usb
[    0.099280] i2c i2c-0: IMX I2C adapter registered
[    0.101695] i2c i2c-3: IMX I2C adapter registered
[    0.102271] pps_core: LinuxPPS API ver. 1 registered
[    0.102289] pps_core: Software ver. 5.3.6 - Copyright 2005-2007 Rodolfo Giometti <giometti@linux.it>
[    0.102342] PTP clock support registered
[    0.106991] clocksource: Switched to clocksource mxc_timer1
[    0.107598] VFS: Disk quotas dquot_6.6.0
[    0.107664] VFS: Dquot-cache hash table entries: 1024 (order 0, 4096 bytes)
[    0.130408] NET: Registered PF_INET protocol family
[    0.130917] IP idents hash table entries: 4096 (order: 3, 32768 bytes, linear)
[    0.132815] tcp_listen_portaddr_hash hash table entries: 1024 (order: 0, 4096 bytes, linear)
[    0.132889] Table-perturb hash table entries: 65536 (order: 6, 262144 bytes, linear)
[    0.132924] TCP established hash table entries: 2048 (order: 1, 8192 bytes, linear)
[    0.132989] TCP bind hash table entries: 2048 (order: 2, 16384 bytes, linear)
[    0.133074] TCP: Hash tables configured (established 2048 bind 2048)
[    0.133265] UDP hash table entries: 256 (order: 0, 4096 bytes, linear)
[    0.133327] UDP-Lite hash table entries: 256 (order: 0, 4096 bytes, linear)
[    0.133653] NET: Registered PF_UNIX/PF_LOCAL protocol family
[    0.138185] hw perfevents: enabled with armv7_cortex_a7 PMU driver, 5 counters available
[    0.141271] Initialise system trusted keyrings
[    0.142411] Trying to unpack rootfs image as initramfs...
[    0.147708] workingset: timestamp_bits=14 max_order=16 bucket_order=2
[    0.148585] squashfs: version 4.0 (2009/01/31) Phillip Lougher
[    0.149077] fuse: init (API version 7.38)
[    0.638225] Key type asymmetric registered
[    0.638266] Asymmetric key parser 'x509' registered
[    0.638900] io scheduler mq-deadline registered
[    0.638926] io scheduler kyber registered
[    0.662751] mxs-dma 1804000.dma-apbh: initialized
[    0.678195] 2020000.serial: ttymxc0 at MMIO 0x2020000 (irq = 192, base_baud = 5000000) is a IMX
[    0.678335] printk: console [ttymxc0] enabled
[    1.267788] Freeing initrd memory: 2672K
[    1.270719] imx-sdma 20ec000.dma-controller: Direct firmware load for imx/sdma/sdma-imx6q.bin failed with error -2
[    1.279939] imx-sdma 20ec000.dma-controller: external firmware not found, using ROM firmware
[    1.289565] 21ec000.serial: ttymxc2 at MMIO 0x21ec000 (irq = 193, base_baud = 5000000) is a IMX
[    1.332200] imx_rngc 2284000.rng: Freescale RNGB registered (HW revision 2.129)
[    1.338894] random: crng init done
[    1.373537] brd: module loaded
[    1.386454] loop: module loaded
[    1.462517] i2c_dev: i2c /dev entries driver
[    1.474356] sdhci: Secure Digital Host Controller Interface driver
[    1.479379] sdhci: Copyright(c) Pierre Ossman
[    1.482470] sdhci-pltfm: SDHCI platform and OF driver helper
[    1.501317] usbcore: registered new interface driver usbhid
[    1.505694] usbhid: USB HID core driver
[    1.514493] NET: Registered PF_INET6 protocol family
[    1.520459] Segment Routing with IPv6
[    1.523245] In-situ OAM (IOAM) with IPv6
[    1.526125] sit: IPv6, IPv4 and MPLS over IPv4 tunneling driver
[    1.532223] NET: Registered PF_PACKET protocol family
[    1.536182] mmc1: SDHCI controller on 2190000.mmc [2190000.mmc] using ADMA
[    1.541882] mmc0: SDHCI controller on 2194000.mmc [2194000.mmc] using ADMA
[    1.552312] Registering SWP/SWPB emulation handler
[    1.564321] Loading compiled-in X.509 certificates
[    1.589732] mmc0: host does not support reading read-only switch, assuming write-enable
[    1.596696] imx_usb 2184000.usb: No over current polarity defined
[    1.608703] mmc0: new high speed SDHC card at address aaaa
[    1.614030] mmcblk0: mmc0:aaaa SC16G 14.8 GiB 
[    1.625162]  mmcblk0: p1 p2
[    1.781648] imx_thermal 20c8000.anatop:tempmon: Commercial CPU temperature grade - max:95C critical:90C passive:85C
[    1.793632] imx6ul-pinctrl 2290000.iomuxc-snvs: pin MX6ULL_PAD_SNVS_TAMPER3 already requested by 21f8000.i2c; cannot claim for gpio-keys
[    1.804798] imx6ul-pinctrl 2290000.iomuxc-snvs: pin-5 (gpio-keys) status -22
[    1.810663] imx6ul-pinctrl 2290000.iomuxc-snvs: could not request pin 5 (MX6ULL_PAD_SNVS_TAMPER3) from group gpio_snvs_keys_grp  on device 2290000.iomuxc-snvs
[    1.823637] gpio-keys gpio-keys: Error applying setting, reverse things back
[    1.833333] cfg80211: Loading compiled-in X.509 certificates for regulatory database
[    1.844207] Loaded X.509 cert 'sforshee: 00b28ddf47aef9cea7'
[    1.849307] platform regulatory.0: Direct firmware load for regulatory.db failed with error -2
[    1.858575] Freeing unused kernel image (initmem) memory: 1024K
[    1.863416] cfg80211: failed to load regulatory.db
[    1.867325] Run /init as init process
[    1.869709]   with arguments:
[    1.871375]     /init
[    1.872346]   with environment:
[    1.874183]     HOME=/
[    1.875240]     TERM=linux
[    2.619014] configfs-gadget.g1 gadget.0: HOST MAC 4a:97:3a:f1:35:bd
[    2.624014] configfs-gadget.g1 gadget.0: MAC 16:53:fb:fa:9b:df
[    3.049005] IPv6: ADDRCONF(NETDEV_CHANGE): usb0: link becomes ready
[    3.191726] EXT4-fs (mmcblk0p1): mounted filesystem 419fbf96-8146-4d00-9470-3543c51b7df9 without journal. Quota mode: none.
[    8.094121] EXT4-fs (mmcblk0p2): INFO: recovery required on readonly filesystem
[    8.100200] EXT4-fs (mmcblk0p2): write access will be enabled during recovery
[    8.748339] EXT4-fs (mmcblk0p2): orphan cleanup on readonly fs
[    8.759072] EXT4-fs (mmcblk0p2): recovery complete
[    8.767128] EXT4-fs (mmcblk0p2): mounted filesystem 2725e597-a32b-4caf-a5a9-30e1af8417d7 with ordered data mode. Quota mode: none.
[    8.789851] EXT4-fs (mmcblk0p1): unmounting filesystem 419fbf96-8146-4d00-9470-3543c51b7df9.
[    9.086038] EXT4-fs (mmcblk0p1): warning: mounting unchecked fs, running e2fsck is recommended
[    9.095848] EXT4-fs (mmcblk0p1): mounted filesystem 419fbf96-8146-4d00-9470-3543c51b7df9 without journal. Qu