Starting kernel ...

[    0.000000] Booting Linux on physical CPU 0x0
[    0.000000] Linux version 5.16.0 (ciel@archciel) (armv7l-linux-musleabihf-gcc (GCC) 10.2.1 20210227,2
[    0.000000] CPU: ARMv7 Processor [414fc091] revision 1 (ARMv7), cr=10c5387d
[    0.000000] CPU: PIPT / VIPT nonaliasing data cache, VIPT aliasing instruction cache
[    0.000000] OF: fdt: Machine model: Kobo Clara HD
[    0.000000] Memory policy: Data cache writeback
[    0.000000] cma: Reserved 64 MiB at 0x9c000000
[    0.000000] Zone ranges:
[    0.000000]   Normal   [mem 0x0000000080000000-0x000000009fffffff]
[    0.000000]   HighMem  empty
[    0.000000] Movable zone start for each node
[    0.000000] Early memory node ranges
[    0.000000]   node   0: [mem 0x0000000080000000-0x000000009fffffff]
[    0.000000] Initmem setup node 0 [mem 0x0000000080000000-0x000000009fffffff]
[    0.000000] CPU: All CPU(s) started in SVC mode.
[    0.000000] percpu: Embedded 16 pages/cpu s36140 r8192 d21204 u65536
[    0.000000] Built 1 zonelists, mobility grouping on.  Total pages: 130048
[    0.000000] Kernel command line: console=ttymxc0,115200 root=/dev/ram0 rdinit=/sbin/init rootfstype=s
[    0.000000] Dentry cache hash table entries: 65536 (order: 6, 262144 bytes, linear)
[    0.000000] Inode-cache hash table entries: 32768 (order: 5, 131072 bytes, linear)
[    0.000000] mem auto-init: stack:off, heap alloc:off, heap free:off
[    0.000000] Memory: 422220K/524288K available (8192K kernel code, 1527K rwdata, 3152K rodata, 7168K )
[    0.000000] SLUB: HWalign=64, Order=0-3, MinObjects=0, CPUs=1, Nodes=1
[    0.000000] trace event string verifier disabled
[    0.000000] Running RCU self tests
[    0.000000] rcu: Hierarchical RCU implementation.
[    0.000000] rcu:     RCU event tracing is enabled.
[    0.000000] rcu:     RCU lockdep checking is enabled.
[    0.000000] rcu:     RCU restricting CPUs from NR_CPUS=4 to nr_cpu_ids=1.
[    0.000000] rcu: RCU calculated value of scheduler-enlistment delay is 10 jiffies.
[    0.000000] rcu: Adjusting geometry for rcu_fanout_leaf=16, nr_cpu_ids=1
[    0.000000] NR_IRQS: 16, nr_irqs: 16, preallocated irqs: 16
[    0.000000] L2C-310 erratum 769419 enabled
[    0.000000] L2C-310 enabling early BRESP for Cortex-A9
[    0.000000] L2C-310 full line of zeros enabled for Cortex-A9
[    0.000000] L2C-310 ID prefetch enabled, offset 16 lines
[    0.000000] L2C-310 dynamic clock gating enabled, standby mode enabled
[    0.000000] L2C-310 cache controller enabled, 16 ways, 256 kB
[    0.000000] L2C-310: CACHE_ID 0x410000c8, AUX_CTRL 0x76430001
[    0.000000] random: get_random_bytes called from start_kernel+0x3f8/0x6a8 with crng_init=0
[    0.000000] clk: failed to reparent pll4_audio_div to osc: -22
[    0.000000] clk: failed to reparent pll4_audio_div to osc: -22
[    0.000000] Switching to timer-based delay loop, resolution 15ns
[    0.000001] sched_clock: 32 bits at 66MHz, resolution 15ns, wraps every 32537631224ns
[    0.000034] clocksource: mxc_timer1: mask: 0xffffffff max_cycles: 0xffffffff, max_idle_ns: 289584916s
[    0.002084] Console: colour dummy device 80x30
[    0.002158] Lock dependency validator: Copyright (c) 2006 Red Hat, Inc., Ingo Molnar
[    0.002183] ... MAX_LOCKDEP_SUBCLASSES:  8
[    0.002205] ... MAX_LOCK_DEPTH:          48
[    0.002225] ... MAX_LOCKDEP_KEYS:        8192
[    0.002246] ... CLASSHASH_SIZE:          4096
[    0.002266] ... MAX_LOCKDEP_ENTRIES:     32768
[    0.002286] ... MAX_LOCKDEP_CHAINS:      65536
[    0.002307] ... CHAINHASH_SIZE:          32768
[    0.002327]  memory used by lock dependency info: 4061 kB
[    0.002347]  memory used for stack traces: 2112 kB
[    0.002368]  per task-struct memory footprint: 1536 bytes
[    0.002524] Calibrating delay loop (skipped), value calculated using timer frequency.. 132.00 BogoMI)
[    0.002574] pid_max: default: 32768 minimum: 301
[    0.002973] Mount-cache hash table entries: 1024 (order: 0, 4096 bytes, linear)
[    0.003023] Mountpoint-cache hash table entries: 1024 (order: 0, 4096 bytes, linear)
[    0.007757] CPU: Testing write buffer coherency: ok
[    0.007983] CPU0: Spectre v2: using BPIALL workaround
[    0.009214] CPU0: thread -1, cpu 0, socket 0, mpidr 80000000
[    0.013301] Setting up static identity map for 0x80100000 - 0x80100078
[    0.014280] rcu: Hierarchical SRCU implementation.
[    0.016371] smp: Bringing up secondary CPUs ...
[    0.016414] smp: Brought up 1 node, 1 CPU
[    0.016447] SMP: Total of 1 processors activated (132.00 BogoMIPS).
[    0.016480] CPU: All CPU(s) started in SVC mode.
[    0.019985] devtmpfs: initialized
[    0.054886] VFP support v0.3: implementor 41 architecture 3 part 30 variant 9 rev 4
[    0.056247] clocksource: jiffies: mask: 0xffffffff max_cycles: 0xffffffff, max_idle_ns: 191126044627s
[    0.056351] futex hash table entries: 256 (order: 2, 16384 bytes, linear)
[    0.059391] pinctrl core: initialized pinctrl subsystem
[    0.066910] NET: Registered PF_NETLINK/PF_ROUTE protocol family
[    0.099994] DMA: preallocated 256 KiB pool for atomic coherent allocations
[    0.107179] thermal_sys: Registered thermal governor 'step_wise'
[    0.108301] cpuidle: using governor menu
[    0.200538] No ATAGs?
[    0.201026] hw-breakpoint: found 5 (+1 reserved) breakpoint and 1 watchpoint registers.
[    0.201156] hw-breakpoint: maximum watchpoint size is 4 bytes.
[    0.205159] debugfs: Directory 'dummy-iomuxc-gpr@20e4000' with parent 'regmap' already present!
[    0.207182] imx6sll-pinctrl 20e0000.pinctrl: initialized IMX pinctrl driver
[    0.313218] usbcore: registered new interface driver usbfs
[    0.313622] usbcore: registered new interface driver hub
[    0.313849] usbcore: registered new device driver usb
[    0.321236] i2c i2c-0: IMX I2C adapter registered
[    0.330387] i2c i2c-1: IMX I2C adapter registered
[    0.338564] i2c i2c-2: IMX I2C adapter registered
[    0.339863] pps_core: LinuxPPS API ver. 1 registered
[    0.339908] pps_core: Software ver. 5.3.6 - Copyright 2005-2007 Rodolfo Giometti <giometti@linux.it>
[    0.340007] PTP clock support registered
[    0.351241] clocksource: Switched to clocksource mxc_timer1
[    0.698725] VFS: Disk quotas dquot_6.6.0
[    0.698986] VFS: Dquot-cache hash table entries: 1024 (order 0, 4096 bytes)
[    0.773698] NET: Registered PF_INET protocol family
[    0.774803] IP idents hash table entries: 8192 (order: 4, 65536 bytes, linear)
[    0.778093] tcp_listen_portaddr_hash hash table entries: 256 (order: 1, 11264 bytes, linear)
[    0.778225] TCP established hash table entries: 4096 (order: 2, 16384 bytes, linear)
[    0.778390] TCP bind hash table entries: 4096 (order: 5, 163840 bytes, linear)
[    0.779045] TCP: Hash tables configured (established 4096 bind 4096)
[    0.779727] UDP hash table entries: 256 (order: 2, 24576 bytes, linear)
[    0.779905] UDP-Lite hash table entries: 256 (order: 2, 24576 bytes, linear)
[    0.780555] NET: Registered PF_UNIX/PF_LOCAL protocol family
[    0.800345] Initialise system trusted keyrings
[    0.812461] workingset: timestamp_bits=30 max_order=17 bucket_order=0
[    0.875649] squashfs: version 4.0 (2009/01/31) Phillip Lougher
[    0.877237] fuse: init (API version 7.35)
[    0.882452] Key type asymmetric registered
[    0.882700] Asymmetric key parser 'x509' registered
[    0.883641] io scheduler mq-deadline registered
[    0.883695] io scheduler kyber registered
[    0.973979] 2018000.serial: ttymxc3 at MMIO 0x2018000 (irq = 26, base_baud = 5000000) is a IMX
[    0.979430] 2020000.serial: ttymxc0 at MMIO 0x2020000 (irq = 27, base_baud = 5000000) is a IMX
[    2.380585] printk: console [ttymxc0] enabled
[    2.453163] imx_rngc 21b4000.rng: Freescale RNGB registered (HW revision 2.129)
[    2.461506] random: fast init done
[    2.465917] random: crng init done
[    2.604146] brd: module loaded
[    2.668541] loop: module loaded
[    2.682925] tps6518x_probe calling
[    2.707538] tps6518x_detect calling
[    2.745690] tps6518x_detect():revId=0x66
[    2.749673] tps6518x_detect success
[    2.763120] tps6518x 1-0068: PMIC TPS6518x for eInk display
[    2.768748] tps6518x_probe success
[    3.000188] libphy: Fixed MDIO Bus: probed
[    3.014138] ehci_hcd: USB 2.0 'Enhanced' Host Controller (EHCI) Driver
[    3.039920] cyttsp5_i2c_adapter 1-0024: cyttsp5_init: INIT CYTTSP r=0
[    3.067353] cyttsp5_i2c_adapter 1-0024: cyttsp5_get_hid_descriptor_: failed to get HID descriptor le6
[    3.092273] cyttsp5_i2c_adapter 1-0024: cyttsp5_startup_: Error on getting HID descriptor r=-6
[    3.311481] cyttsp5_i2c_adapter 1-0024: cyttsp5_xres: RESET CYTTSP r=0
[    3.443699] cyttsp5_i2c_adapter 1-0024: cyttsp5_startup_: Bootloader mode
[    3.572212] cyttsp5_i2c_adapter 1-0024: cyttsp5_startup_: Operational mode
[    3.579149] cyttsp5_i2c_adapter 1-0024: cyttsp5_startup_: Reading report descriptor
[    3.770594] cyttsp5_i2c_adapter 1-0024: cyttsp5 Protocol Version: 1.6
[    3.852743] input: cyttsp5_mt as /devices/platform/soc/2100000.bus/21a4000.i2c/i2c-1/1-0024/input/in0
[    3.884872] i2c_dev: i2c /dev entries driver
[    3.927580] sdhci: Secure Digital Host Controller Interface driver
[    3.933966] sdhci: Copyright(c) Pierre Ossman
[    3.938358] sdhci-pltfm: SDHCI platform and OF driver helper
[    3.985014] sdhci-esdhc-imx 2198000.mmc: allocated mmc-pwrseq
[    4.010415] usbcore: registered new interface driver usbhid
[    4.016411] usbhid: USB HID core driver
[    4.034559] mmc0: SDHCI controller on 2194000.mmc [2194000.mmc] using ADMA
[    4.094889] NET: Registered PF_INET6 protocol family
[    4.106646] mmc1: SDHCI controller on 2198000.mmc [2198000.mmc] using ADMA
[    4.122046] sdhci-esdhc-imx 2198000.mmc: card claims to support voltages below defined range
[    4.131716] Segment Routing with IPv6
[    4.152084] In-situ OAM (IOAM) with IPv6
[    4.157023] sit: IPv6, IPv4 and MPLS over IPv4 tunneling driver
[    4.171595] mmc0: host does not support reading read-only switch, assuming write-enable
[    4.196000] NET: Registered PF_PACKET protocol family
[    4.207255] mmc0: new ultra high speed DDR50 SDHC card at address e624
[    4.242342] mmc1: new high speed SDIO card at address 0001
[    4.252586] mmcblk0: mmc0:e624 SS08G 7.40 GiB 
[    4.272505] Registering SWP/SWPB emulation handler
[    4.281681] Loading compiled-in X.509 certificates
[    4.309192]  mmcblk0: p1 p2 p3 p4
[    4.661342] imx_thermal 20c8000.anatop:temperature-sensor: Commercial CPU temperature grade - max:95C
[    4.686019] input: gpio-keys as /devices/platform/gpio-keys/input/input1
[    4.712795] cfg80211: Loading compiled-in X.509 certificates for regulatory database
[    4.762444] imx-sdma 20ec000.dma-controller: Direct firmware load for imx/sdma/sdma-imx6q.bin failed2
[    4.778304] imx-sdma 20ec000.dma-controller: external firmware not found, using ROM firmware
[    5.994992] tps6518x-regulator tps6518x-regulator: tps6518x_regulator_probe(622): revID=102,6518x@5b1
[    6.010983] _tps6518x_vcom_get_voltage() : vcom=2790000uV
[    6.021644] _tps6518x_vcom_get_voltage() : vcom=2790000uV
[    6.027091] VCOM: Bringing 2790000uV into 2750000-2750000uV
[    6.035022] _tps6518x_vcom_get_voltage() : vcom=2790000uV
[    6.042502] _tps6518x_vcom_get_voltage() : vcom=2790000uV
[    6.081538] _tps6518x_vcom_get_voltage() : vcom=2750000uV
[    6.091425] _tps6518x_vcom_get_voltage() : vcom=2750000uV
[    6.108930] tps6518x_setup_timings():upseq=>0xe1,0x0,dwnseq=>0x1e,0xe0
[    6.128317] imx_epdc_v2_fb 20f4000.epdc: No qos phandle specified. Ignored.
[    6.140636] imx_epdc_v2_fb 20f4000.epdc: resolution 1448x1072, bpp 16
[    6.164018] imx_epdc_v2_fb 20f4000.epdc: EPDC version = 30
[    6.281242] _tps6518x_vcom_get_voltage() : vcom=2750000uV
[    6.292118] Console: switching to colour frame buffer device 181x67
[    6.311595] imx_epdc_v2_fb 20f4000.epdc: Direct firmware load for imx/epdc/epdc_PENG060D.fw failed w2
[    6.312098] imx_epdc_v2_fb 20f4000.epdc: Direct firmware load for imx/epdc/epdc.fw failed with error2
[    6.366199] EXT4-fs (mmcblk0p1): mounted filesystem with ordered data mode. Opts: . Quota mode: none.
[    6.637783] EXT4-fs (mmcblk0p1): mounted filesystem with ordered data mode. Opts: . Quota mode: none.
[    7.859347] EXT4-fs (mmcblk0p1): mounted filesystem with ordered data mode. Opts: . Quota mode: none.
[    9.070480] EXT4-fs (mmcblk0p1): mounted filesystem with ordered data mode. Opts: . Quota mode: none.
