```
cut: /mnt/onboard/.kobo/version: No such file or directory
QIODevice::read (QFile, "/boot/flags/DIAGS_BOOT"): device not open
QIODevice::read (QFile, "/boot/flags/DISPLAY_DEBUG"): device not open
QIODevice::read (QFile, "/boot/flags/GUI_DEBUG"): device not open
QIODevice::read (QFile, "/opt/root/rooted"): device not open
"512"
mke2fs 1.46.2 (28-Feb-2021)
Discarding device blocks:   1024/131072
done                            
Creating filesystem with 131072 1k blocks and 32768 inodes
Filesystem UUID: c7c2893b-fba0-42ff-8326-6b347779cf89
Superblock backups stored on blocks: 
        8193, 24577, 40961, 57345, 73729

Allocating group tables: done                            
Writing inode tables: done                            
Creating journal (4096 blocks): done
Writing superblocks and filesystem accounting information: Welcome to InkBox
inkbox login: done

yes: (null): Broken pipe
mke2fs 1.46.2 (28-Feb-2021)
Discarding device blocks: done                            
Creating filesystem with 3715712 4k blocks and 930240 inodes
Filesystem UUID: 2a2afc08-6ba0-420d-802c-01def605e21c
Superblock backups stored on blocks: 
        32768, 98304, 163840, 229376, 294912, 819200, 884736, 1605632, 2654208

Allocating group tables: done                            
Writing inode tables: done                            
Creating journal (16384 blocks): done
Writing superblocks and filesystem accounting information: done   

yes: (null): Broken pipe
mke2fs 1.46.2 (28-Feb-2021)
Discarding device blocks: done                            
Creating filesystem with 15360 1k blocks and 3840 inodes
Filesystem UUID: 2b28a705-284f-4fec-8ab8-ba89d67182bb
Superblock backups stored on blocks: 
        8193

Allocating group tables: done                            
Writing inode tables: done                            
Creating journal (1024 blocks): done
Writing superblocks and filesystem accounting information: done

yes: (null): Broken pipe
0+1 records in
0+1 records out
7 bytes (7B) copied, 0.001204 seconds, 5.7KB/s
403+0 records in
403+0 records out
412672 bytes (403.0KB) copied, 0.085055 seconds, 4.6MB/s
cp: can't stat '/opt/recovery/restore/uImage-root': No such file or directory
dd: can't open '/opt/recovery/restore/zImage-root': No such file or directory
[  629.673908] reboot: Power down
```