U-Boot 2009.08-inkbox (Apr 19 2022 - 07:08:20)

CPU: Freescale i.MX6 family TO0.0 at 792 MHz
Temperature:   35 C, calibration data 0x5764ff5f
mx6q pll1: 792MHz
mx6q pll2: 528MHz
mx6q pll3: 480MHz
mx6q pll8: 50MHz
ipg clock     : 66000000Hz
ipg per clock : 24000000Hz
uart clock    : 80000000Hz
cspi clock    : 60000000Hz
ahb clock     : 132000000Hz
axi clock   : 198000000Hz
emi_slow clock: 22000000Hz
ddr clock     : 396000000Hz
usdhc1 clock  : 198000000Hz
usdhc2 clock  : 198000000Hz
usdhc3 clock  : 198000000Hz
usdhc4 clock  : 198000000Hz
Board: MX6SoloLite-NTX:[ POR ]
Boot Device: SD
I2C:   ready
DRAM:  256 MB
MMC:   ram p=80000000,size=268435456
csd is 0x400e0032, 0x5b590000, 0x1d8a7f80, 0xa404000 
scr addr is 0x875fee80, switch_status addr is 0x875feeb8 
mmc0 is current device

MMC read: dev # 0, block # 1023, count 1 ... 1 blocks read: OK

MMC read: dev # 0, block # 1024, count 1 ... 1 blocks read: OK
HW switch boot from ESD
FSL_USDHC: 0,FSL_USDHC: 1,FSL_USDHC: 2
i2c: I2C1 SDA is low, start i2c recovery...
I2C1 Recovery success
hw_anadig_reg_core=7c3e1f

MMC read: dev # 0, block # 34815, count 1 ... 1 blocks read: OK
binary magic @ sector no. 34816 not found !
"logo" not exist !!

MMC read: dev # 0, block # 18431, count 1 ... 1 blocks read: OK
binary magic @ sector no. 18432 not found !
"logo" not exist !!
In:    serial
Out:   serial
Err:   serial
ntx_hw_late_init()

MMC read: dev # 0, block # 1, count 1 ... 1 blocks read: OK
NTXSN:"UxI4PZcGH2QRsR6i4t4NF1NR7eohXacVI9T4TwRVKMBdy9arzUw1DEEl89Qy1FJPyrCLD4JQmevKU9D07rC27YGy9cNubgWQlMqQ4lO79EIkmWSrcGDSTptuuRIClnqochUpffQRQ1sLCkzcy3QEnB0L69hGo0XCFAPRv0j4OIwA1VYCBnR2vxEKFHc2IC
HJuUVFlMq9ZQeKWD8ZAC9qLsq7DWBU05SkDCfO48TloE3hsFYk0ifylf4vEei1D1
"
Device: FSL_USDHC
Manufacturer ID: 3
OEM: 5344
Name: SU04G 
Tran Speed: 50000000
Rd Block Len: 512
SD version 3.0
Clock: 50000000
High Capacity: Yes
Capacity: 3965190144 Bytes
Bus Width: 4-bit 
Boot Partition for boot: No boot partition available
csd is 0x400e0032, 0x5b590000, 0x1d8a7f80, 0xa404000 
scr addr is 0x875feef0, switch_status addr is 0x875fef28 
ntx_config_fastboot_layout():9 binaries partition added
ntx_config_fastboot_layout():3 mbr partition added
Net:   No ethernet found.
 0 
kobo => ext4load mmc 0:4 0x80800000 out.img
Loading file "out.img" from mmc device 0:4 (xxa4)
14362624 bytes read
kobo => booti 0x80800000

 hwcfgp=8ffffe00,pcb=59,customer=9

ESDin=0,UPGKey=-1,PWRKey=0,USBin=0x0,BootESD=0,MenuKey=0

MMC read: dev # 0, block # 14335, count 1 ... 1 blocks read: OK

MMC read: dev # 0, block # 14336, count 2274 ... 2274 blocks read: OK

MMC read: dev # 0, block # 1029, count 1 ... 1 blocks read: OK
[WARNING] Binaries load sequence should Lo->Hi !

MMC read: dev # 0, block # 1030, count 2 ... 2 blocks read: OK
Kernel RAM visiable size=254M->254M
hwcfg rootfstype : 2
hwcfg partition type : 2
kernel   @ 80808000 (14360082)
ramdisk  @ 81800000 (0)
kernel cmdline: 
        use uboot command line:
        ... hwcfg_p=0x8ffffe00 hwcfg_sz=110 waveform_p=0x8fee3a00 waveform_sz=1164278 ntxfw_p=0x8fee3600 ntxfw_sz=782 mem=254M boot_port=1 rootfstype=ext4 root=/dev/mmcblk0p1 quiet 

Starting kernel ...

[    0.000000] Booting Linux on physical CPU 0x0
[    0.000000] Linux version 5.18.0-rc6 (nicolas@fedora) (armv7l-linux-musleabihf-gcc (GCC) 10.2.1 20210227, GNU ld (GNU Binutils) 2.36.1) #2 SMP Sat May 21 12:30:47 EDT 2022
[    0.000000] CPU: ARMv7 Processor [412fc09a] revision 10 (ARMv7), cr=10c5387d
[    0.000000] CPU: PIPT / VIPT nonaliasing data cache, VIPT aliasing instruction cache
[    0.000000] OF: fdt: Machine model: Kobo Aura 2
[    0.000000] earlycon: ec_imx21 at MMIO 0x02020000 (options '')
[    0.000000] printk: bootconsole [ec_imx21] enabled
[    0.000000] Memory policy: Data cache writealloc
[    0.000000] efi: UEFI not found.
[    0.000000] cma: Reserved 64 MiB at 0x8c000000
[    0.000000] Zone ranges:
[    0.000000]   DMA      [mem 0x0000000080000000-0x000000008fffffff]
[    0.000000]   Normal   empty
[    0.000000]   HighMem  empty
[    0.000000] Movable zone start for each node
[    0.000000] Early memory node ranges
[    0.000000]   node   0: [mem 0x0000000080000000-0x000000008fffffff]
[    0.000000] Initmem setup node 0 [mem 0x0000000080000000-0x000000008fffffff]
[    0.000000] percpu: Embedded 16 pages/cpu s34196 r8192 d23148 u65536
[    0.000000] Built 1 zonelists, mobility grouping on.  Total pages: 65024
[    0.000000] Kernel command line: console=/dev/ttymxc0,115200 earlycon root=/dev/ram0 rdinit=/sbin/init rootfstype=ramfs
[    0.000000] Dentry cache hash table entries: 32768 (order: 5, 131072 bytes, linear)
[    0.000000] Inode-cache hash table entries: 16384 (order: 4, 65536 bytes, linear)
[    0.000000] mem auto-init: stack:off, heap alloc:off, heap free:off
[    0.000000] Memory: 160508K/262144K available (14336K kernel code, 2405K rwdata, 5836K rodata, 9216K init, 393K bss, 36100K reserved, 65536K cma-reserved, 0K highmem)
[    0.000000] SLUB: HWalign=64, Order=0-3, MinObjects=0, CPUs=1, Nodes=1
[    0.000000] trace event string verifier disabled
[    0.000000] rcu: Hierarchical RCU implementation.
[    0.000000] rcu:     RCU event tracing is enabled.
[    0.000000] rcu:     RCU restricting CPUs from NR_CPUS=16 to nr_cpu_ids=1.
[    0.000000] rcu: RCU calculated value of scheduler-enlistment delay is 10 jiffies.
[    0.000000] rcu: Adjusting geometry for rcu_fanout_leaf=16, nr_cpu_ids=1
[    0.000000] NR_IRQS: 16, nr_irqs: 16, preallocated irqs: 16
[    0.000000] L2C-310 erratum 769419 enabled
[    0.000000] L2C-310 enabling early BRESP for Cortex-A9
[    0.000000] L2C-310 full line of zeros enabled for Cortex-A9
[    0.000000] L2C-310 ID prefetch enabled, offset 16 lines
[    0.000000] L2C-310 dynamic clock gating enabled, standby mode enabled
[    0.000000] L2C-310 cache controller enabled, 16 ways, 256 kB
[    0.000000] L2C-310: CACHE_ID 0x410000c8, AUX_CTRL 0x76030001
[    0.000000] random: get_random_bytes called from start_kernel+0x4e8/0x690 with crng_init=0
[    0.000000] Switching to timer-based delay loop, resolution 41ns
[    0.000001] sched_clock: 32 bits at 24MHz, resolution 41ns, wraps every 89478484971ns
[    0.007828] clocksource: mxc_timer1: mask: 0xffffffff max_cycles: 0xffffffff, max_idle_ns: 79635851949 ns
[    0.020012] Console: colour dummy device 80x30
[    0.021878] Calibrating delay loop (skipped), value calculated using timer frequency.. 48.00 BogoMIPS (lpj=240000)
[    0.032227] pid_max: default: 32768 minimum: 301
[    0.036941] Mount-cache hash table entries: 1024 (order: 0, 4096 bytes, linear)
[    0.044128] Mountpoint-cache hash table entries: 1024 (order: 0, 4096 bytes, linear)
[    0.052453] CPU: Testing write buffer coherency: ok
[    0.056758] CPU0: Spectre v2: using BPIALL workaround
[    0.061986] CPU0: thread -1, cpu 0, socket 0, mpidr 80000000
[    0.068084] Setting up static identity map for 0x80300000 - 0x803000ac
[    0.075002] rcu: Hierarchical SRCU implementation.
[    0.081021] EFI services will not be available.
[    0.083425] smp: Bringing up secondary CPUs ...
[    0.087777] smp: Brought up 1 node, 1 CPU
[    0.091822] SMP: Total of 1 processors activated (48.00 BogoMIPS).
[    0.097957] CPU: All CPU(s) started in SVC mode.
[    0.103035] devtmpfs: initialized
[    0.110655] VFP support v0.3: implementor 41 architecture 3 part 30 variant 9 rev 4
[    0.115744] clocksource: jiffies: mask: 0xffffffff max_cycles: 0xffffffff, max_idle_ns: 19112604462750000 ns
[    0.125328] futex hash table entries: 256 (order: 2, 16384 bytes, linear)
[    0.135803] pinctrl core: initialized pinctrl subsystem
[    0.139732] DMI not present or invalid.
[    0.142444] NET: Registered PF_NETLINK/PF_ROUTE protocol family
[    0.150385] DMA: preallocated 256 KiB pool for atomic coherent allocations
[    0.157059] thermal_sys: Registered thermal governor 'step_wise'
[    0.157170] cpuidle: using governor menu
[    0.194538] No ATAGs?
[    0.194623] hw-breakpoint: found 5 (+1 reserved) breakpoint and 1 watchpoint registers.
[    0.202008] hw-breakpoint: maximum watchpoint size is 4 bytes.
[    0.210238] imx6sl-pinctrl 20e0000.pinctrl: initialized IMX pinctrl driver
[    0.220215] Serial: AMBA PL011 UART driver
[    0.247410] iommu: Default domain type: Translated 
[    0.249442] iommu: DMA domain TLB invalidation policy: strict mode 
[    0.256518] SCSI subsystem initialized
[    0.260036] usbcore: registered new interface driver usbfs
[    0.264971] usbcore: registered new interface driver hub
[    0.270335] usbcore: registered new device driver usb
[    0.275541] usb_phy_generic usbphynop1: supply vcc not found, using dummy regulator
[    0.283144] usb_phy_generic usbphynop1: dummy supplies not allowed for exclusive requests
[    0.293110] i2c i2c-0: IMX I2C adapter registered
[    0.296568] i2c i2c-1: IMX I2C adapter registered
[    0.301833] i2c i2c-2: IMX I2C adapter registered
[    0.306391] pps_core: LinuxPPS API ver. 1 registered
[    0.310168] pps_core: Software ver. 5.3.6 - Copyright 2005-2007 Rodolfo Giometti <giometti@linux.it>
[    0.319376] PTP clock support registered
[    0.323455] EDAC MC: Ver: 3.0.0
[    0.329797] vgaarb: loaded
[    0.330285] clocksource: Switched to clocksource mxc_timer1
[    1.500406] NET: Registered PF_INET protocol family
[    1.502595] IP idents hash table entries: 4096 (order: 3, 32768 bytes, linear)
[    1.510241] tcp_listen_portaddr_hash hash table entries: 512 (order: 0, 6144 bytes, linear)
[    1.518044] TCP established hash table entries: 2048 (order: 1, 8192 bytes, linear)
[    1.525717] TCP bind hash table entries: 2048 (order: 2, 16384 bytes, linear)
[    1.532859] TCP: Hash tables configured (established 2048 bind 2048)
[    1.539240] UDP hash table entries: 256 (order: 1, 8192 bytes, linear)
[    1.545743] UDP-Lite hash table entries: 256 (order: 1, 8192 bytes, linear)
[    1.552823] NET: Registered PF_UNIX/PF_LOCAL protocol family
[    1.558860] RPC: Registered named UNIX socket transport module.
[    1.564285] RPC: Registered udp transport module.
[    1.568907] RPC: Registered tcp transport module.
[    1.573628] RPC: Registered tcp NFSv4.1 backchannel transport module.
[    1.580048] PCI: CLS 0 bytes, default 64
[    1.620558] hw perfevents: enabled with armv7_cortex_a9 PMU driver, 7 counters available
[    1.627484] Initialise system trusted keyrings
[    1.640758] workingset: timestamp_bits=30 max_order=16 bucket_order=0
[    1.650368] squashfs: version 4.0 (2009/01/31) Phillip Lougher
[    1.661068] NFS: Registering the id_resolver key type
[    1.663297] Key type id_resolver registered
[    1.667452] Key type id_legacy registered
[    1.671616] nfs4filelayout_init: NFSv4 File Layout Driver Registering...
[    1.678155] nfs4flexfilelayout_init: NFSv4 Flexfile Layout Driver Registering...
[    1.685612] ntfs: driver 2.1.32 [Flags: R/O].
[    1.721170] Key type asymmetric registered
[    1.722423] Asymmetric key parser 'x509' registered
[    1.727468] Block layer SCSI generic (bsg) driver version 0.4 loaded (major 247)
[    1.734742] io scheduler mq-deadline registered
[    1.739213] io scheduler kyber registered
[    1.953892] Serial: 8250/16550 driver, 5 ports, IRQ sharing enabled
[    1.962163] SuperH (H)SCI(F) driver initialized
[    1.964752] 2020000.serial: ttymxc0 at MMIO 0x2020000 (irq = 27, base_baud = 5000000) is a IMX
[    1.991118] 2038000.serial: ttymxc3 at MMIO 0x2038000 (irq = 28, base_baud = 5000000) is a IMX
[    1.998357] msm_serial: driver initialized
[    2.001065] STMicroelectronics ASC driver initialized
[    2.007439] STM32 USART driver initialized
[    2.071131] imx_rngc 21b4000.rngb: Freescale RNGB registered (HW revision 2.129)
[    2.083998] random: fast init done
[    2.084930] random: crng init done
[    2.120842] brd: module loaded
[    2.127257] loop: module loaded
[    2.354377] CAN device driver interface
[    2.356610] bgmac_bcma: Broadcom 47xx GBit MAC driver loaded
[    2.362727] e1000e: Intel(R) PRO/1000 Network Driver
[    2.365979] e1000e: Copyright(c) 1999 - 2015 Intel Corporation.
[    2.372031] igb: Intel(R) Gigabit Ethernet Network Driver
[    2.377288] igb: Copyright (c) 2007-2014 Intel Corporation.
[    2.388557] pegasus: Pegasus/Pegasus II USB Ethernet driver
[    2.391407] usbcore: registered new interface driver pegasus
[    2.396979] usbcore: registered new interface driver asix
[    2.402404] usbcore: registered new interface driver ax88179_178a
[    2.408453] usbcore: registered new interface driver cdc_ether
[    2.414322] usbcore: registered new interface driver smsc75xx
[    2.420041] usbcore: registered new interface driver smsc95xx
[    2.425796] usbcore: registered new interface driver net1080
[    2.431446] usbcore: registered new interface driver cdc_subset
[    2.437332] usbcore: registered new interface driver zaurus
[    2.442947] usbcore: registered new interface driver cdc_ncm
[    2.451971] ehci_hcd: USB 2.0 'Enhanced' Host Controller (EHCI) Driver
[    2.455657] ehci-pci: EHCI PCI platform driver
[    2.460141] ehci-platform: EHCI generic platform driver
[    2.465668] ehci-omap: OMAP-EHCI Host Controller driver
[    2.470797] ehci-orion: EHCI orion driver
[    2.474756] SPEAr-ehci: EHCI SPEAr driver
[    2.478727] ehci-st: EHCI STMicroelectronics driver
[    2.483667] ehci-atmel: EHCI Atmel driver
[    2.487600] ohci_hcd: USB 1.1 'Open' Host Controller (OHCI) Driver
[    2.493663] ohci-pci: OHCI PCI platform driver
[    2.498102] ohci-platform: OHCI generic platform driver
[    2.503581] SPEAr-ohci: OHCI SPEAr driver
[    2.507459] ohci-st: OHCI STMicroelectronics driver
[    2.512381] ohci-atmel: OHCI Atmel driver
[    2.516925] usbcore: registered new interface driver usb-storage
[    2.530093] i2c_dev: i2c /dev entries driver
[    2.758325] sdhci: Secure Digital Host Controller Interface driver
[    2.761721] sdhci: Copyright(c) Pierre Ossman
[    2.768814] Synopsys Designware Multimedia Card Interface Driver
[    2.774560] sdhci-pltfm: SDHCI platform and OF driver helper
[    2.784348] mmc0 bounce up to 128 segments into one, max segment size 65536 bytes
[    2.802564] sdhci-esdhc-imx 2198000.mmc: allocated mmc-pwrseq
[    2.805796] mmc1 bounce up to 128 segments into one, max segment size 65536 bytes
[    2.839273] ledtrig-cpu: registered to indicate activity on CPUs
[    2.844485] usbcore: registered new interface driver usbhid
[    2.848009] usbhid: USB HID core driver
[    2.860779] NET: Registered PF_INET6 protocol family
[    2.863108] mmc0: SDHCI controller on 2194000.mmc [2194000.mmc] using DMA
[    2.885595] mmc1: SDHCI controller on 2198000.mmc [2198000.mmc] using DMA
[    2.903224] sdhci-esdhc-imx 2198000.mmc: card claims to support voltages below defined range
[    2.921655] Segment Routing with IPv6
[    2.922500] In-situ OAM (IOAM) with IPv6
[    2.926484] sit: IPv6, IPv4 and MPLS over IPv4 tunneling driver
[    2.933015] NET: Registered PF_PACKET protocol family
[    2.937363] can: controller area network core
[    2.941827] NET: Registered PF_CAN protocol family
[    2.946486] can: raw protocol
[    2.949449] can: broadcast manager protocol
[    2.953677] can: netlink gateway - max_hops=1
[    2.958476] Key type dns_resolver registered
[    2.963362] ThumbEE CPU extension supported.
[    2.966508] Registering SWP/SWPB emulation handler
[    3.003055] mmc1: new high speed SDIO card at address 0001
[    3.006173] mmc0: host does not support reading read-only switch, assuming write-enable
[    3.031072] mmc0: new ultra high speed DDR50 SDHC card at address aaaa
[    3.041689] mmcblk0: mmc0:aaaa SU04G 3.69 GiB 
[    3.048306]  mmcblk0: p1 p2 p3 p4
[    3.070755] Loading compiled-in X.509 certificates
[    3.114122] vddarm: bypassed regulator has no supply!
[    3.116941] vddpu: bypassed regulator has no supply!
[    3.121988] vddsoc: bypassed regulator has no supply!
[    3.178443] imx_thermal 20c8000.anatop:tempmon: Commercial CPU temperature grade - max:95C critical:90C passive:85C
[    3.212236] input: gpio-keys as /devices/platform/gpio-keys/input/input0
