kobo-nia:~$ dmesg
[    0.000000] Booting Linux on physical CPU 0x0
[    0.000000] Linux version 6.3.0 (pmos@dk-ThinkPad-E560) (armv7-alpine-linux-musleabihf-gcc (Alpine 12.2.1_git20220924-r10) 12.2.1 20220924, GNU ld (GNU Binutils) 2.40) #1 Tue Jun 13 18:59:11 UTC 2023
[    0.000000] CPU: ARMv7 Processor [410fc075] revision 5 (ARMv7), cr=10c5387d
[    0.000000] CPU: div instructions available: patching division code
[    0.000000] CPU: PIPT / VIPT nonaliasing data cache, VIPT aliasing instruction cache
[    0.000000] OF: fdt: Machine model: Kobo Nia
[    0.000000] Memory policy: Data cache writeback
[    0.000000] cma: Reserved 64 MiB at 0x8ac00000
[    0.000000] Zone ranges:
[    0.000000]   Normal   [mem 0x0000000080000000-0x000000008fffffff]
[    0.000000]   HighMem  empty
[    0.000000] Movable zone start for each node
[    0.000000] Early memory node ranges
[    0.000000]   node   0: [mem 0x0000000080000000-0x000000008fffffff]
[    0.000000] Initmem setup node 0 [mem 0x0000000080000000-0x000000008fffffff]
[    0.000000] CPU: All CPU(s) started in SVC mode.
[    0.000000] pcpu-alloc: s0 r0 d32768 u32768 alloc=1*32768
[    0.000000] pcpu-alloc: [0] 0 
[    0.000000] Built 1 zonelists, mobility grouping on.  Total pages: 64960
[    0.000000] Kernel command line: console=ttymxc0,115200 debug
[    0.000000] Dentry cache hash table entries: 32768 (order: 5, 131072 bytes, linear)
[    0.000000] Inode-cache hash table entries: 16384 (order: 4, 65536 bytes, linear)
[    0.000000] mem auto-init: stack:off, heap alloc:off, heap free:off
[    0.000000] Memory: 176352K/262144K available (9216K kernel code, 1080K rwdata, 2576K rodata, 1024K init, 386K bss, 20256K reserved, 65536K cma-reserved, 0K highmem)
[    0.000000] SLUB: HWalign=64, Order=0-3, MinObjects=0, CPUs=1, Nodes=1
[    0.000000] NR_IRQS: 16, nr_irqs: 16, preallocated irqs: 16
[    0.000000] Switching to timer-based delay loop, resolution 41ns
[    0.000003] sched_clock: 32 bits at 24MHz, resolution 41ns, wraps every 89478484971ns
[    0.000039] clocksource: mxc_timer1: mask: 0xffffffff max_cycles: 0xffffffff, max_idle_ns: 79635851949 ns
[    0.002458] Console: colour dummy device 80x30
[    0.002532] Calibrating delay loop (skipped), value calculated using timer frequency.. 48.00 BogoMIPS (lpj=240000)
[    0.002566] pid_max: default: 32768 minimum: 301
[    0.002938] Mount-cache hash table entries: 1024 (order: 0, 4096 bytes, linear)
[    0.002980] Mountpoint-cache hash table entries: 1024 (order: 0, 4096 bytes, linear)
[    0.004758] CPU: Testing write buffer coherency: ok
[    0.006804] cblist_init_generic: Setting adjustable number of callback queues.
[    0.006837] cblist_init_generic: Setting shift to 0 and lim to 1.
[    0.007206] Setting up static identity map for 0x80100000 - 0x80100060
[    0.008441] devtmpfs: initialized
[    0.021633] VFP support v0.3: implementor 41 architecture 2 part 30 variant 7 rev 5
[    0.022147] clocksource: jiffies: mask: 0xffffffff max_cycles: 0xffffffff, max_idle_ns: 19112604462750000 ns
[    0.022195] futex hash table entries: 256 (order: -1, 3072 bytes, linear)
[    0.026944] pinctrl core: initialized pinctrl subsystem
[    0.030139] NET: Registered PF_NETLINK/PF_ROUTE protocol family
[    0.032252] DMA: preallocated 256 KiB pool for atomic coherent allocations
[    0.034413] thermal_sys: Registered thermal governor 'step_wise'
[    0.034481] cpuidle: using governor menu
[    0.034588] CPU identified as i.MX6ULL, silicon rev 1.1
[    0.041337] platform soc: Fixed dependency cycle(s) with /soc/bus@2000000/gpc@20dc000
[    0.064116] hw-breakpoint: found 5 (+1 reserved) breakpoint and 4 watchpoint registers.
[    0.064156] hw-breakpoint: maximum watchpoint size is 8 bytes.
[    0.065765] imx6ul-pinctrl 20e0000.pinctrl: initialized IMX pinctrl driver
[    0.067583] imx6ul-pinctrl 2290000.iomuxc-snvs: initialized IMX pinctrl driver
[    0.074259] gpio gpiochip0: Static allocation of GPIO base is deprecated, use dynamic allocation.
[    0.077570] gpio gpiochip1: Static allocation of GPIO base is deprecated, use dynamic allocation.
[    0.081044] gpio gpiochip2: Static allocation of GPIO base is deprecated, use dynamic allocation.
[    0.084450] gpio gpiochip3: Static allocation of GPIO base is deprecated, use dynamic allocation.
[    0.087874] gpio gpiochip4: Static allocation of GPIO base is deprecated, use dynamic allocation.
[    0.095042] usbcore: registered new interface driver usbfs
[    0.095149] usbcore: registered new interface driver hub
[    0.095250] usbcore: registered new device driver usb
[    0.099413] i2c i2c-0: IMX I2C adapter registered
[    0.101821] i2c i2c-3: IMX I2C adapter registered
[    0.102399] pps_core: LinuxPPS API ver. 1 registered
[    0.102417] pps_core: Software ver. 5.3.6 - Copyright 2005-2007 Rodolfo Giometti <giometti@linux.it>
[    0.102466] PTP clock support registered
[    0.107144] clocksource: Switched to clocksource mxc_timer1
[    0.107744] VFS: Disk quotas dquot_6.6.0
[    0.107809] VFS: Dquot-cache hash table entries: 1024 (order 0, 4096 bytes)
[    0.130531] NET: Registered PF_INET protocol family
[    0.131039] IP idents hash table entries: 4096 (order: 3, 32768 bytes, linear)
[    0.132931] tcp_listen_portaddr_hash hash table entries: 1024 (order: 0, 4096 bytes, linear)
[    0.133006] Table-perturb hash table entries: 65536 (order: 6, 262144 bytes, linear)
[    0.133041] TCP established hash table entries: 2048 (order: 1, 8192 bytes, linear)
[    0.133106] TCP bind hash table entries: 2048 (order: 2, 16384 bytes, linear)
[    0.133190] TCP: Hash tables configured (established 2048 bind 2048)
[    0.133383] UDP hash table entries: 256 (order: 0, 4096 bytes, linear)
[    0.133446] UDP-Lite hash table entries: 256 (order: 0, 4096 bytes, linear)
[    0.133776] NET: Registered PF_UNIX/PF_LOCAL protocol family
[    0.138308] hw perfevents: enabled with armv7_cortex_a7 PMU driver, 5 counters available
[    0.141404] Initialise system trusted keyrings
[    0.142503] Trying to unpack rootfs image as initramfs...
[    0.147784] workingset: timestamp_bits=14 max_order=16 bucket_order=2
[    0.148658] squashfs: version 4.0 (2009/01/31) Phillip Lougher
[    0.149151] fuse: init (API version 7.38)
[    0.637566] Key type asymmetric registered
[    0.637606] Asymmetric key parser 'x509' registered
[    0.638241] io scheduler mq-deadline registered
[    0.638270] io scheduler kyber registered
[    0.662811] mxs-dma 1804000.dma-apbh: initialized
[    0.678560] 2020000.serial: ttymxc0 at MMIO 0x2020000 (irq = 192, base_baud = 5000000) is a IMX
[    0.678695] printk: console [ttymxc0] enabled
[    1.268921] Freeing initrd memory: 2664K
[    1.271865] imx-sdma 20ec000.dma-controller: Direct firmware load for imx/sdma/sdma-imx6q.bin failed with error -2
[    1.281090] imx-sdma 20ec000.dma-controller: external firmware not found, using ROM firmware
[    1.290715] 21ec000.serial: ttymxc2 at MMIO 0x21ec000 (irq = 193, base_baud = 5000000) is a IMX
[    1.333261] imx_rngc 2284000.rng: Freescale RNGB registered (HW revision 2.129)
[    1.339961] random: crng init done
[    1.374773] brd: module loaded
[    1.387764] loop: module loaded
[    1.463677] i2c_dev: i2c /dev entries driver
[    1.475542] sdhci: Secure Digital Host Controller Interface driver
[    1.480569] sdhci: Copyright(c) Pierre Ossman
[    1.483659] sdhci-pltfm: SDHCI platform and OF driver helper
[    1.502495] usbcore: registered new interface driver usbhid
[    1.506869] usbhid: USB HID core driver
[    1.515647] NET: Registered PF_INET6 protocol family
[    1.521608] Segment Routing with IPv6
[    1.524397] In-situ OAM (IOAM) with IPv6
[    1.527338] sit: IPv6, IPv4 and MPLS over IPv4 tunneling driver
[    1.533371] NET: Registered PF_PACKET protocol family
[    1.537368] mmc1: SDHCI controller on 2190000.mmc [2190000.mmc] using ADMA
[    1.543206] mmc0: SDHCI controller on 2194000.mmc [2194000.mmc] using ADMA
[    1.553537] Registering SWP/SWPB emulation handler
[    1.564624] Loading compiled-in X.509 certificates
[    1.590075] imx_usb 2184000.usb: No over current polarity defined
[    1.597528] mmc0: host does not support reading read-only switch, assuming write-enable
[    1.611857] mmc0: new high speed SDHC card at address aaaa
[    1.617447] mmcblk0: mmc0:aaaa SC16G 14.8 GiB 
[    1.626365]  mmcblk0: p1 p2
[    1.771707] imx_thermal 20c8000.anatop:tempmon: Commercial CPU temperature grade - max:95C critical:90C passive:85C
[    1.783965] imx6ul-pinctrl 2290000.iomuxc-snvs: pin MX6ULL_PAD_SNVS_TAMPER3 already requested by 21f8000.i2c; cannot claim for gpio-keys
[    1.795078] imx6ul-pinctrl 2290000.iomuxc-snvs: pin-5 (gpio-keys) status -22
[    1.800878] imx6ul-pinctrl 2290000.iomuxc-snvs: could not request pin 5 (MX6ULL_PAD_SNVS_TAMPER3) from group gpio_snvs_keys_grp  on device 2290000.iomuxc-snvs
[    1.813784] gpio-keys gpio-keys: Error applying setting, reverse things back
[    1.821419] cfg80211: Loading compiled-in X.509 certificates for regulatory database
[    1.831915] Loaded X.509 cert 'sforshee: 00b28ddf47aef9cea7'
[    1.836926] platform regulatory.0: Direct firmware load for regulatory.db failed with error -2
[    1.846212] Freeing unused kernel image (initmem) memory: 1024K
[    1.851099] cfg80211: failed to load regulatory.db
[    1.854958] Run /init as init process
[    1.857363]   with arguments:
[    1.859030]     /init
[    1.860001]   with environment:
[    1.861839]     HOME=/
[    1.862895]     TERM=linux
[    2.584258] configfs-gadget.g1 gadget.0: HOST MAC d2:bc:54:61:7e:a0
[    2.589315] configfs-gadget.g1 gadget.0: MAC 56:05:cb:47:3f:38
[    3.012268] IPv6: ADDRCONF(NETDEV_CHANGE): usb0: link becomes ready
[    3.134515] EXT4-fs (mmcblk0p1): mounted filesystem 5eaaa40c-a3b7-4ecc-80d7-98eb5e3a455b without journal. Quota mode: none.
[    8.349561] EXT4-fs (mmcblk0p2): orphan cleanup on readonly fs
[    8.362052] EXT4-fs (mmcblk0p2): mounted filesystem 1d9de0d0-1665-46aa-bdcc-a316398e050e with ordered data mode. Quota mode: none.
[    8.390459] EXT4-fs (mmcblk0p1): unmounting filesystem 5eaaa40c-a3b7-4ecc-80d7-98eb5e3a455b.
[    8.705629] EXT4-fs (mmcblk0p1): mounted filesystem 5eaaa40c-a3b7-4ecc-80d7-98eb5e3a455b without journal. Quota mode: none.
[   12.293837] udevd[741]: starting version 3.2.11
[   12.463336] udevd[741]: starting eudev-3.2.11
[   13.232074] sy7636_probe calling
[   13.233950] sy7636_i2c_parse_dt_pdata():gpio_pmic_pwrall=78
[   13.234007] sy7636_i2c_parse_dt_pdata():gpio_pmic_pwrall init set 1
[   13.237881] sy7636_i2c_parse_dt_pdata():gpio_pmic_powerup=89
[   13.237920] sy7636_detect calling
[   13.256547] sy7636_detect():opmode=0x0
[   13.256583] sy7636_detect success
[   13.257056] sy7636 0-0062: PMIC SY7636 for eInk display
[   13.257079] sy7636_probe success
[   13.269721] lm3630a_bl 0-0036: LM3630A backlight register OK.
[   13.304575] mc: Linux media interface: v0.10
[   13.350108] videodev: Linux video capture interface: v2.00
[   13.401794] rc5t619-rtc rc5t619-rtc: registered as rtc0
[   13.416229] rc5t619-rtc rc5t619-rtc: setting system clock to 2023-06-13T20:17:12 UTC (1686687432)
[   13.544376] pxp 21cc000.pxp: Device registered as /dev/video0
[   13.959691] sy7636_sensor_probe starting
[   13.959743] sy7636_sensor sy7636-sns: hwmon_device_register() is deprecated. Please convert the driver to use hwmon_device_register_with_info().
[   13.959945] sy7636_sensor_probe success
[   13.973513] sy7636-pmic sy7636-pmic: num_regulators 4
[   13.973658] sy7636-pmic sy7636-pmic: on_delay1=0x2
[   13.973673] sy7636-pmic sy7636-pmic: on_delay2=0x2
[   13.973683] sy7636-pmic sy7636-pmic: on_delay3=0x2
[   13.973694] sy7636-pmic sy7636-pmic: on_delay4=0x2
[   13.973705] sy7636-pmic sy7636-pmic: failed to get VLDO property,default will be 0x2
[   13.973715] sy7636-pmic sy7636-pmic: turnoff_delay_ep3v3=100
[   13.973765] sy7636-pmic sy7636-pmic: request vcom gpio failed (-16)!
[   13.973791] sy7636-pmic sy7636-pmic: request powerup gpio failed (-16)!
[   13.973834] sy7636_regulator_probe(947): SY7636@77ebbec4
[   13.973849] sy7636_regulator_probe():initial vcom=2500000uV
                
[   13.983714] _sy7636_vcom_get_voltage() : vcom=2620000uV
[   13.983755] VCOM: Bringing 2620000uV into 2750000-2750000uV
[   13.985262] _sy7636_vcom_get_voltage() : vcom=2620000uV
[   13.986827] _sy7636_vcom_get_voltage() : vcom=2620000uV
[   13.990932] _sy7636_vcom_get_voltage() : vcom=2750000uV
[   13.992572] _sy7636_vcom_get_voltage() : vcom=2750000uV
[   13.993944] sy7636_get_temperature():temperature = 0,reg=0x0
[   14.046666] mxc_epdc 228c000.epdc: EPDC pix format: 400
[   14.049314] [drm] Initialized mxc_epdc 1.0.0 20201007 for 228c000.epdc on minor 0
[   14.066518] mxc_epdc 228c000.epdc: Mode: 1024 x 758
[   14.070123] mxc_epdc 228c000.epdc: Unable to get an accurate EPDC pix clkdesired = 80000000, actual = 72605042
[   15.153226] Console: switching to colour frame buffer device 128x47
[   15.693402] mxc_epdc 228c000.epdc: [drm] fb0: mxc_epdcdrmfb frame buffer device
[   16.028398] mxc_epdc 228c000.epdc: TCE underrun! Will continue to update panel
[   16.040080] EXT4-fs (mmcblk0p2): re-mounted 1d9de0d0-1665-46aa-bdcc-a316398e050e. Quota mode: none.
[   16.071134] mxc_epdc 228c000.epdc: TCE underrun! Will continue to update panel
[   24.480513] zram: Added device: zram0
[   31.849910] LDO1: disabling
[   31.851862] LDO3: disabling
[   31.853770] LDO4: disabling
[   31.855678] LDO9: disabling
[   31.856816] LDO10: disabling
[   31.858456] LDORTC1: disabling
[   31.860382] LDORTC2: disabling
kobo-nia:~$ 
