kobo-nia:~$ dmesg
[    0.000000] Booting Linux on physical CPU 0x0
[    0.000000] Linux version 6.3.0 (pmos@dk-ThinkPad-E560) (armv7-alpine-linux-musleabihf-gcc (Alpine 12.2.1_git20220924-r10) 12.2.1 20220924, GNU ld (GNU Binutils) 2.40) #2 Thu Jun 15 21:42:47 UTC 2023
[    0.000000] CPU: ARMv7 Processor [410fc075] revision 5 (ARMv7), cr=10c5387d
[    0.000000] CPU: div instructions available: patching division code
[    0.000000] CPU: PIPT / VIPT nonaliasing data cache, VIPT aliasing instruction cache
[    0.000000] OF: fdt: Machine model: Kobo Nia
[    0.000000] Memory policy: Data cache writeback
[    0.000000] cma: Reserved 64 MiB at 0x8ac00000
[    0.000000] Zone ranges:
[    0.000000]   Normal   [mem 0x0000000080000000-0x000000008fffffff]
[    0.000000]   HighMem  empty
[    0.000000] Movable zone start for each node
[    0.000000] Early memory node ranges
[    0.000000]   node   0: [mem 0x0000000080000000-0x000000008fffffff]
[    0.000000] Initmem setup node 0 [mem 0x0000000080000000-0x000000008fffffff]
[    0.000000] CPU: All CPU(s) started in SVC mode.
[    0.000000] pcpu-alloc: s0 r0 d32768 u32768 alloc=1*32768
[    0.000000] pcpu-alloc: [0] 0 
[    0.000000] Built 1 zonelists, mobility grouping on.  Total pages: 64960
[    0.000000] Kernel command line: console=ttymxc0,115200 debug
[    0.000000] Dentry cache hash table entries: 32768 (order: 5, 131072 bytes, linear)
[    0.000000] Inode-cache hash table entries: 16384 (order: 4, 65536 bytes, linear)
[    0.000000] mem auto-init: stack:off, heap alloc:off, heap free:off
[    0.000000] Memory: 176348K/262144K available (9216K kernel code, 1080K rwdata, 2576K rodata, 1024K init, 386K bss, 20260K reserved, 65536K cma-reserved, 0K highmem)
[    0.000000] SLUB: HWalign=64, Order=0-3, MinObjects=0, CPUs=1, Nodes=1
[    0.000000] NR_IRQS: 16, nr_irqs: 16, preallocated irqs: 16
[    0.000000] Switching to timer-based delay loop, resolution 41ns
[    0.000003] sched_clock: 32 bits at 24MHz, resolution 41ns, wraps every 89478484971ns
[    0.000038] clocksource: mxc_timer1: mask: 0xffffffff max_cycles: 0xffffffff, max_idle_ns: 79635851949 ns
[    0.002453] Console: colour dummy device 80x30
[    0.002531] Calibrating delay loop (skipped), value calculated using timer frequency.. 48.00 BogoMIPS (lpj=240000)
[    0.002564] pid_max: default: 32768 minimum: 301
[    0.002940] Mount-cache hash table entries: 1024 (order: 0, 4096 bytes, linear)
[    0.002982] Mountpoint-cache hash table entries: 1024 (order: 0, 4096 bytes, linear)
[    0.004755] CPU: Testing write buffer coherency: ok
[    0.006821] cblist_init_generic: Setting adjustable number of callback queues.
[    0.006854] cblist_init_generic: Setting shift to 0 and lim to 1.
[    0.007220] Setting up static identity map for 0x80100000 - 0x80100060
[    0.008462] devtmpfs: initialized
[    0.021677] VFP support v0.3: implementor 41 architecture 2 part 30 variant 7 rev 5
[    0.022190] clocksource: jiffies: mask: 0xffffffff max_cycles: 0xffffffff, max_idle_ns: 19112604462750000 ns
[    0.022240] futex hash table entries: 256 (order: -1, 3072 bytes, linear)
[    0.027000] pinctrl core: initialized pinctrl subsystem
[    0.030375] NET: Registered PF_NETLINK/PF_ROUTE protocol family
[    0.032343] DMA: preallocated 256 KiB pool for atomic coherent allocations
[    0.034497] thermal_sys: Registered thermal governor 'step_wise'
[    0.034565] cpuidle: using governor menu
[    0.034674] CPU identified as i.MX6ULL, silicon rev 1.1
[    0.041467] platform soc: Fixed dependency cycle(s) with /soc/bus@2000000/gpc@20dc000
[    0.064587] hw-breakpoint: found 5 (+1 reserved) breakpoint and 4 watchpoint registers.
[    0.064628] hw-breakpoint: maximum watchpoint size is 8 bytes.
[    0.066230] imx6ul-pinctrl 20e0000.pinctrl: initialized IMX pinctrl driver
[    0.068059] imx6ul-pinctrl 2290000.iomuxc-snvs: initialized IMX pinctrl driver
[    0.074790] gpio gpiochip0: Static allocation of GPIO base is deprecated, use dynamic allocation.
[    0.078074] gpio gpiochip1: Static allocation of GPIO base is deprecated, use dynamic allocation.
[    0.081606] gpio gpiochip2: Static allocation of GPIO base is deprecated, use dynamic allocation.
[    0.084987] gpio gpiochip3: Static allocation of GPIO base is deprecated, use dynamic allocation.
[    0.088442] gpio gpiochip4: Static allocation of GPIO base is deprecated, use dynamic allocation.
[    0.095631] usbcore: registered new interface driver usbfs
[    0.095734] usbcore: registered new interface driver hub
[    0.095851] usbcore: registered new device driver usb
[    0.100173] i2c i2c-0: IMX I2C adapter registered
[    0.102727] i2c i2c-3: IMX I2C adapter registered
[    0.103312] pps_core: LinuxPPS API ver. 1 registered
[    0.103330] pps_core: Software ver. 5.3.6 - Copyright 2005-2007 Rodolfo Giometti <giometti@linux.it>
[    0.103381] PTP clock support registered
[    0.108346] clocksource: Switched to clocksource mxc_timer1
[    0.108958] VFS: Disk quotas dquot_6.6.0
[    0.109026] VFS: Dquot-cache hash table entries: 1024 (order 0, 4096 bytes)
[    0.131852] NET: Registered PF_INET protocol family
[    0.132358] IP idents hash table entries: 4096 (order: 3, 32768 bytes, linear)
[    0.134254] tcp_listen_portaddr_hash hash table entries: 1024 (order: 0, 4096 bytes, linear)
[    0.134330] Table-perturb hash table entries: 65536 (order: 6, 262144 bytes, linear)
[    0.134365] TCP established hash table entries: 2048 (order: 1, 8192 bytes, linear)
[    0.134433] TCP bind hash table entries: 2048 (order: 2, 16384 bytes, linear)
[    0.134518] TCP: Hash tables configured (established 2048 bind 2048)
[    0.134723] UDP hash table entries: 256 (order: 0, 4096 bytes, linear)
[    0.134787] UDP-Lite hash table entries: 256 (order: 0, 4096 bytes, linear)
[    0.135120] NET: Registered PF_UNIX/PF_LOCAL protocol family
[    0.139635] hw perfevents: enabled with armv7_cortex_a7 PMU driver, 5 counters available
[    0.142708] Initialise system trusted keyrings
[    0.143846] Trying to unpack rootfs image as initramfs...
[    0.149103] workingset: timestamp_bits=14 max_order=16 bucket_order=2
[    0.150027] squashfs: version 4.0 (2009/01/31) Phillip Lougher
[    0.150522] fuse: init (API version 7.38)
[    0.638524] Key type asymmetric registered
[    0.638566] Asymmetric key parser 'x509' registered
[    0.639166] io scheduler mq-deadline registered
[    0.639192] io scheduler kyber registered
[    0.663327] mxs-dma 1804000.dma-apbh: initialized
[    0.681216] 2020000.serial: ttymxc0 at MMIO 0x2020000 (irq = 192, base_baud = 5000000) is a IMX
[    0.681354] printk: console [ttymxc0] enabled
[    1.271565] Freeing initrd memory: 2664K
[    1.274510] imx-sdma 20ec000.dma-controller: Direct firmware load for imx/sdma/sdma-imx6q.bin failed with error -2
[    1.283733] imx-sdma 20ec000.dma-controller: external firmware not found, using ROM firmware
[    1.293350] 21ec000.serial: ttymxc2 at MMIO 0x21ec000 (irq = 193, base_baud = 5000000) is a IMX
[    1.335936] imx_rngc 2284000.rng: Freescale RNGB registered (HW revision 2.129)
[    1.342632] random: crng init done
[    1.377339] brd: module loaded
[    1.390295] loop: module loaded
[    1.466405] i2c_dev: i2c /dev entries driver
[    1.478147] sdhci: Secure Digital Host Controller Interface driver
[    1.483169] sdhci: Copyright(c) Pierre Ossman
[    1.486261] sdhci-pltfm: SDHCI platform and OF driver helper
[    1.494147] sdhci-esdhc-imx 2190000.mmc: allocated mmc-pwrseq
[    1.507774] usbcore: registered new interface driver usbhid
[    1.512186] usbhid: USB HID core driver
[    1.523152] NET: Registered PF_INET6 protocol family
[    1.529340] Segment Routing with IPv6
[    1.531820] In-situ OAM (IOAM) with IPv6
[    1.534676] sit: IPv6, IPv4 and MPLS over IPv4 tunneling driver
[    1.539486] mmc0: SDHCI controller on 2194000.mmc [2194000.mmc] using ADMA
[    1.547263] NET: Registered PF_PACKET protocol family
[    1.554893] Registering SWP/SWPB emulation handler
[    1.565327] Loading compiled-in X.509 certificates
[    1.590645] imx_usb 2184000.usb: No over current polarity defined
[    1.595610] mmc1: SDHCI controller on 2190000.mmc [2190000.mmc] using ADMA
[    1.607582] mmc0: host does not support reading read-only switch, assuming write-enable
[    1.621345] sdhci-esdhc-imx 2190000.mmc: card claims to support voltages below defined range
[    1.629105] mmc0: new high speed SDHC card at address aaaa
[    1.634697] mmcblk0: mmc0:aaaa SC16G 14.8 GiB 
[    1.646379]  mmcblk0: p1 p2
[    1.680448] mmc1: new high speed SDIO card at address 0001
[    1.795341] imx_thermal 20c8000.anatop:tempmon: Commercial CPU temperature grade - max:95C critical:90C passive:85C
[    1.807320] imx6ul-pinctrl 2290000.iomuxc-snvs: pin MX6ULL_PAD_SNVS_TAMPER3 already requested by 21f8000.i2c; cannot claim for gpio-keys
[    1.818413] imx6ul-pinctrl 2290000.iomuxc-snvs: pin-5 (gpio-keys) status -22
[    1.824190] imx6ul-pinctrl 2290000.iomuxc-snvs: could not request pin 5 (MX6ULL_PAD_SNVS_TAMPER3) from group gpio_snvs_keys_grp  on device 2290000.iomuxc-snvs
[    1.837136] gpio-keys gpio-keys: Error applying setting, reverse things back
[    1.844771] cfg80211: Loading compiled-in X.509 certificates for regulatory database
[    1.854858] Loaded X.509 cert 'sforshee: 00b28ddf47aef9cea7'
[    1.859832] platform regulatory.0: Direct firmware load for regulatory.db failed with error -2
[    1.867175] cfg80211: failed to load regulatory.db
[    1.872391] Freeing unused kernel image (initmem) memory: 1024K
[    1.877310] Run /init as init process
[    1.879730]   with arguments:
[    1.881399]     /init
[    1.882369]   with environment:
[    1.884206]     HOME=/
[    1.885263]     TERM=linux
[    2.626737] configfs-gadget.g1 gadget.0: HOST MAC ca:79:99:ed:5f:9c
[    2.631795] configfs-gadget.g1 gadget.0: MAC fa:65:b9:9d:10:01
[    3.066352] IPv6: ADDRCONF(NETDEV_CHANGE): usb0: link becomes ready
[    3.175090] EXT4-fs (mmcblk0p1): mounted filesystem 5eaaa40c-a3b7-4ecc-80d7-98eb5e3a455b without journal. Quota mode: none.
[    8.437156] EXT4-fs (mmcblk0p2): orphan cleanup on readonly fs
[    8.449719] EXT4-fs (mmcblk0p2): mounted filesystem 1d9de0d0-1665-46aa-bdcc-a316398e050e with ordered data mode. Quota mode: none.
[    8.482381] EXT4-fs (mmcblk0p1): unmounting filesystem 5eaaa40c-a3b7-4ecc-80d7-98eb5e3a455b.
[    8.818886] EXT4-fs (mmcblk0p1): mounted filesystem 5eaaa40c-a3b7-4ecc-80d7-98eb5e3a455b without journal. Quota mode: none.
[   12.298695] udevd[743]: starting version 3.2.11
[   12.464437] udevd[743]: starting eudev-3.2.11
[   13.253674] sy7636_probe calling
[   13.253741] sy7636_i2c_parse_dt_pdata():gpio_pmic_pwrall=78
[   13.256104] sy7636_i2c_parse_dt_pdata():gpio_pmic_pwrall init set 1
[   13.258191] sy7636_i2c_parse_dt_pdata():gpio_pmic_powerup=89
[   13.258212] sy7636_detect calling
[   13.271736] lm3630a_bl 0-0036: LM3630A backlight register OK.
[   13.297307] sy7636_detect():opmode=0x0
[   13.297344] sy7636_detect success
[   13.297949] sy7636 0-0062: PMIC SY7636 for eInk display
[   13.297976] sy7636_probe success
[   13.310591] mc: Linux media interface: v0.10
[   13.366849] videodev: Linux video capture interface: v2.00
[   13.380272] input: ektf2232 as /devices/platform/soc/2100000.bus/21a0000.i2c/i2c-0/0-0015/input/input0
[   13.434972] rc5t619-rtc rc5t619-rtc: registered as rtc0
[   13.446824] rc5t619-rtc rc5t619-rtc: setting system clock to 2023-06-15T21:45:26 UTC (1686865526)
[   13.537162] pxp 21cc000.pxp: Device registered as /dev/video0
[   13.979761] sy7636_sensor_probe starting
[   13.979811] sy7636_sensor sy7636-sns: hwmon_device_register() is deprecated. Please convert the driver to use hwmon_device_register_with_info().
[   13.980019] sy7636_sensor_probe success
[   13.991325] sy7636-pmic sy7636-pmic: num_regulators 4
[   13.991471] sy7636-pmic sy7636-pmic: on_delay1=0x2
[   13.991486] sy7636-pmic sy7636-pmic: on_delay2=0x2
[   13.991496] sy7636-pmic sy7636-pmic: on_delay3=0x2
[   13.991507] sy7636-pmic sy7636-pmic: on_delay4=0x2
[   13.991519] sy7636-pmic sy7636-pmic: failed to get VLDO property,default will be 0x2
[   13.991528] sy7636-pmic sy7636-pmic: turnoff_delay_ep3v3=100
[   13.991578] sy7636-pmic sy7636-pmic: request vcom gpio failed (-16)!
[   13.991606] sy7636-pmic sy7636-pmic: request powerup gpio failed (-16)!
[   13.991647] sy7636_regulator_probe(947): SY7636@56db1b0f
[   13.991663] sy7636_regulator_probe():initial vcom=2500000uV
                
[   14.002586] _sy7636_vcom_get_voltage() : vcom=2620000uV
[   14.002626] VCOM: Bringing 2620000uV into 2750000-2750000uV
[   14.005202] _sy7636_vcom_get_voltage() : vcom=2620000uV
[   14.006751] _sy7636_vcom_get_voltage() : vcom=2620000uV
[   14.011548] _sy7636_vcom_get_voltage() : vcom=2750000uV
[   14.013735] _sy7636_vcom_get_voltage() : vcom=2750000uV
[   14.015141] sy7636_get_temperature():temperature = 0,reg=0x0
[   14.067956] mxc_epdc 228c000.epdc: EPDC pix format: 400
[   14.077927] [drm] Initialized mxc_epdc 1.0.0 20201007 for 228c000.epdc on minor 0
[   14.102262] mxc_epdc 228c000.epdc: Mode: 1024 x 758
[   14.105661] mxc_epdc 228c000.epdc: Unable to get an accurate EPDC pix clkdesired = 80000000, actual = 72605042
[   15.174439] Console: switching to colour frame buffer device 128x47
[   15.805498] mxc_epdc 228c000.epdc: [drm] fb0: mxc_epdcdrmfb frame buffer device
[   16.160728] mxc_epdc 228c000.epdc: TCE underrun! Will continue to update panel
[   16.166583] EXT4-fs (mmcblk0p2): re-mounted 1d9de0d0-1665-46aa-bdcc-a316398e050e. Quota mode: none.
[   16.181531] mxc_epdc 228c000.epdc: TCE underrun! Will continue to update panel
[   24.761175] zram: Added device: zram0
kobo-nia:~$ 
