kobo-nia:~$ dmesg
[    0.000000] Booting Linux on physical CPU 0x0
[    0.000000] Linux version 6.1.12 (pmos@dk-ThinkPad-E560) (armv7-alpine-linux-musleabihf-gcc (Alpine 12.2.1_git20220924-r10) 12.2.1 20220924, GNU ld (GNU Binutils) 2.40) #6-postmarketOS Fri May  5 16:08:03 UTC 2023
[    0.000000] CPU: ARMv7 Processor [410fc075] revision 5 (ARMv7), cr=10c5387d
[    0.000000] CPU: div instructions available: patching division code
[    0.000000] CPU: PIPT / VIPT nonaliasing data cache, VIPT aliasing instruction cache
[    0.000000] OF: fdt: Machine model: Kobo Nia
[    0.000000] Memory policy: Data cache writeback
[    0.000000] cma: Reserved 64 MiB at 0x8ac00000
[    0.000000] Zone ranges:
[    0.000000]   Normal   [mem 0x0000000080000000-0x000000008fffffff]
[    0.000000]   HighMem  empty
[    0.000000] Movable zone start for each node
[    0.000000] Early memory node ranges
[    0.000000]   node   0: [mem 0x0000000080000000-0x000000008fffffff]
[    0.000000] Initmem setup node 0 [mem 0x0000000080000000-0x000000008fffffff]
[    0.000000] CPU: All CPU(s) started in SVC mode.
[    0.000000] pcpu-alloc: s0 r0 d32768 u32768 alloc=1*32768
[    0.000000] pcpu-alloc: [0] 0 
[    0.000000] Built 1 zonelists, mobility grouping on.  Total pages: 65024
[    0.000000] Kernel command line: console=ttymxc0,115200 debug
[    0.000000] Dentry cache hash table entries: 32768 (order: 5, 131072 bytes, linear)
[    0.000000] Inode-cache hash table entries: 16384 (order: 4, 65536 bytes, linear)
[    0.000000] mem auto-init: stack:off, heap alloc:off, heap free:off
[    0.000000] Memory: 178920K/262144K available (8192K kernel code, 1051K rwdata, 2216K rodata, 1024K init, 351K bss, 17688K reserved, 65536K cma-reserved, 0K highmem)
[    0.000000] SLUB: HWalign=64, Order=0-3, MinObjects=0, CPUs=1, Nodes=1
[    0.000000] NR_IRQS: 16, nr_irqs: 16, preallocated irqs: 16
[    0.000000] Switching to timer-based delay loop, resolution 41ns
[    0.000003] sched_clock: 32 bits at 24MHz, resolution 41ns, wraps every 89478484971ns
[    0.000039] clocksource: mxc_timer1: mask: 0xffffffff max_cycles: 0xffffffff, max_idle_ns: 79635851949 ns
[    0.002482] Console: colour dummy device 80x30
[    0.002553] Calibrating delay loop (skipped), value calculated using timer frequency.. 48.00 BogoMIPS (lpj=240000)
[    0.002589] pid_max: default: 32768 minimum: 301
[    0.002952] Mount-cache hash table entries: 1024 (order: 0, 4096 bytes, linear)
[    0.002995] Mountpoint-cache hash table entries: 1024 (order: 0, 4096 bytes, linear)
[    0.004194] CPU: Testing write buffer coherency: ok
[    0.005951] Setting up static identity map for 0x80100000 - 0x80100060
[    0.007024] devtmpfs: initialized
[    0.019565] VFP support v0.3: implementor 41 architecture 2 part 30 variant 7 rev 5
[    0.020015] clocksource: jiffies: mask: 0xffffffff max_cycles: 0xffffffff, max_idle_ns: 19112604462750000 ns
[    0.020062] futex hash table entries: 256 (order: -1, 3072 bytes, linear)
[    0.024481] pinctrl core: initialized pinctrl subsystem
[    0.027707] NET: Registered PF_NETLINK/PF_ROUTE protocol family
[    0.029464] DMA: preallocated 256 KiB pool for atomic coherent allocations
[    0.031499] thermal_sys: Registered thermal governor 'step_wise'
[    0.031562] cpuidle: using governor menu
[    0.031660] CPU identified as i.MX6ULL, silicon rev 1.1
[    0.061640] hw-breakpoint: found 5 (+1 reserved) breakpoint and 4 watchpoint registers.
[    0.061678] hw-breakpoint: maximum watchpoint size is 8 bytes.
[    0.063239] imx6ul-pinctrl 20e0000.pinctrl: initialized IMX pinctrl driver
[    0.063908] imx6ul-pinctrl 2290000.iomuxc-snvs: initialized IMX pinctrl driver
[    0.095695] usbcore: registered new interface driver usbfs
[    0.095811] usbcore: registered new interface driver hub
[    0.095903] usbcore: registered new device driver usb
[    0.100021] i2c i2c-0: IMX I2C adapter registered
[    0.102346] i2c i2c-3: IMX I2C adapter registered
[    0.102903] pps_core: LinuxPPS API ver. 1 registered
[    0.102922] pps_core: Software ver. 5.3.6 - Copyright 2005-2007 Rodolfo Giometti <giometti@linux.it>
[    0.102970] PTP clock support registered
[    0.106784] clocksource: Switched to clocksource mxc_timer1
[    0.107235] VFS: Disk quotas dquot_6.6.0
[    0.107320] VFS: Dquot-cache hash table entries: 1024 (order 0, 4096 bytes)
[    0.127969] NET: Registered PF_INET protocol family
[    0.128493] IP idents hash table entries: 4096 (order: 3, 32768 bytes, linear)
[    0.130343] tcp_listen_portaddr_hash hash table entries: 1024 (order: 0, 4096 bytes, linear)
[    0.130421] Table-perturb hash table entries: 65536 (order: 6, 262144 bytes, linear)
[    0.130457] TCP established hash table entries: 2048 (order: 1, 8192 bytes, linear)
[    0.130527] TCP bind hash table entries: 2048 (order: 2, 16384 bytes, linear)
[    0.130612] TCP: Hash tables configured (established 2048 bind 2048)
[    0.130786] UDP hash table entries: 256 (order: 0, 4096 bytes, linear)
[    0.130838] UDP-Lite hash table entries: 256 (order: 0, 4096 bytes, linear)
[    0.131164] NET: Registered PF_UNIX/PF_LOCAL protocol family
[    0.134113] hw perfevents: enabled with armv7_cortex_a7 PMU driver, 5 counters available
[    0.137560] Trying to unpack rootfs image as initramfs...
[    0.148408] Initialise system trusted keyrings
[    0.148882] workingset: timestamp_bits=30 max_order=16 bucket_order=0
[    0.169612] fuse: init (API version 7.37)
[    0.170544] Key type asymmetric registered
[    0.170569] Asymmetric key parser 'x509' registered
[    0.170794] io scheduler mq-deadline registered
[    0.170811] io scheduler kyber registered
[    0.190590] mxs-dma 1804000.dma-apbh: initialized
[    0.197900] 2020000.serial: ttymxc0 at MMIO 0x2020000 (irq = 192, base_baud = 5000000) is a IMX
[    0.529626] Freeing initrd memory: 1440K
[    0.539298] imx-sdma 20ec000.dma-controller: Direct firmware load for imx/sdma/sdma-imx6q.bin failed with error -2
[    0.539346] imx-sdma 20ec000.dma-controller: external firmware not found, using ROM firmware
[    0.790229] printk: console [ttymxc0] enabled
[    0.795584] 21ec000.serial: ttymxc2 at MMIO 0x21ec000 (irq = 193, base_baud = 5000000) is a IMX
[    0.837812] imx_rngc 2284000.rng: Freescale RNGB registered (HW revision 2.129)
[    0.851130] random: crng init done
[    0.875361] brd: module loaded
[    0.886290] loop: module loaded
[    0.915886] rn5t618 3-0032: mask_invert=true is deprecated; please switch to unmask_base
[    0.932683] i2c_dev: i2c /dev entries driver
[    0.941611] sdhci: Secure Digital Host Controller Interface driver
[    0.946522] sdhci: Copyright(c) Pierre Ossman
[    0.949659] sdhci-pltfm: SDHCI platform and OF driver helper
[    0.967410] usbcore: registered new interface driver usbhid
[    0.971754] usbhid: USB HID core driver
[    0.980334] NET: Registered PF_INET6 protocol family
[    0.986031] Segment Routing with IPv6
[    0.988788] In-situ OAM (IOAM) with IPv6
[    0.991746] sit: IPv6, IPv4 and MPLS over IPv4 tunneling driver
[    0.997839] NET: Registered PF_PACKET protocol family
[    1.001757] mmc1: SDHCI controller on 2190000.mmc [2190000.mmc] using ADMA
[    1.007444] mmc0: SDHCI controller on 2194000.mmc [2194000.mmc] using ADMA
[    1.018045] Registering SWP/SWPB emulation handler
[    1.022141] Loading compiled-in X.509 certificates
[    1.044075] imx_usb 2184000.usb: No over current polarity defined
[    1.076855] mmc0: host does not support reading read-only switch, assuming write-enable
[    1.087888] mmc0: new high speed SDHC card at address aaaa
[    1.093194] mmcblk0: mmc0:aaaa SC16G 14.8 GiB 
[    1.102502]  mmcblk0: p1 p2
[    1.223562] imx_thermal 20c8000.anatop:tempmon: Commercial CPU temperature grade - max:95C critical:90C passive:85C
[    1.235250] imx6ul-pinctrl 2290000.iomuxc-snvs: pin MX6ULL_PAD_SNVS_TAMPER3 already requested by 21f8000.i2c; cannot claim for gpio-keys
[    1.246335] imx6ul-pinctrl 2290000.iomuxc-snvs: pin-5 (gpio-keys) status -22
[    1.252140] imx6ul-pinctrl 2290000.iomuxc-snvs: could not request pin 5 (MX6ULL_PAD_SNVS_TAMPER3) from group gpio_snvs_keys_grp  on device 2290000.iomuxc-snvs
[    1.265043] gpio-keys gpio-keys: Error applying setting, reverse things back
[    1.272240] cfg80211: Loading compiled-in X.509 certificates for regulatory database
[    1.282165] cfg80211: Loaded X.509 cert 'sforshee: 00b28ddf47aef9cea7'
[    1.288014] platform regulatory.0: Direct firmware load for regulatory.db failed with error -2
[    1.297213] Freeing unused kernel image (initmem) memory: 1024K
[    1.302045] cfg80211: failed to load regulatory.db
[    1.305851] Run /init as init process
[    1.308264]   with arguments:
[    1.309931]     /init
[    1.310902]   with environment:
[    1.312740]     HOME=/
[    1.313795]     TERM=linux
[    2.000281] using random self ethernet address
[    2.003448] using random host ethernet address
[    2.032935] usb0: HOST MAC 6e:a1:3e:61:f7:62
[    2.035930] usb0: MAC 9e:a3:c2:66:5c:86
[    2.435661] IPv6: ADDRCONF(NETDEV_CHANGE): usb0: link becomes ready
[    2.525487] EXT4-fs (mmcblk0p1): mounted filesystem without journal. Quota mode: none.
[    7.060523] EXT4-fs (mmcblk0p2): orphan cleanup on readonly fs
[    7.073005] EXT4-fs (mmcblk0p2): mounted filesystem with ordered data mode. Quota mode: none.
[    7.096317] EXT4-fs (mmcblk0p1): unmounting filesystem.
[    7.436553] EXT4-fs (mmcblk0p1): mounted filesystem without journal. Quota mode: none.
[   10.383140] udevd[710]: starting version 3.2.11
[   10.508046] udevd[710]: starting eudev-3.2.11
[   11.150413] lm3630a_bl 0-0036: LM3630A backlight register OK.
[   11.198163] mc: Linux media interface: v0.10
[   11.236414] videodev: Linux video capture interface: v2.00
[   11.257175] rc5t619-rtc rc5t619-rtc: registered as rtc0
[   11.262559] rc5t619-rtc rc5t619-rtc: setting system clock to 2023-05-05T20:48:40 UTC (1683319720)
[   11.354041] pxp 21cc000.pxp: Device registered as /dev/video0
[   12.632565] EXT4-fs (mmcblk0p2): re-mounted. Quota mode: none.
[   31.846843] LDO1: disabling
[   31.847441] LDO3: disabling
[   31.847980] LDO4: disabling
[   31.848511] LDO9: disabling
[   31.849043] LDO10: disabling
[   31.849567] LDORTC1: disabling
[   31.850086] LDORTC2: disabling
