MMC read: dev # 0, block # 81920, count 20480 partition # 0 ... 
20480 blocks read: OK
## Booting kernel from Legacy Image at 70800000 ...
   Image Name:   linux-2.6.35.3-inkbox+
   Created:      2023-04-27   2:21:29 UTC
   Image Type:   ARM Linux Kernel Image (uncompressed)
   Data Size:    7260476 Bytes =  6.9 MB
   Load Address: 70008000
   Entry Point:  70008000
   Loading Kernel Image ... OK
OK

Starting kernel ...

Uncompressing Linux... done, booting the kernel.
Interface 'lo': flags set to 0001.

Linux inkbox #1 PREEMPT Thu Apr 27 02:21:25 UTC 202 GNU/Linux
InkBox OS, kernel build mhWIfrqc, commit a5809a4

Copyright (C) 2021-2023 Nicolas Mailloux <nicolecrivain@gmail.com>
 * Checking filesystems ...

e2fsck 1.46.2 (28-Feb-2021)
/dev/mmcblk0p1: clean, 24/4872 files, 8917/19456 blocks
e2fsck 1.46.2 (28-Feb-2021)
/dev/mmcblk0p2: clean, 15/128016 files, 455599/512000 blocks
e2fsck 1.46.2 (28-Feb-2021)
/dev/mmcblk0p3: recovering journal
Setting free inodes count to 32748 (was 32739)
Setting free blocks count to 62829 (was 62822)
/dev/mmcblk0p3: clean, 20/32768 files, 68243/131072 blocks
e2fsck 1.46.2 (28-Feb-2021)
/dev/mmcblk0p4: clean, 131/192768 files, 579749/769894 blocks

(initrd) Hit ENTER to stop auto-boot ... 

 * Device is rooted; not enforcing security policy
 * Boot mode: Standard
Verifying root filesystem's digital signature ...
Done.
 * Mounted root filesystem
 * Mounted core SquashFS archives
 * Mounted essential filesystems
Verified OK

   OpenRC 0.41.2.6fc2696f3e is starting up Linux 2.6.35.3-inkbox+ (armv7l)

 * /proc is already mounted
 * Mounting /run ... * /run/openrc: creating directory
 * /run/lock: creating directory
 * /run/lock: correcting owner
 * Caching service dependencies ... [ ok ]
 * Clock skew detected with `(null)'
 * Adjusting mtime of `/run/openrc/deptree' to Tue Apr 25 03:24:06 2023

 * WARNING: clock skew detected!
 * Setting up eInk screen blanking recovery system ... [ ok ]
 * Mounting fuse control filesystem ... [ ok ]
 * Remounting devtmpfs on /dev ... [ ok ]
 * Mounting /dev/pts ... [ ok ]
 * Mounting /dev/shm ... [ ok ]
 * Starting udev ... [ ok ]
 * WARNING: clock skew detected!
 [ ok ]
 * Starting USBNet ... [ ok ]
 * Splash screen ... [ ok ]
 * Mounting onboard storage filesystem ... [ ok ]
 * Starting InkBox Power Daemon (ipd) ... [ ok ]
 * WARNING: clock skew detected!
 * Starting battery watchdog ... [ ok ]
 * Setting hostname ... [ ok ]
 * Starting InkBox Daemon (ibxd) ... [ ok ]
 * Checking for available updates ...Update skipped or no update available, aborting ...
 [ ok ]
 * Starting InkBox GUI ... * Starting InkBox Daemon (ibxd) ... [ ok ]
 * WARNING: you are stopping a sysinit service
 * Stopping udev ... [ ok ]
 * Starting udev ... [ ok ]
 * Setting up GUI user applications
 [ ok ]
 [ ok ]

Welcome to InkBox OS 1.9
Kernel 2.6.35.3-inkbox+ on armv7l (/dev/ttymxc0)

kobo login: root
Password: 
Welcome to InkBox OS!
login[2421]: root login on 'ttymxc0'
* Warning *
Root filesystem is mounted read-only.
Invoke `ifsctl mnt rootfs rw' to make it read-write.
kobo:~# cat /opt/inkbox_device
n613
kobo:~#