kobo-nia:~$ dmesg
[    0.000000] Booting Linux on physical CPU 0x0
[    0.000000] Linux version 6.3.0 (pmos@dk-ThinkPad-E560) (armv7-alpine-linux-musleabihf-gcc (Alpine 12.2.1_git20220924-r10) 12.2.1 20220924, GNU ld (GNU Binutils) 2.40) #4-postmarketOS Wed May 10 19:36:12 UTC 2023
[    0.000000] CPU: ARMv7 Processor [410fc075] revision 5 (ARMv7), cr=10c5387d
[    0.000000] CPU: div instructions available: patching division code
[    0.000000] CPU: PIPT / VIPT nonaliasing data cache, VIPT aliasing instruction cache
[    0.000000] OF: fdt: Machine model: Kobo Nia
[    0.000000] Memory policy: Data cache writeback
[    0.000000] cma: Reserved 64 MiB at 0x8ac00000
[    0.000000] Zone ranges:
[    0.000000]   Normal   [mem 0x0000000080000000-0x000000008fffffff]
[    0.000000]   HighMem  empty
[    0.000000] Movable zone start for each node
[    0.000000] Early memory node ranges
[    0.000000]   node   0: [mem 0x0000000080000000-0x000000008fffffff]
[    0.000000] Initmem setup node 0 [mem 0x0000000080000000-0x000000008fffffff]
[    0.000000] CPU: All CPU(s) started in SVC mode.
[    0.000000] pcpu-alloc: s0 r0 d32768 u32768 alloc=1*32768
[    0.000000] pcpu-alloc: [0] 0 
[    0.000000] Built 1 zonelists, mobility grouping on.  Total pages: 64960
[    0.000000] Kernel command line: console=ttymxc0,115200 debug
[    0.000000] Dentry cache hash table entries: 32768 (order: 5, 131072 bytes, linear)
[    0.000000] Inode-cache hash table entries: 16384 (order: 4, 65536 bytes, linear)
[    0.000000] mem auto-init: stack:off, heap alloc:off, heap free:off
[    0.000000] Memory: 176376K/262144K available (9216K kernel code, 1080K rwdata, 2576K rodata, 1024K init, 386K bss, 20232K reserved, 65536K cma-reserved, 0K highmem)
[    0.000000] SLUB: HWalign=64, Order=0-3, MinObjects=0, CPUs=1, Nodes=1
[    0.000000] NR_IRQS: 16, nr_irqs: 16, preallocated irqs: 16
[    0.000000] Switching to timer-based delay loop, resolution 41ns
[    0.000003] sched_clock: 32 bits at 24MHz, resolution 41ns, wraps every 89478484971ns
[    0.000039] clocksource: mxc_timer1: mask: 0xffffffff max_cycles: 0xffffffff, max_idle_ns: 79635851949 ns
[    0.002449] Console: colour dummy device 80x30
[    0.002529] Calibrating delay loop (skipped), value calculated using timer frequency.. 48.00 BogoMIPS (lpj=240000)
[    0.002565] pid_max: default: 32768 minimum: 301
[    0.002940] Mount-cache hash table entries: 1024 (order: 0, 4096 bytes, linear)
[    0.002984] Mountpoint-cache hash table entries: 1024 (order: 0, 4096 bytes, linear)
[    0.004761] CPU: Testing write buffer coherency: ok
[    0.006789] cblist_init_generic: Setting adjustable number of callback queues.
[    0.006820] cblist_init_generic: Setting shift to 0 and lim to 1.
[    0.007192] Setting up static identity map for 0x80100000 - 0x80100060
[    0.008445] devtmpfs: initialized
[    0.021630] VFP support v0.3: implementor 41 architecture 2 part 30 variant 7 rev 5
[    0.022144] clocksource: jiffies: mask: 0xffffffff max_cycles: 0xffffffff, max_idle_ns: 19112604462750000 ns
[    0.022195] futex hash table entries: 256 (order: -1, 3072 bytes, linear)
[    0.026977] pinctrl core: initialized pinctrl subsystem
[    0.030264] NET: Registered PF_NETLINK/PF_ROUTE protocol family
[    0.032316] DMA: preallocated 256 KiB pool for atomic coherent allocations
[    0.034472] thermal_sys: Registered thermal governor 'step_wise'
[    0.034541] cpuidle: using governor menu
[    0.034652] CPU identified as i.MX6ULL, silicon rev 1.1
[    0.041391] platform soc: Fixed dependency cycle(s) with /soc/bus@2000000/gpc@20dc000
[    0.064152] hw-breakpoint: found 5 (+1 reserved) breakpoint and 4 watchpoint registers.
[    0.064193] hw-breakpoint: maximum watchpoint size is 8 bytes.
[    0.065787] imx6ul-pinctrl 20e0000.pinctrl: initialized IMX pinctrl driver
[    0.067613] imx6ul-pinctrl 2290000.iomuxc-snvs: initialized IMX pinctrl driver
[    0.074325] gpio gpiochip0: Static allocation of GPIO base is deprecated, use dynamic allocation.
[    0.077617] gpio gpiochip1: Static allocation of GPIO base is deprecated, use dynamic allocation.
[    0.081078] gpio gpiochip2: Static allocation of GPIO base is deprecated, use dynamic allocation.
[    0.084499] gpio gpiochip3: Static allocation of GPIO base is deprecated, use dynamic allocation.
[    0.087913] gpio gpiochip4: Static allocation of GPIO base is deprecated, use dynamic allocation.
[    0.095083] usbcore: registered new interface driver usbfs
[    0.095187] usbcore: registered new interface driver hub
[    0.095285] usbcore: registered new device driver usb
[    0.099460] i2c i2c-0: IMX I2C adapter registered
[    0.101898] i2c i2c-3: IMX I2C adapter registered
[    0.102482] pps_core: LinuxPPS API ver. 1 registered
[    0.102499] pps_core: Software ver. 5.3.6 - Copyright 2005-2007 Rodolfo Giometti <giometti@linux.it>
[    0.102549] PTP clock support registered
[    0.107205] clocksource: Switched to clocksource mxc_timer1
[    0.107823] VFS: Disk quotas dquot_6.6.0
[    0.107889] VFS: Dquot-cache hash table entries: 1024 (order 0, 4096 bytes)
[    0.130737] NET: Registered PF_INET protocol family
[    0.131250] IP idents hash table entries: 4096 (order: 3, 32768 bytes, linear)
[    0.133143] tcp_listen_portaddr_hash hash table entries: 1024 (order: 0, 4096 bytes, linear)
[    0.133216] Table-perturb hash table entries: 65536 (order: 6, 262144 bytes, linear)
[    0.133251] TCP established hash table entries: 2048 (order: 1, 8192 bytes, linear)
[    0.133318] TCP bind hash table entries: 2048 (order: 2, 16384 bytes, linear)
[    0.133403] TCP: Hash tables configured (established 2048 bind 2048)
[    0.133595] UDP hash table entries: 256 (order: 0, 4096 bytes, linear)
[    0.133656] UDP-Lite hash table entries: 256 (order: 0, 4096 bytes, linear)
[    0.133983] NET: Registered PF_UNIX/PF_LOCAL protocol family
[    0.138504] hw perfevents: enabled with armv7_cortex_a7 PMU driver, 5 counters available
[    0.141608] Initialise system trusted keyrings
[    0.142720] Trying to unpack rootfs image as initramfs...
[    0.148005] workingset: timestamp_bits=14 max_order=16 bucket_order=2
[    0.148881] squashfs: version 4.0 (2009/01/31) Phillip Lougher
[    0.149379] fuse: init (API version 7.38)
[    0.637642] Key type asymmetric registered
[    0.637683] Asymmetric key parser 'x509' registered
[    0.638322] io scheduler mq-deadline registered
[    0.638350] io scheduler kyber registered
[    0.663273] mxs-dma 1804000.dma-apbh: initialized
[    0.667752] 2020000.serial: ttymxc0 at MMIO 0x2020000 (irq = 192, base_baud = 5000000) is a IMX
[    0.667878] printk: console [ttymxc0] enabled
[    1.256161] Freeing initrd memory: 2640K
[    1.259222] imx-sdma 20ec000.dma-controller: Direct firmware load for imx/sdma/sdma-imx6q.bin failed with error -2
[    1.268424] imx-sdma 20ec000.dma-controller: external firmware not found, using ROM firmware
[    1.278187] 21ec000.serial: ttymxc2 at MMIO 0x21ec000 (irq = 193, base_baud = 5000000) is a IMX
[    1.320849] imx_rngc 2284000.rng: Freescale RNGB registered (HW revision 2.129)
[    1.327832] random: crng init done
[    1.362288] brd: module loaded
[    1.375201] loop: module loaded
[    1.451479] i2c_dev: i2c /dev entries driver
[    1.463305] sdhci: Secure Digital Host Controller Interface driver
[    1.468332] sdhci: Copyright(c) Pierre Ossman
[    1.471403] sdhci-pltfm: SDHCI platform and OF driver helper
[    1.490302] usbcore: registered new interface driver usbhid
[    1.494680] usbhid: USB HID core driver
[    1.503417] NET: Registered PF_INET6 protocol family
[    1.509410] Segment Routing with IPv6
[    1.512206] In-situ OAM (IOAM) with IPv6
[    1.515084] sit: IPv6, IPv4 and MPLS over IPv4 tunneling driver
[    1.521169] NET: Registered PF_PACKET protocol family
[    1.525151] mmc1: SDHCI controller on 2190000.mmc [2190000.mmc] using ADMA
[    1.530850] mmc0: SDHCI controller on 2194000.mmc [2194000.mmc] using ADMA
[    1.540890] Registering SWP/SWPB emulation handler
[    1.553845] Loading compiled-in X.509 certificates
[    1.579339] imx_usb 2184000.usb: No over current polarity defined
[    1.584300] mmc0: host does not support reading read-only switch, assuming write-enable
[    1.598210] mmc0: new high speed SDHC card at address aaaa
[    1.603514] mmcblk0: mmc0:aaaa SC16G 14.8 GiB 
[    1.614779]  mmcblk0: p1 p2
[    1.772910] imx_thermal 20c8000.anatop:tempmon: Commercial CPU temperature grade - max:95C critical:90C passive:85C
[    1.784981] imx6ul-pinctrl 2290000.iomuxc-snvs: pin MX6ULL_PAD_SNVS_TAMPER3 already requested by 21f8000.i2c; cannot claim for gpio-keys
[    1.796242] imx6ul-pinctrl 2290000.iomuxc-snvs: pin-5 (gpio-keys) status -22
[    1.802117] imx6ul-pinctrl 2290000.iomuxc-snvs: could not request pin 5 (MX6ULL_PAD_SNVS_TAMPER3) from group gpio_snvs_keys_grp  on device 2290000.iomuxc-snvs
[    1.815092] gpio-keys gpio-keys: Error applying setting, reverse things back
[    1.824927] cfg80211: Loading compiled-in X.509 certificates for regulatory database
[    1.835801] Loaded X.509 cert 'sforshee: 00b28ddf47aef9cea7'
[    1.840896] platform regulatory.0: Direct firmware load for regulatory.db failed with error -2
[    1.850143] Freeing unused kernel image (initmem) memory: 1024K
[    1.854993] cfg80211: failed to load regulatory.db
[    1.858844] Run /init as init process
[    1.861230]   with arguments:
[    1.862896]     /init
[    1.863867]   with environment:
[    1.865705]     HOME=/
[    1.866761]     TERM=linux
[    2.682858] configfs-gadget.g1 gadget.0: HOST MAC 0e:f0:d4:e3:f4:87
[    2.687935] configfs-gadget.g1 gadget.0: MAC 76:b3:f8:e3:fe:2f
[    3.109163] IPv6: ADDRCONF(NETDEV_CHANGE): usb0: link becomes ready
[    3.236938] EXT4-fs (mmcblk0p1): mounted filesystem 91661b54-5585-48e8-8f88-8b73971184ac without journal. Quota mode: none.
[    8.503105] EXT4-fs (mmcblk0p2): orphan cleanup on readonly fs
[    8.515603] EXT4-fs (mmcblk0p2): mounted filesystem 7cc2ba2f-4d5e-48fe-a3c4-734bf062b965 with ordered data mode. Quota mode: none.
[    8.548060] EXT4-fs (mmcblk0p1): unmounting filesystem 91661b54-5585-48e8-8f88-8b73971184ac.
[    8.880264] EXT4-fs (mmcblk0p1): mounted filesystem 91661b54-5585-48e8-8f88-8b73971184ac without journal. Quota mode: none.
[   12.049365] udevd[720]: starting version 3.2.11
[   12.188457] udevd[720]: starting eudev-3.2.11
[   12.869189] sy7636_probe calling
[   12.871419] sy7636_i2c_parse_dt_pdata():gpio_pmic_pwrall=78
[   12.871477] sy7636_i2c_parse_dt_pdata():gpio_pmic_pwrall init set 1
[   12.873526] sy7636_i2c_parse_dt_pdata():gpio_pmic_powerup=89
[   12.873547] sy7636_detect calling
[   12.901368] lm3630a_bl 0-0036: LM3630A backlight register OK.
[   12.934815] sy7636_detect():opmode=0x0
[   12.934852] sy7636_detect success
[   12.935488] sy7636 0-0062: PMIC SY7636 for eInk display
[   12.935516] sy7636_probe success
[   12.944841] mc: Linux media interface: v0.10
[   12.985485] videodev: Linux video capture interface: v2.00
[   13.018658] rc5t619-rtc rc5t619-rtc: registered as rtc0
[   13.038771] rc5t619-rtc rc5t619-rtc: setting system clock to 2023-05-10T19:42:11 UTC (1683747731)
[   13.122615] pxp 21cc000.pxp: Device registered as /dev/video0
[   13.559292] sy7636_sensor_probe starting
[   13.559353] sy7636_sensor sy7636-sns: hwmon_device_register() is deprecated. Please convert the driver to use hwmon_device_register_with_info().
[   13.559558] sy7636_sensor_probe success
[   13.568742] sy7636-pmic sy7636-pmic: num_regulators 3
[   13.568868] sy7636-pmic sy7636-pmic: on_delay1=0x2
[   13.568884] sy7636-pmic sy7636-pmic: on_delay2=0x2
[   13.568895] sy7636-pmic sy7636-pmic: on_delay3=0x2
[   13.568905] sy7636-pmic sy7636-pmic: on_delay4=0x2
[   13.568916] sy7636-pmic sy7636-pmic: failed to get VLDO property,default will be 0x2
[   13.568926] sy7636-pmic sy7636-pmic: turnoff_delay_ep3v3=100
[   13.568971] sy7636-pmic sy7636-pmic: request vcom gpio failed (-16)!
[   13.568998] sy7636-pmic sy7636-pmic: request powerup gpio failed (-16)!
[   13.569039] sy7636_regulator_probe(949): SY7636@87ffba62
[   13.569054] sy7636_regulator_probe():initial vcom=2500000uV
                
[   13.579483] _sy7636_vcom_get_voltage() : vcom=2620000uV
[   13.579527] VCOM: Bringing 2620000uV into 2750000-2750000uV
[   13.581031] _sy7636_vcom_get_voltage() : vcom=2620000uV
[   13.582550] _sy7636_vcom_get_voltage() : vcom=2620000uV
[   13.584521] VCOM: failed to apply 2750000-2750000uV constraint: -EPERM
[   13.584582] sy7636-pmic sy7636-pmic: regulator init failed for 1
[   13.584597] sy7636-pmic: probe of sy7636-pmic failed with error -1
[   15.483406] EXT4-fs (mmcblk0p2): re-mounted 7cc2ba2f-4d5e-48fe-a3c4-734bf062b965. Quota mode: none.
[   31.847593] LDO1: disabling
[   31.848516] LDO3: disabling
[   31.849357] LDO4: disabling
[   31.850035] LDO9: disabling
[   31.850690] LDO10: disabling
[   31.851356] LDORTC1: disabling
[   31.852020] LDORTC2: disabling
[   48.079098] zram: Added device: zram0
kobo-nia:~$ 
