nicolas@fedora ~> sudo fdisk /dev/sdb
[sudo] password for nicolas: 

Welcome to fdisk (util-linux 2.37.2).
Changes will remain in memory only, until you decide to write them.
Be careful before using the write command.


Command (m for help): p
Disk /dev/sdb: 7.28 GiB, 7818182656 bytes, 15269888 sectors
Disk model: UMS disk 0      
Units: sectors of 1 * 512 = 512 bytes
Sector size (logical/physical): 512 bytes / 512 bytes
I/O size (minimum/optimal): 512 bytes / 512 bytes
Disklabel type: dos
Disk identifier: 0x00000000

Device     Boot    Start      End Sectors  Size Id Type
/dev/sdb1          49152    79871   30720   15M 83 Linux
/dev/sdb2       10590210 15269887 4679678  2.2G  5 Extended
/dev/sdb3         104448  4298752 4194305    2G  b W95 FAT32
/dev/sdb4        4298753 10590209 6291457    3G 83 Linux
/dev/sdb5       10590226 11614225 1024000  500M 83 Linux
/dev/sdb6       11614242 12138529  524288  256M 83 Linux
/dev/sdb7       12138546 12662833  524288  256M 83 Linux

Partition table entries are not in disk order.

Command (m for help): d
Partition number (1-7, default 7): 1

Partition 1 has been deleted.

Command (m for help): n
Partition type
   p   primary (2 primary, 1 extended, 1 free)
   l   logical (numbered from 5)
Select (default p): p

Selected partition 1
First sector (2048-104447, default 2048): 49152
Last sector, +/-sectors or +/-size{K,M,G,T,P} (49152-104447, default 104447): 79871

Created a new partition 1 of type 'Linux' and of size 15 MiB.
Partition #1 contains a ext4 signature.

Do you want to remove the signature? [Y]es/[N]o: y

The signature will be removed by a write command.

Command (m for help): p
Disk /dev/sdb: 7.28 GiB, 7818182656 bytes, 15269888 sectors
Disk model: UMS disk 0      
Units: sectors of 1 * 512 = 512 bytes
Sector size (logical/physical): 512 bytes / 512 bytes
I/O size (minimum/optimal): 512 bytes / 512 bytes
Disklabel type: dos
Disk identifier: 0x00000000

Device     Boot    Start      End Sectors  Size Id Type
/dev/sdb1          49152    79871   30720   15M 83 Linux
/dev/sdb2       10590210 15269887 4679678  2.2G  5 Extended
/dev/sdb3         104448  4298752 4194305    2G  b W95 FAT32
/dev/sdb4        4298753 10590209 6291457    3G 83 Linux
/dev/sdb5       10590226 11614225 1024000  500M 83 Linux
/dev/sdb6       11614242 12138529  524288  256M 83 Linux
/dev/sdb7       12138546 12662833  524288  256M 83 Linux

Filesystem/RAID signature on partition 1 will be wiped.
Partition table entries are not in disk order.

Command (m for help): q

nicolas@fedora ~>