[    0.000000] Booting Linux on physical CPU 0x0
[    0.000000] Linux version 4.1.15 (szybet@ArchSzybet) (gcc version 4.9.4 (crosstool-NG 1.23.0.72-23ba174 - NiLuJe) ) #1 SMP PREEMP2
[    0.000000] CPU: ARMv7 Processor [410fc075] revision 5 (ARMv7), cr=10c53c7d
[    0.000000] CPU: PIPT / VIPT nonaliasing data cache, VIPT aliasing instruction cache
[    0.000000] Machine model: Freescale i.MX6 ULL DDR3 NTX Board
[    0.000000] Memory policy: Data cache writealloc
[    0.000000] PERCPU: Embedded 12 pages/cpu @8fbcf000 s16908 r8192 d24052 u49152
[    0.000000] Built 1 zonelists in Zone order, mobility grouping on.  Total pages: 64772
[    0.000000] Kernel command line: console=ttymxc0,115200 rootwait rw no_console_suspend hwcfg_p=0x8ffffe00 hwcfg_sz=110 waveform_pe
[    0.000000] PID hash table entries: 1024 (order: 0, 4096 bytes)
[    0.000000] Dentry cache hash table entries: 32768 (order: 5, 131072 bytes)
[    0.000000] Inode-cache hash table entries: 16384 (order: 4, 65536 bytes)
[    0.000000] Memory: 242812K/261120K available (5709K kernel code, 225K rwdata, 2156K rodata, 7316K init, 388K bss, 18308K reserve)
[    0.000000] Virtual kernel memory layout:
[    0.000000]     vector  : 0xffff0000 - 0xffff1000   (   4 kB)
[    0.000000]     fixmap  : 0xffc00000 - 0xfff00000   (3072 kB)
[    0.000000]     vmalloc : 0x90000000 - 0xff000000   (1776 MB)
[    0.000000]     lowmem  : 0x80000000 - 0x8ff00000   ( 255 MB)
[    0.000000]     pkmap   : 0x7fe00000 - 0x80000000   (   2 MB)
[    0.000000]     modules : 0x7f000000 - 0x7fe00000   (  14 MB)
[    0.000000]       .text : 0x80008000 - 0x807b675c   (7866 kB)
[    0.000000]       .init : 0x807b7000 - 0x80edc000   (7316 kB)
[    0.000000]       .data : 0x80edc000 - 0x80f147a0   ( 226 kB)
[    0.000000]        .bss : 0x80f17000 - 0x80f781d8   ( 389 kB)
[    0.000000] SLUB: HWalign=64, Order=0-3, MinObjects=0, CPUs=1, Nodes=1
[    0.000000] Preemptible hierarchical RCU implementation.
[    0.000000]  Additional per-CPU info printed with stalls.
[    0.000000]  RCU restricting CPUs from NR_CPUS=4 to nr_cpu_ids=1.
[    0.000000] RCU: Adjusting geometry for rcu_fanout_leaf=16, nr_cpu_ids=1
[    0.000000] NR_IRQS:16 nr_irqs:16 16
[    0.000000] mxc_clocksource_init 24000000
[    0.000000] Switching to timer-based delay loop, resolution 41ns
[    0.000015] sched_clock: 32 bits at 24MHz, resolution 41ns, wraps every 89478484971ns
[    0.000052] clocksource mxc_timer1: mask: 0xffffffff max_cycles: 0xffffffff, max_idle_ns: 79635851949 ns
[    0.002846] Console: colour dummy device 80x30
[    0.002889] Calibrating delay loop (skipped), value calculated using timer frequency.. 48.00 BogoMIPS (lpj=240000)
[    0.002923] pid_max: default: 32768 minimum: 301
[    0.003144] Mount-cache hash table entries: 1024 (order: 0, 4096 bytes)
[    0.003174] Mountpoint-cache hash table entries: 1024 (order: 0, 4096 bytes)
[    0.004304] CPU: Testing write buffer coherency: ok
[    0.004789] /cpus/cpu@0 missing clock-frequency property
[    0.004833] CPU0: thread -1, cpu 0, socket 0, mpidr 80000000
[    0.004943] Setting up static identity map for 0x80008280 - 0x800082d8
[    0.041190] Brought up 1 CPUs
[    0.041231] SMP: Total of 1 processors activated (48.00 BogoMIPS).
[    0.041250] CPU: All CPU(s) started in SVC mode.
[    0.042308] devtmpfs: initialized
[    0.058652] device-tree: Duplicate name in lcdif@021c8000, renamed to "display#1"
[    0.066936] VFP support v0.3: implementor 41 architecture 2 part 30 variant 7 rev 5
[    0.067879] clocksource jiffies: mask: 0xffffffff max_cycles: 0xffffffff, max_idle_ns: 19112604462750000 ns
[    0.068621] pinctrl core: initialized pinctrl subsystem
[    0.071443] NET: Registered protocol family 16
[    0.072351] DMA: preallocated 256 KiB pool for atomic coherent allocations
[    0.100727] cpuidle: using governor ladder
[    0.130789] cpuidle: using governor menu
[    0.173211] ntx_parse_cmdline():cp cmdline=console=ttymxc0,115200 rootwait rw no_console_suspend hwcfg_p=0x8ffffe00 hwcfg_sz=110 e
[    0.173257] hwcfg_size_setup() hwcfg_szie=110
[    0.173348] hwcfg_p_setup() hwcfg_p=8ffffe00,vaddr=9005ee00,size=110,pcb=0x51
[    0.173375] boot_port_setup() boot_port=1
[    0.173399] ntxfw_size_setup() ntxfw_size=1034
[    0.173477] ntxfw[0],"E60U22A0_2fl_hdr_200520",type=0x6,sz=16
[    0.173499] lm3630fl dual color table : 1 temperatures ,c1_pwr=0x0,c2_pwr=0x0
[    0.173531] ntxfw[1],"E60U22A0_2fl_tab_200520",type=0x7,sz=844
[    0.173564] ntxfw_p_setup() ntxfw_p=8ff71400,vaddr=9007c400,size=1034,name="E60U22A1",ver=0.0.0.0,items=2
[    0.174077] No ATAGs?
[    0.174146] hw-breakpoint: found 5 (+1 reserved) breakpoint and 4 watchpoint registers.
[    0.174170] hw-breakpoint: maximum watchpoint size is 8 bytes.
[    0.178142] imx6ul-pinctrl 20e0000.iomuxc: initialized IMX pinctrl driver
[    0.178773] imx6ul-pinctrl 2290000.iomuxc-snvs: initialized IMX pinctrl driver
[    0.203931] mxs-dma 1804000.dma-apbh: initialized
[    0.208067] PMU: ricoh61x_i2c_init:
[    0.209253] SCSI subsystem initialized
[    0.210035] usbcore: registered new interface driver usbfs
[    0.210223] usbcore: registered new interface driver hub
[    0.210495] usbcore: registered new device driver usb
[    0.214855] sy7636_probe calling
[    0.214919] sy7636_i2c_parse_dt_pdata():gpio_pmic_pwrall=78
[    0.214956] sy7636_i2c_parse_dt_pdata():gpio_pmic_pwrall init set 1
[    0.217006] sy7636_i2c_parse_dt_pdata():gpio_pmic_powerup=89
[    0.217034] sy7636_detect calling
[    0.224425] sy7636_detect():opmode=0x0
[    0.224448] sy7636_detect success
[    0.225155] sy7636 0-0062: PMIC SY7636 for eInk display
[    0.225177] sy7636_probe success
[    0.225237] i2c i2c-0: IMX I2C adapter registered
[    0.225275] i2c i2c-0: can't use DMA
[    0.226658] PMU: ricoh61x_i2c_probe:
[    0.227379] ricoh61x_pre_init,line=956
[    0.231536] ricoh61x irq gpio 129
[    0.231567] invalid sleep gpio: -2
[    0.231590] invalid dc_det gpio: -2
[    0.231616] ricoh61x chg gpio 128
[    0.231654] ricoh61x bat_low gpio 131
[    0.232305] PMU: ricoh61x_irq_init: g_full_flag: 0, CHGSTS1: 0x09
[    0.245887] ricoh61x_irq_init: ricoh619_pmic_irq=1
[    0.247629] i2c i2c-3: IMX I2C adapter registered
[    0.247678] i2c i2c-3: can't use DMA
[    0.247995] pps_core: LinuxPPS API ver. 1 registered
[    0.248020] pps_core: Software ver. 5.3.6 - Copyright 2005-2007 Rodolfo Giometti <giometti@linux.it>
[    0.248100] PTP clock support registered
[    0.250826] MIPI CSI2 driver module loaded
[    0.251615] Advanced Linux Sound Architecture Driver Initialized.
[    0.253824] Bluetooth: Core ver 2.20
[    0.253951] NET: Registered protocol family 31
[    0.253974] Bluetooth: HCI device and connection manager initialized
[    0.254017] Bluetooth: HCI socket layer initialized
[    0.254050] Bluetooth: L2CAP socket layer initialized
[    0.254164] Bluetooth: SCO socket layer initialized
[    0.255446] PMU: ricoh61x_regulator_init
[    0.255769] PMU: ricoh61x_regulator_probe
[    0.258882] RICOH619_DC1 at 900000uv suspend
[    0.263538] RICOH619_DC2 at 3000000uv suspend
[    0.284674] RICOH619_DC4 at 1140000uv suspend
[    0.294750] RICOH619_DC5 at 1700000uv suspend
[    0.313779] RICOH619_LDO2 at 3000000uv suspend
[    0.423470] sy7636-pmic sy7636-pmic: num_regulators 4
[    0.423597] sy7636-pmic sy7636-pmic: on_delay1=0x2
[    0.423628] sy7636-pmic sy7636-pmic: on_delay2=0x2
[    0.423656] sy7636-pmic sy7636-pmic: on_delay3=0x2
[    0.423683] sy7636-pmic sy7636-pmic: on_delay4=0x2
[    0.423709] sy7636-pmic sy7636-pmic: failed to get VLDO property,default will be 0x2
[    0.423738] sy7636-pmic sy7636-pmic: turnoff_delay_ep3v3=-1944606744
[    0.423808] sy7636-pmic sy7636-pmic: request vcom gpio failed (-16)!
[    0.423852] sy7636-pmic sy7636-pmic: request powerup gpio failed (-16)!
[    0.423901] sy7636_regulator_probe(1014): SY7636@8c17a780
[    0.423922] sy7636_regulator_probe():initial vcom=-2500000uV
[    0.423922]  _sy7636_vcom_get_voltage() : vcom=-2500000uV
[    0.430086] _sy7636_vcom_get_voltage() : vcom=-2500000uV
[    0.431425] sy7636_get_temperature():temperature = 0,reg=0x0
[    0.432302] sy7636_get_temperature():temperature = 0,reg=0x0
[    0.433384] PMU RTC: ricoh61x_rtc_probe, ricoh61x driver run at 24H-mode
[    0.433415] PMU RTC: we never using periodic function and interrupt
[    0.435716] ricoh61x_rtc_Pon_get_clr, PON=1 -- CTRL2=0x20
[    0.439538] PMU: ricoh61x_rtc_probe register rtc device
[    0.440965] PMU: ricoh61x_rtc_read_alarm
[    0.443487] rtc_ricoh619 rtc_ricoh619: PMU: read alarm: 1/4/2012 21:51:24 *****
[    0.445448] rtc_ricoh619 rtc_ricoh619: rtc core: registered rtc_ricoh619 as rtc0
[    0.445586] [ricoh61x_irq_sync_unlock-283] set 0xAE to 0x60
[    0.447687] RICOH61x RTC Register Success
[    0.448430] Switched to clocksource mxc_timer1
[    0.474248] NET: Registered protocol family 2
[    0.475668] TCP established hash table entries: 2048 (order: 1, 8192 bytes)
[    0.475759] TCP bind hash table entries: 2048 (order: 2, 16384 bytes)
[    0.475851] TCP: Hash tables configured (established 2048 bind 2048)
[    0.475988] UDP hash table entries: 256 (order: 1, 8192 bytes)
[    0.476051] UDP-Lite hash table entries: 256 (order: 1, 8192 bytes)
[    0.476480] NET: Registered protocol family 1
[    5.000641] imx rpmsg driver is registered.
[    5.002965] Bus freq driver module loaded
[    5.005232] futex hash table entries: 256 (order: 2, 16384 bytes)
[    5.025642] squashfs: version 4.0 (2009/01/31) Phillip Lougher
[    5.026390] fuse init (API version 7.23)
[    5.033314] bounce: pool size: 64 pages
[    5.033380] io scheduler noop registered
[    5.033418] io scheduler deadline registered
[    5.033871] io scheduler cfq registered (default)
[    5.034878] imx-weim 21b8000.weim: Driver registered.
[    5.040419] lm3630a_bl_parse_dt pchip=8c1e1b50,hwen_gpio 91
[    5.052585] lm3630a_bl 0-0036: LM3630A[1] backlight register OK.
[    5.055154] imx-sdma 20ec000.sdma: no event needs to be remapped
[    5.055376] imx-sdma 20ec000.sdma: loaded firmware 3.3
[    5.063377] imx-sdma 20ec000.sdma: initialized
[    5.224709] 2020000.serial: ttymxc0 at MMIO 0x2020000 (irq = 18, base_baud = 5000000) is a IMX
[    6.164565] console [ttymxc0] enabled
[    6.170216] 21ec000.serial: ttymxc2 at MMIO 0x21ec000 (irq = 220, base_baud = 5000000) is a IMX
[    6.216818] imx-rng 2284000.rngb: iMX RNG Registered.
[    6.222657] imx sema4 driver is registered.
[    6.227037] [drm] Initialized drm 1.1.0 20060810
[    6.233130] [drm] Initialized vivante 1.0.0 20120216 on minor 0
[    6.265466] brd: module loaded
[    6.282278] loop: module loaded
[    6.289102] ehci_hcd: USB 2.0 'Enhanced' Host Controller (EHCI) Driver
[    6.295691] ehci-mxc: Freescale On-Chip EHCI Host driver
[    6.301615] usbcore: registered new interface driver usb-storage
[    6.310334] 2184800.usbmisc supply vbus-wakeup not found, using dummy regulator
[    6.319515] 2184000.usb supply vbus not found, using dummy regulator
[    6.332522] mousedev: PS/2 mouse device common for all mice
[    6.340373] input: ntx_event0 as /devices/platform/ntx_event0/input/input0
[    6.609961] [elan] __hello_packet_handler: hello packet 55:55:55:55:ff:ff:ff:ff
[    6.618881] [__elan_touch_init-361] firmware version 52 01 2C 31 (12C3)
[    6.627027] [__elan_touch_init-368] firmware ID 52 F1 B5 01 (1B50)
[    6.634781] [__elan_touch_init-400] boot code version  52 05 56 81
[    6.642521] [__elan_touch_init-405] x resolution: 1436 
[    6.649269] [__elan_touch_init-410] y resolution: 1920 
[    6.655133] input: elan-touch as /devices/virtual/input/input1
[    6.662349] elan ts starts in interrupt mode.
[    6.667086] cyttsp5_loader_init: Parade TTSP FW Loader Driver (Built TTDA.03.07.844339) rc=0
[    6.678616] snvs_rtc 20cc000.snvs:snvs-rtc-lp: rtc core: registered 20cc000.snvs:snvs-r as rtc1
[    6.687684] i2c /dev entries driver
[    6.692645] syscon-poweroff 20cc000.snvs:snvs-poweroff: pm_power_off already claimed 80021c08 ntx_machine_poweroff
[    6.703171] syscon-poweroff: probe of 20cc000.snvs:snvs-poweroff failed with error -16
[    6.711473] PMU: ricoh61x_battery_init
[    6.715506] PMU: ricoh61x_battery_probe : version is RICOH61x_BATTERY_VERSION: 2014.02.21 V3.1.0.0-Solution1 2015/02/09
[    6.726417] ricoh619_battery_dt_init type_n=0
[    6.730939] ricoh619-battery ricoh619-battery: alarm_vol_mv=3250
[    6.736978] ricoh619-battery ricoh619-battery: fg_poff_vbat=3350
[    6.743056] ricoh61x_battery_probe type_n=0,temp is 1
[    6.748132] ricoh61x_battery_probe() TempDetect=0
[    6.752902] ricoh61x_battery_probe info->num=7,temp is 8
[    6.762281] PMU FG_RESET : ricoh61x_init_battery : initial pswr = 97
[    6.769386] PMU : ricoh61x_init_battery : POWER off history 0x0a is 0x01 
[    6.776201] PMU : ricoh61x_init_battery : Long power on key press
[    6.783031] PMU : ricoh61x_init_battery : POWER control function 0x0d is 0x00 
[    6.790328] PMU: ricoh61x_set_OCV_table : 00% voltage = 3431000 uV
[    6.796536] PMU: ricoh61x_set_OCV_table : 10% voltage = 3571400 uV
[    6.802779] PMU: ricoh61x_set_OCV_table : 20% voltage = 3728900 uV
[    6.809021] PMU: ricoh61x_set_OCV_table : 30% voltage = 3766700 uV
[    6.815226] PMU: ricoh61x_set_OCV_table : 40% voltage = 3775300 uV
[    6.821464] PMU: ricoh61x_set_OCV_table : 50% voltage = 3786300 uV
[    6.827669] PMU: ricoh61x_set_OCV_table : 60% voltage = 3822900 uV
[    6.833906] PMU: ricoh61x_set_OCV_table : 70% voltage = 3902300 uV
[    6.840144] PMU: ricoh61x_set_OCV_table : 80% voltage = 3960900 uV
[    6.846348] PMU: ricoh61x_set_OCV_table : 90% voltage = 4048800 uV
[    6.852586] PMU: ricoh61x_set_OCV_table : 100% voltage = 4137900 uV
[    6.858915] PMU : ricoh61x_set_OCV_table : target_vsys is 2869 target_ibat is 179
[    6.866425] PMU : ricoh61x_scaling_OCV_table : setting value of cuttoff_vol(2928) is out of range(3431000) 
[    6.876236] PMU : ricoh61x_scaling_OCV_table : new table
[    6.881610] PMU : ricoh61x_scaling_OCV_table : ocv_table 0 is 34298 v
[    6.888074] PMU : ricoh61x_scaling_OCV_table : ocv_table 1 is 35690 v
[    6.894572] PMU : ricoh61x_scaling_OCV_table : ocv_table 2 is 37265 v
[    6.901071] PMU : ricoh61x_scaling_OCV_table : ocv_table 3 is 37656 v
[    6.907535] PMU : ricoh61x_scaling_OCV_table : ocv_table 4 is 37741 v
[    6.914034] PMU : ricoh61x_scaling_OCV_table : ocv_table 5 is 37851 v
[    6.920532] PMU : ricoh61x_scaling_OCV_table : ocv_table 6 is 38217 v
[    6.926996] PMU : ricoh61x_scaling_OCV_table : ocv_table 7 is 38999 v
[    6.933494] PMU : ricoh61x_scaling_OCV_table : ocv_table 8 is 39585 v
[    6.939992] PMU : ricoh61x_scaling_OCV_table : ocv_table 9 is 40464 v
[    6.946456] PMU : ricoh61x_scaling_OCV_table : ocv_table 10 is 41355 v
[    6.983070] PMU : ricoh61x_init_charger : GCHGDET (0xDA) is 0x8
[    6.992014] PMU : ricoh61x_init_charger : after CHGISET_REG (0xb8) is 0x44 info->ch_ichg is 0xff info->ch_icchg is 0x1
[    7.003437] PMU : ricoh61x_init_charger : before BATSET1_REG (0xba) is 0x49 info->ch_vbatovset is 0xff
[    7.014639] PMU : ricoh61x_init_charger : after BATSET1_REG (0xba) is 0x49 info->ch_vbatovset is 0xff
[    7.024599] PMU : ricoh61x_init_charger : before BATSET2_REG (0xbb) is 0x33 info->ch_vrchg is 0xff info->ch_vfchg is 0xff 
[    7.041790] PMU : ricoh61x_init_charger : test test val 48, val2 3 vfchg 4200
[    7.052851] IRQ gpio=0, IN_TEN_SYS=0xd1,PWR_ON_TIMES=0x5b,int_sts=0x1,when interrupt is comming
[    7.064643] IRQ gpio=1, IN_TEN_SYS=0xd1,PWR_ON_TIMES=0x5b,int_sts=0xcc,when interrupt is comming
[    7.076730] PMU : ricoh61x_init_charger : test test val 64, val2 1 icchg 100
[    7.083982] PMU : ricoh61x_init_charger : 100 min 4109000, 100 max 4233000 vfchg 4200 icchg 100 rbat 278
[    7.096390] PMU:_config_ricoh619_charger_params set SDP 500mA charging. (type 1)
[    7.110414] PMU: ricoh61x_init_fgsoca : * 00% voltage = 3429700 uV
[    7.116628] PMU: ricoh61x_init_fgsoca : * 10% voltage = 3568900 uV
[    7.122979] PMU: ricoh61x_init_fgsoca : * 20% voltage = 3726400 uV
[    7.129277] PMU: ricoh61x_init_fgsoca : * 30% voltage = 3765500 uV
[    7.135526] PMU: ricoh61x_init_fgsoca : * 40% voltage = 3774100 uV
[    7.141929] PMU: ricoh61x_init_fgsoca : * 50% voltage = 3785100 uV
[    7.148178] PMU: ricoh61x_init_fgsoca : * 60% voltage = 3821700 uV
[    7.154466] PMU: ricoh61x_init_fgsoca : * 70% voltage = 3899800 uV
[    7.160865] PMU: ricoh61x_init_fgsoca : * 80% voltage = 3958400 uV
[    7.167113] PMU: ricoh61x_init_fgsoca : * 90% voltage = 4046300 uV
[    7.173404] PMU: ricoh61x_init_fgsoca : * 100% voltage = 4135500 uV
[    7.181237] usb plugged 1
[    7.186893] calc_soc_by_voltageMethod(): FG not ready , getting vbatt from ADC .
[    7.195691] measure_vbatt_ADC():4114000 uV
[    7.199858] ==== calc_soc_by_voltageMethod E60U22 ====
[    7.206393] PMU: ricoh61x_init_fgsoca : * Rbat = 278 mOhm   n_cap = 898 mAH
[    7.214081] Create pmic_battery.1 in platform
[    7.220370] sy7636_sensor_probe starting
[    7.225069] sy7636_sensor_probe success
[    7.235368] imx2-wdt 20bc000.wdog: timeout 60 sec (nowayout=0)
[    7.241725] Bluetooth: Virtual HCI driver ver 1.5
[    7.246934] Bluetooth: HCI UART driver ver 2.3
[    7.251507] Bluetooth: HCI UART protocol H4 registered
[    7.256676] Bluetooth: HCI UART protocol Three-wire (H5) registered
[    7.264116] sdhci: Secure Digital Host Controller Interface driver
[    7.270430] sdhci: Copyright(c) Pierre Ossman
[    7.274837] sdhci-pltfm: SDHCI platform and OF driver helper
[    7.283341] /soc/aips-bus@02100000/usdhc@02190000: voltage-ranges unspecified
[    7.290712] sdhci-esdhc-imx 2190000.usdhc: assigned as wifi host
[    7.298193] sdhci-esdhc-imx 2190000.usdhc: No vqmmc regulator found
[    7.306382] led_classdev_register():led_cdev->name=mmc1::,name=mmc1::
[    7.360594] mmc1: SDHCI controller on 2190000.usdhc [2190000.usdhc] using ADMA
[    7.369150] /soc/aips-bus@02100000/usdhc@02194000: voltage-ranges unspecified
[    7.376663] sdhci-esdhc-imx 2194000.usdhc: No vmmc regulator found
[    7.382972] sdhci-esdhc-imx 2194000.usdhc: No vqmmc regulator found
[    7.390078] led_classdev_register():led_cdev->name=mmc0::,name=mmc0::
[    7.439588] mmc0: SDHCI controller on 2194000.usdhc [2194000.usdhc] using ADMA
[    7.457738] led_classdev_register():led_cdev->name=GLED,name=GLED
[    7.472503] usbcore: registered new interface driver usbhid
[    7.480279] usbhid: USB HID core driver
[    7.496189] fsl-asrc 2034000.asrc: driver registered
[    7.505095] NET: Registered protocol family 17
[    7.510090] Bluetooth: RFCOMM TTY layer initialized
[    7.515040] Bluetooth: RFCOMM socket layer initialized
[    7.520549] Bluetooth: RFCOMM ver 1.11
[    7.524498] Bluetooth: BNEP (Ethernet Emulation) ver 1.3
[    7.530017] Bluetooth: BNEP filters: protocol multicast
[    7.535395] Bluetooth: BNEP socket layer initialized
[    7.540565] Bluetooth: HIDP (Human Interface Emulation) ver 1.2
[    7.546621] Bluetooth: HIDP socket layer initialized
[    7.551768] lib80211: common routines for IEEE802.11 drivers
[    7.561498] ntx_wifi_bt_power_init() : done 
[    7.565910] _ntx_wifi_bt_power_ctrl g_initialize = 1
[    7.570989] mmc0: host does not support reading read-only switch, assuming write-enable
[    7.579089] Wifi / BT power control 0
[    7.582763] Wifi already off.
[    7.585765] wifi 3v3 power off
[    7.588932] _ntx_wifi_bt_power_ctrl() : done 
[    7.597522] mmc0: new high speed SDHC card at address aaaa
[    7.603680] mmcblk0: mmc0:aaaa SS16G 14.8 GiB 
[    7.610862] drivers/video/fbdev/mxc/mxc_epdc_v2_fb.c(7704):EPD 1024x758 
[    7.617608] imx_epdc_v2_fb 228c000.epdc: resolution 1024x758, bpp 16
[    7.627565] imx_epdc_v2_fb 228c000.epdc: EPDC version = 30
[    7.633323]  mmcblk0: p1 p2 p3 p4
[    7.661061] _sy7636_vcom_get_voltage() : vcom=-2500000uV
[    7.666420] waveform_size_setup() wf_size=582529
[    7.671223] waveform_p_setup() wf_p=8ff71a00,vaddr=91000a00,size=582529
[    7.678254] mxc_epdc_fb_init_hw(7479)
[    7.682044] [epdc_firmware_work_func]:fw p=91000a00,size=582529,fb_data@8d1c0000,pdata=80ef1e18
[    7.690821] EPD QOS_WR 0x7, QOS_RD 0x7
[    7.694607] fake_s1d13522_parse_epd_cmdline : epd cmdline parse already done .
[    7.701890] mxc_epdc_fb_fw_handler(6995),fw=8c193ee8
[    7.706864] mxc_epdc_fb_fw_handler(): fw p=91000a00,size=582529
[    7.712826] fake_s1d13522_initEx3:VCOM from HWCONFIG 0xfee9=>-279 10mV,-2790000 uV
[    7.720481] imx_epdc_v2_fb 228c000.epdc:  --- Extra Waveform Data length: 40 bytes---
[    7.728325] imx_epdc_v2_fb 228c000.epdc:      Extra Waveform Data: 320_R345_ADFB11_ED060XH7U4_VB3300-FOC_TC
[    7.738115] drivers/video/fbdev/mxc/mxc_epdc_fake_s1d13522.c(1767):k_fake_s1d13522_init,DisplayResolution=1
[    7.748057] drivers/video/fbdev/mxc/mxc_epdc_v2_fb.c,epdc_init_settings_ex():epdc_mode="E60XC5"
[    7.771154] imx6ul-pinctrl 2290000.iomuxc-snvs: pin MX6ULL_PAD_SNVS_TAMPER3 already requested by 21f8000.i2c; cannot claim for gps
[    7.788486] imx6ul-pinctrl 2290000.iomuxc-snvs: pin-5 (gpio-keys) status -22
[    7.795556] imx6ul-pinctrl 2290000.iomuxc-snvs: could not request pin 5 (MX6ULL_PAD_SNVS_TAMPER3) from group gpio_snvs_keys_grp  s
[    7.809897] gpio-keys gpio-keys: Error applying setting, reverse things back
[    7.817123] Power:do-not-wakeup-hibernation=0
[    7.821587] Hall:do-not-wakeup-hibernation=0
[    7.826503] _sy7636_vcom_get_voltage() : vcom=-2790000uV
[    7.833291] rtc_ricoh619 rtc_ricoh619: setting system clock to 2012-01-01 23:24:47 UTC (1325460287)
[    7.855080] TMST_SY7636: disabling
[    7.889631] sy7636_get_temperature():temperature = 23,reg=0x17
[    7.895520] RICOH619_LDORTC2: disabling
[    7.901018] RICOH619_LDORTC1: disabling
[    7.906448] RICOH619_LDO10: disabling
[    7.911725] RICOH619_LDO9: disabling
[    7.916881] RICOH619_LDO4: disabling
[    7.922062] RICOH619_LDO3: disabling
[    7.927215] RICOH619_LDO1: disabling
[    7.931829] SD1_SPWR: disabling
[    7.934981] vref-3v3: disabling
[    7.938391] ALSA device list:
[    7.941422]   No soundcards found.
[    7.944944] Warning: unable to open an initial console.
[    7.964727] Freeing unused kernel memory: 7316K (807b7000 - 80edc000)
[    9.487781] imx_epdc_v2_fb 228c000.epdc: Cleared LUT complete for init update
[   13.514806] PMU: ricoh61x_displayed_work : error case cc delta is 12mA, poffDSOC is 9700, RSOC is 9300n
[   13.569420] PMU: ricoh61x_displayed_work Full-Clear CC, PSWR(97)
[   23.825249] PMU: ricoh61x_displayed_work rrf= 1: cc_delta= 4: current_soc= -1945839680: rsoc_limit= 0: cc_delta_temp = 0:
[   23.836374] PMU: ricoh61x_displayed_work rrf= 1: cc_delta= 4: current_soc= -1945839680: rsoc_limit= 0:
[   23.845802] ==== DISABLE ibat ====
[   23.849698] PMU: ricoh61x_displayed_work IBAT= 134: ibat_table[85%]= 370: ibat_soc= 8450 ************
[   23.858996] PMU: cc_delta= 4: ibat_soc= 8450: full_rate= 3: 30: dsoc_var= 1: 3: IBAT= 134: DSOC= 9703: RSOC= 9276:
[   23.891055] PMU: ricoh61x_displayed_work Full-Clear CC, PSWR(97)
[   32.236590] IRQ gpio=0, IN_TEN_SYS=0xd1,PWR_ON_TIMES=0x5b,int_sts=0x40,when interrupt is comming
[   32.245580] PMU2: Watchdog timeout triggered. ===============
[   53.025073] PMU: ricoh61x_displayed_work rrf= 1: cc_delta= 12: current_soc= 0: rsoc_limit= 0: cc_delta_temp = 0:
[   53.035415] PMU: ricoh61x_displayed_work rrf= 1: cc_delta= 12: current_soc= 0: rsoc_limit= 0:
[   53.044070] ==== DISABLE ibat ====
[   53.047537] PMU: ricoh61x_displayed_work IBAT= 131: ibat_table[85%]= 370: ibat_soc= 8450 ************
[   53.057314] PMU: cc_delta= 12: ibat_soc= 8450: full_rate= 3: 30: dsoc_var= 3: 3: IBAT= 131: DSOC= 9706: RSOC= 9287:
[   53.089028] PMU: ricoh61x_displayed_work Full-Clear CC, PSWR(97)
[   64.248719] IRQ gpio=0, IN_TEN_SYS=0xd1,PWR_ON_TIMES=0x5b,int_sts=0x40,when interrupt is comming
[   64.257584] PMU2: Watchdog timeout triggered. ===============