kobo-nia:~$ dmesg
[    0.000000] Booting Linux on physical CPU 0x0
[    0.000000] Linux version 6.3.0 (pmos@dk-ThinkPad-E560) (armv7-alpine-linux-musleabihf-gcc (Alpine 12.2.1_git20220924-r10) 12.2.1 20220924, GNU ld (GNU Binutils) 2.40) #5-postmarketOS Wed May 10 21:29:03 UTC 2023
[    0.000000] CPU: ARMv7 Processor [410fc075] revision 5 (ARMv7), cr=10c5387d
[    0.000000] CPU: div instructions available: patching division code
[    0.000000] CPU: PIPT / VIPT nonaliasing data cache, VIPT aliasing instruction cache
[    0.000000] OF: fdt: Machine model: Kobo Nia
[    0.000000] Memory policy: Data cache writeback
[    0.000000] cma: Reserved 64 MiB at 0x8ac00000
[    0.000000] Zone ranges:
[    0.000000]   Normal   [mem 0x0000000080000000-0x000000008fffffff]
[    0.000000]   HighMem  empty
[    0.000000] Movable zone start for each node
[    0.000000] Early memory node ranges
[    0.000000]   node   0: [mem 0x0000000080000000-0x000000008fffffff]
[    0.000000] Initmem setup node 0 [mem 0x0000000080000000-0x000000008fffffff]
[    0.000000] CPU: All CPU(s) started in SVC mode.
[    0.000000] pcpu-alloc: s0 r0 d32768 u32768 alloc=1*32768
[    0.000000] pcpu-alloc: [0] 0 
[    0.000000] Built 1 zonelists, mobility grouping on.  Total pages: 64960
[    0.000000] Kernel command line: console=ttymxc0,115200 debug
[    0.000000] Dentry cache hash table entries: 32768 (order: 5, 131072 bytes, linear)
[    0.000000] Inode-cache hash table entries: 16384 (order: 4, 65536 bytes, linear)
[    0.000000] mem auto-init: stack:off, heap alloc:off, heap free:off
[    0.000000] Memory: 176376K/262144K available (9216K kernel code, 1080K rwdata, 2576K rodata, 1024K init, 386K bss, 20232K reserved, 65536K cma-reserved, 0K highmem)
[    0.000000] SLUB: HWalign=64, Order=0-3, MinObjects=0, CPUs=1, Nodes=1
[    0.000000] NR_IRQS: 16, nr_irqs: 16, preallocated irqs: 16
[    0.000000] Switching to timer-based delay loop, resolution 41ns
[    0.000003] sched_clock: 32 bits at 24MHz, resolution 41ns, wraps every 89478484971ns
[    0.000039] clocksource: mxc_timer1: mask: 0xffffffff max_cycles: 0xffffffff, max_idle_ns: 79635851949 ns
[    0.002455] Console: colour dummy device 80x30
[    0.002529] Calibrating delay loop (skipped), value calculated using timer frequency.. 48.00 BogoMIPS (lpj=240000)
[    0.002565] pid_max: default: 32768 minimum: 301
[    0.002939] Mount-cache hash table entries: 1024 (order: 0, 4096 bytes, linear)
[    0.002983] Mountpoint-cache hash table entries: 1024 (order: 0, 4096 bytes, linear)
[    0.004752] CPU: Testing write buffer coherency: ok
[    0.006812] cblist_init_generic: Setting adjustable number of callback queues.
[    0.006844] cblist_init_generic: Setting shift to 0 and lim to 1.
[    0.007209] Setting up static identity map for 0x80100000 - 0x80100060
[    0.008468] devtmpfs: initialized
[    0.021642] VFP support v0.3: implementor 41 architecture 2 part 30 variant 7 rev 5
[    0.022160] clocksource: jiffies: mask: 0xffffffff max_cycles: 0xffffffff, max_idle_ns: 19112604462750000 ns
[    0.022210] futex hash table entries: 256 (order: -1, 3072 bytes, linear)
[    0.026985] pinctrl core: initialized pinctrl subsystem
[    0.030271] NET: Registered PF_NETLINK/PF_ROUTE protocol family
[    0.032322] DMA: preallocated 256 KiB pool for atomic coherent allocations
[    0.034504] thermal_sys: Registered thermal governor 'step_wise'
[    0.034572] cpuidle: using governor menu
[    0.034680] CPU identified as i.MX6ULL, silicon rev 1.1
[    0.041453] platform soc: Fixed dependency cycle(s) with /soc/bus@2000000/gpc@20dc000
[    0.064238] hw-breakpoint: found 5 (+1 reserved) breakpoint and 4 watchpoint registers.
[    0.064277] hw-breakpoint: maximum watchpoint size is 8 bytes.
[    0.065880] imx6ul-pinctrl 20e0000.pinctrl: initialized IMX pinctrl driver
[    0.067693] imx6ul-pinctrl 2290000.iomuxc-snvs: initialized IMX pinctrl driver
[    0.074415] gpio gpiochip0: Static allocation of GPIO base is deprecated, use dynamic allocation.
[    0.077721] gpio gpiochip1: Static allocation of GPIO base is deprecated, use dynamic allocation.
[    0.081199] gpio gpiochip2: Static allocation of GPIO base is deprecated, use dynamic allocation.
[    0.084627] gpio gpiochip3: Static allocation of GPIO base is deprecated, use dynamic allocation.
[    0.088056] gpio gpiochip4: Static allocation of GPIO base is deprecated, use dynamic allocation.
[    0.095213] usbcore: registered new interface driver usbfs
[    0.095317] usbcore: registered new interface driver hub
[    0.095420] usbcore: registered new device driver usb
[    0.099583] i2c i2c-0: IMX I2C adapter registered
[    0.102010] i2c i2c-3: IMX I2C adapter registered
[    0.102587] pps_core: LinuxPPS API ver. 1 registered
[    0.102605] pps_core: Software ver. 5.3.6 - Copyright 2005-2007 Rodolfo Giometti <giometti@linux.it>
[    0.102656] PTP clock support registered
[    0.107316] clocksource: Switched to clocksource mxc_timer1
[    0.107920] VFS: Disk quotas dquot_6.6.0
[    0.107987] VFS: Dquot-cache hash table entries: 1024 (order 0, 4096 bytes)
[    0.130786] NET: Registered PF_INET protocol family
[    0.131294] IP idents hash table entries: 4096 (order: 3, 32768 bytes, linear)
[    0.133187] tcp_listen_portaddr_hash hash table entries: 1024 (order: 0, 4096 bytes, linear)
[    0.133264] Table-perturb hash table entries: 65536 (order: 6, 262144 bytes, linear)
[    0.133299] TCP established hash table entries: 2048 (order: 1, 8192 bytes, linear)
[    0.133366] TCP bind hash table entries: 2048 (order: 2, 16384 bytes, linear)
[    0.133450] TCP: Hash tables configured (established 2048 bind 2048)
[    0.133642] UDP hash table entries: 256 (order: 0, 4096 bytes, linear)
[    0.133706] UDP-Lite hash table entries: 256 (order: 0, 4096 bytes, linear)
[    0.134034] NET: Registered PF_UNIX/PF_LOCAL protocol family
[    0.138558] hw perfevents: enabled with armv7_cortex_a7 PMU driver, 5 counters available
[    0.141654] Initialise system trusted keyrings
[    0.142761] Trying to unpack rootfs image as initramfs...
[    0.148063] workingset: timestamp_bits=14 max_order=16 bucket_order=2
[    0.148944] squashfs: version 4.0 (2009/01/31) Phillip Lougher
[    0.149436] fuse: init (API version 7.38)
[    0.618814] Key type asymmetric registered
[    0.618855] Asymmetric key parser 'x509' registered
[    0.619491] io scheduler mq-deadline registered
[    0.619519] io scheduler kyber registered
[    0.643555] mxs-dma 1804000.dma-apbh: initialized
[    0.658507] 2020000.serial: ttymxc0 at MMIO 0x2020000 (irq = 192, base_baud = 5000000) is a IMX
[    0.658645] printk: console [ttymxc0] enabled
[    1.255386] Freeing initrd memory: 2640K
[    1.258386] imx-sdma 20ec000.dma-controller: Direct firmware load for imx/sdma/sdma-imx6q.bin failed with error -2
[    1.267586] imx-sdma 20ec000.dma-controller: external firmware not found, using ROM firmware
[    1.277144] 21ec000.serial: ttymxc2 at MMIO 0x21ec000 (irq = 193, base_baud = 5000000) is a IMX
[    1.319901] imx_rngc 2284000.rng: Freescale RNGB registered (HW revision 2.129)
[    1.333247] random: crng init done
[    1.361368] brd: module loaded
[    1.374238] loop: module loaded
[    1.450369] i2c_dev: i2c /dev entries driver
[    1.462209] sdhci: Secure Digital Host Controller Interface driver
[    1.467122] sdhci: Copyright(c) Pierre Ossman
[    1.470298] sdhci-pltfm: SDHCI platform and OF driver helper
[    1.489191] usbcore: registered new interface driver usbhid
[    1.493565] usbhid: USB HID core driver
[    1.502351] NET: Registered PF_INET6 protocol family
[    1.508518] Segment Routing with IPv6
[    1.510998] In-situ OAM (IOAM) with IPv6
[    1.513856] sit: IPv6, IPv4 and MPLS over IPv4 tunneling driver
[    1.518679] mmc0: SDHCI controller on 2194000.mmc [2194000.mmc] using ADMA
[    1.524515] mmc1: SDHCI controller on 2190000.mmc [2190000.mmc] using ADMA
[    1.532528] NET: Registered PF_PACKET protocol family
[    1.540695] Registering SWP/SWPB emulation handler
[    1.553083] Loading compiled-in X.509 certificates
[    1.574009] mmc0: host does not support reading read-only switch, assuming write-enable
[    1.586111] imx_usb 2184000.usb: No over current polarity defined
[    1.596547] mmc0: new high speed SDHC card at address aaaa
[    1.603069] mmcblk0: mmc0:aaaa SC16G 14.8 GiB 
[    1.614311]  mmcblk0: p1 p2
[    1.774351] imx_thermal 20c8000.anatop:tempmon: Commercial CPU temperature grade - max:95C critical:90C passive:85C
[    1.786697] imx6ul-pinctrl 2290000.iomuxc-snvs: pin MX6ULL_PAD_SNVS_TAMPER3 already requested by 21f8000.i2c; cannot claim for gpio-keys
[    1.797816] imx6ul-pinctrl 2290000.iomuxc-snvs: pin-5 (gpio-keys) status -22
[    1.803588] imx6ul-pinctrl 2290000.iomuxc-snvs: could not request pin 5 (MX6ULL_PAD_SNVS_TAMPER3) from group gpio_snvs_keys_grp  on device 2290000.iomuxc-snvs
[    1.816499] gpio-keys gpio-keys: Error applying setting, reverse things back
[    1.824224] cfg80211: Loading compiled-in X.509 certificates for regulatory database
[    1.835071] Loaded X.509 cert 'sforshee: 00b28ddf47aef9cea7'
[    1.840030] platform regulatory.0: Direct firmware load for regulatory.db failed with error -2
[    1.849090] Freeing unused kernel image (initmem) memory: 1024K
[    1.853790] cfg80211: failed to load regulatory.db
[    1.857599] Run /init as init process
[    1.859965]   with arguments:
[    1.861630]     /init
[    1.862600]   with environment:
[    1.864438]     HOME=/
[    1.865495]     TERM=linux
[    2.660495] configfs-gadget.g1 gadget.0: HOST MAC 56:a7:c1:8a:30:fc
[    2.665493] configfs-gadget.g1 gadget.0: MAC 12:3a:33:48:85:82
[    3.095098] IPv6: ADDRCONF(NETDEV_CHANGE): usb0: link becomes ready
[    3.202661] EXT4-fs (mmcblk0p1): mounted filesystem caeab71e-44f2-4fdb-bd20-22a18deb3270 without journal. Quota mode: none.
[    8.413125] EXT4-fs (mmcblk0p2): orphan cleanup on readonly fs
[    8.423871] EXT4-fs (mmcblk0p2): mounted filesystem 13faac39-70e8-415d-8468-34ff9aaa6fa0 with ordered data mode. Quota mode: none.
[    8.451500] EXT4-fs (mmcblk0p1): unmounting filesystem caeab71e-44f2-4fdb-bd20-22a18deb3270.
[    8.771488] EXT4-fs (mmcblk0p1): mounted filesystem caeab71e-44f2-4fdb-bd20-22a18deb3270 without journal. Quota mode: none.
[   11.874805] udevd[719]: starting version 3.2.11
[   12.018969] udevd[719]: starting eudev-3.2.11
[   12.743286] sy7636_probe calling
[   12.743340] sy7636_i2c_parse_dt_pdata():gpio_pmic_pwrall=78
[   12.743376] sy7636_i2c_parse_dt_pdata():gpio_pmic_pwrall init set 1
[   12.745414] sy7636_i2c_parse_dt_pdata():gpio_pmic_powerup=89
[   12.745431] sy7636_detect calling
[   12.770201] lm3630a_bl 0-0036: LM3630A backlight register OK.
[   12.804045] mc: Linux media interface: v0.10
[   12.809804] sy7636_detect():opmode=0x0
[   12.809842] sy7636_detect success
[   12.810328] sy7636 0-0062: PMIC SY7636 for eInk display
[   12.810353] sy7636_probe success
[   12.852880] videodev: Linux video capture interface: v2.00
[   12.913437] rc5t619-rtc rc5t619-rtc: registered as rtc0
[   12.922532] rc5t619-rtc rc5t619-rtc: setting system clock to 2023-05-10T21:33:08 UTC (1683754388)
[   12.969668] pxp 21cc000.pxp: Device registered as /dev/video0
[   13.448776] sy7636_sensor_probe starting
[   13.448846] sy7636_sensor sy7636-sns: hwmon_device_register() is deprecated. Please convert the driver to use hwmon_device_register_with_info().
[   13.449050] sy7636_sensor_probe success
[   13.459879] sy7636-pmic sy7636-pmic: num_regulators 4
[   13.460024] sy7636-pmic sy7636-pmic: on_delay1=0x2
[   13.460040] sy7636-pmic sy7636-pmic: on_delay2=0x2
[   13.460050] sy7636-pmic sy7636-pmic: on_delay3=0x2
[   13.460060] sy7636-pmic sy7636-pmic: on_delay4=0x2
[   13.460071] sy7636-pmic sy7636-pmic: failed to get VLDO property,default will be 0x2
[   13.460080] sy7636-pmic sy7636-pmic: turnoff_delay_ep3v3=100
[   13.460130] sy7636-pmic sy7636-pmic: request vcom gpio failed (-16)!
[   13.460158] sy7636-pmic sy7636-pmic: request powerup gpio failed (-16)!
[   13.460201] sy7636_regulator_probe(947): SY7636@1716c57f
[   13.460216] sy7636_regulator_probe():initial vcom=2500000uV
                
[   13.468288] _sy7636_vcom_get_voltage() : vcom=2620000uV
[   13.468327] VCOM: Bringing 2620000uV into 2750000-2750000uV
[   13.469860] _sy7636_vcom_get_voltage() : vcom=2620000uV
[   13.471386] _sy7636_vcom_get_voltage() : vcom=2620000uV
[   13.475456] _sy7636_vcom_get_voltage() : vcom=2750000uV
[   13.477094] _sy7636_vcom_get_voltage() : vcom=2750000uV
[   13.478504] sy7636_get_temperature():temperature = 0,reg=0x0
[   13.496685] mxc_epdc 228c000.epdc: Direct firmware load for imx/epdc/epdc.fw failed with error -2
[   13.496734] mxc_epdc: probe of 228c000.epdc failed with error -2
[   15.397067] EXT4-fs (mmcblk0p2): re-mounted 13faac39-70e8-415d-8468-34ff9aaa6fa0. Quota mode: none.
[   31.848493] LDO1: disabling
[   31.850693] LDO3: disabling
[   31.851470] LDO4: disabling
[   31.853309] LDO9: disabling
[   31.854148] LDO10: disabling
[   31.854901] LDORTC1: disabling
[   31.855617] LDORTC2: disabling
[   40.647854] zram: Added device: zram0
