U-Boot 2009.08-dirty-svn ( 8æœˆ 29 2012 - 11:15:18)

CPU:   Freescale i.MX50 family 1.1V at 800 MHz
mx50 pll1: 800MHz
mx50 pll2: 400MHz
mx50 pll3: 216MHz
ipg clock     : 66666666Hz
ipg per clock : 66666666Hz
uart clock    : 24000000Hz
ahb clock     : 133333333Hz
axi_a clock   : 400000000Hz
axi_b clock   : 200000000Hz
weim_clock    : 100000000Hz
ddr clock     : 200000000Hz
esdhc1 clock  : 80000000Hz
esdhc2 clock  : 80000000Hz
esdhc3 clock  : 80000000Hz
esdhc4 clock  : 80000000Hz
Board: MX50 RDP board
Boot Reason: [POR]
Boot Device: SD
I2C:   ready
DRAM:  256 MB
MMC:   FSL_ESDHC: 0, FSL_ESDHC: 1, FSL_ESDHC: 2
In:    serial
Out:   serial
Err:   serial
[_get_sd_number] g_sd_number:2

MMC read: dev # 2, block # 1023, count 1 partition # 0 ... 
1 blocks read: OK

MMC read: dev # 2, block # 1024, count 1 partition # 0 ... 
1 blocks read: OK
zforce read 7 0 (2 bytes)
zforce read 1 0 (2 bytes)
zforce read 2 0 (2 bytes)
zforce read 3 0 (2 bytes)
zforce frame start not found !
zforce frame start not found !
PCB ID is 9
Power key released!!
ram p=70000000,size=268435456

MMC read: dev # 2, block # 18431, count 1 partition # 0 ... 
1 blocks read: OK
no "logo" bin header

MMC read: dev # 2, block # 14335, count 1 partition # 0 ... 
1 blocks read: OK

MMC read: dev # 2, block # 14336, count 1922 partition # 0 ... 
1922 blocks read: OK
Kernel RAM visiable size=255M->255M
init TPS65185 power ...
Hit any key to stop autoboot:  0 

MMC read: dev # 2, block # 2047, count 1 partition # 0 ... 
1 blocks read: OK
no kernel image signature !

MMC read: dev # 2, block # 2048, count 8192 partition # 0 ... 
8192 blocks read: OK
## Booting kernel from Legacy Image at 70800000 ...
   Image Name:   r?_#5 Feb 19 12:30:13
   Created:      2021-02-19  17:30:17 UTC
   Image Type:   ARM Linux Kernel Image (uncompressed)
   Data Size:    2661316 Bytes =  2.5 MB
   Load Address: 70008000
   Entry Point:  70008000
   Loading Kernel Image ... OK
OK

Starting kernel ...

Uncompressing Linux... done, booting the kernel.
[zForce_ir_touch_recv_data-176] command BootComplete (0)...
Failed to create proc/cpu/clocks
INIT: version 2.88 booting
[info] Using makefile-style concurrent boot in runlevel S.
[ ok ] Starting the hotplug events dispatcher: udevd.
[....] Synthesizing the initial hotplug events...[PROGRESS_BAR-2857] No progess ...
[ done.
[....] Waiting for /dev to be fully populated...udevd[618]: unable to receive ctrl connection: Function not implemented

udevd[618]: unable to receive ctrl connection: Function not implemented

udevd[618]: unable to receive ctrl connection: Function not implemented

udevd[618]: unable to receive ctrl connection: Function not implemented

udevd[618]: unable to receive ctrl connection: Function not implemented

udevd[618]: unable to receive ctrl connection: Function not implemented

udevd[618]: unable to receive ctrl connection: Function not implemented

udevd[618]: unable to receive ctrl connection: Function not implemented

udevd[618]: unable to receive ctrl connection: Function not implemented

udevd[618]: unable to receive ctrl connection: Function not implemented