
kobo-nia:~$ dmesg
[    0.000000] Booting Linux on physical CPU 0x0
[    0.000000] Linux version 6.3.0 (pmos@dk-ThinkPad-E560) (armv7-alpine-linux-musleabihf-gcc (Alpine 13.1.1_git20230603) 13.1.1 20230603, GNU ld (GNU Binutils) 2.40) #6-postmarketOS Sat Jun 17 10:05:01 UTC 2023
[    0.000000] CPU: ARMv7 Processor [410fc075] revision 5 (ARMv7), cr=10c5387d
[    0.000000] CPU: div instructions available: patching division code
[    0.000000] CPU: PIPT / VIPT nonaliasing data cache, VIPT aliasing instruction cache
[    0.000000] OF: fdt: Machine model: Kobo Nia
[    0.000000] Memory policy: Data cache writeback
[    0.000000] cma: Reserved 64 MiB at 0x8ac00000
[    0.000000] Zone ranges:
[    0.000000]   Normal   [mem 0x0000000080000000-0x000000008fffffff]
[    0.000000]   HighMem  empty
[    0.000000] Movable zone start for each node
[    0.000000] Early memory node ranges
[    0.000000]   node   0: [mem 0x0000000080000000-0x000000008fffffff]
[    0.000000] Initmem setup node 0 [mem 0x0000000080000000-0x000000008fffffff]
[    0.000000] CPU: All CPU(s) started in SVC mode.
[    0.000000] pcpu-alloc: s0 r0 d32768 u32768 alloc=1*32768
[    0.000000] pcpu-alloc: [0] 0 
[    0.000000] Built 1 zonelists, mobility grouping on.  Total pages: 64960
[    0.000000] Kernel command line: console=ttymxc0,115200 debug
[    0.000000] Dentry cache hash table entries: 32768 (order: 5, 131072 bytes, linear)
[    0.000000] Inode-cache hash table entries: 16384 (order: 4, 65536 bytes, linear)
[    0.000000] mem auto-init: stack:off, heap alloc:off, heap free:off
[    0.000000] Memory: 176356K/262144K available (9216K kernel code, 1080K rwdata, 2576K rodata, 1024K init, 386K bss, 20252K reserved, 65536K cma-reserved, 0K highmem)
[    0.000000] SLUB: HWalign=64, Order=0-3, MinObjects=0, CPUs=1, Nodes=1
[    0.000000] NR_IRQS: 16, nr_irqs: 16, preallocated irqs: 16
[    0.000000] Switching to timer-based delay loop, resolution 41ns
[    0.000003] sched_clock: 32 bits at 24MHz, resolution 41ns, wraps every 89478484971ns
[    0.000040] clocksource: mxc_timer1: mask: 0xffffffff max_cycles: 0xffffffff, max_idle_ns: 79635851949 ns
[    0.002475] Console: colour dummy device 80x30
[    0.002550] Calibrating delay loop (skipped), value calculated using timer frequency.. 48.00 BogoMIPS (lpj=240000)
[    0.002587] pid_max: default: 32768 minimum: 301
[    0.002962] Mount-cache hash table entries: 1024 (order: 0, 4096 bytes, linear)
[    0.003004] Mountpoint-cache hash table entries: 1024 (order: 0, 4096 bytes, linear)
[    0.004783] CPU: Testing write buffer coherency: ok
[    0.006806] cblist_init_generic: Setting adjustable number of callback queues.
[    0.006836] cblist_init_generic: Setting shift to 0 and lim to 1.
[    0.007196] Setting up static identity map for 0x80100000 - 0x80100060
[    0.008446] devtmpfs: initialized
[    0.021590] VFP support v0.3: implementor 41 architecture 2 part 30 variant 7 rev 5
[    0.022109] clocksource: jiffies: mask: 0xffffffff max_cycles: 0xffffffff, max_idle_ns: 19112604462750000 ns
[    0.022161] futex hash table entries: 256 (order: -1, 3072 bytes, linear)
[    0.027009] pinctrl core: initialized pinctrl subsystem
[    0.030347] NET: Registered PF_NETLINK/PF_ROUTE protocol family
[    0.032334] DMA: preallocated 256 KiB pool for atomic coherent allocations
[    0.034489] thermal_sys: Registered thermal governor 'step_wise'
[    0.034556] cpuidle: using governor menu
[    0.034666] CPU identified as i.MX6ULL, silicon rev 1.1
[    0.041570] platform soc: Fixed dependency cycle(s) with /soc/bus@2000000/gpc@20dc000
[    0.064592] hw-breakpoint: found 5 (+1 reserved) breakpoint and 4 watchpoint registers.
[    0.064634] hw-breakpoint: maximum watchpoint size is 8 bytes.
[    0.066237] imx6ul-pinctrl 20e0000.pinctrl: initialized IMX pinctrl driver
[    0.068047] imx6ul-pinctrl 2290000.iomuxc-snvs: initialized IMX pinctrl driver
[    0.074766] gpio gpiochip0: Static allocation of GPIO base is deprecated, use dynamic allocation.
[    0.078066] gpio gpiochip1: Static allocation of GPIO base is deprecated, use dynamic allocation.
[    0.081581] gpio gpiochip2: Static allocation of GPIO base is deprecated, use dynamic allocation.
[    0.084979] gpio gpiochip3: Static allocation of GPIO base is deprecated, use dynamic allocation.
[    0.088465] gpio gpiochip4: Static allocation of GPIO base is deprecated, use dynamic allocation.
[    0.095661] usbcore: registered new interface driver usbfs
[    0.095763] usbcore: registered new interface driver hub
[    0.095879] usbcore: registered new device driver usb
[    0.100175] i2c i2c-0: IMX I2C adapter registered
[    0.102726] i2c i2c-3: IMX I2C adapter registered
[    0.103313] pps_core: LinuxPPS API ver. 1 registered
[    0.103331] pps_core: Software ver. 5.3.6 - Copyright 2005-2007 Rodolfo Giometti <giometti@linux.it>
[    0.103380] PTP clock support registered
[    0.108336] clocksource: Switched to clocksource mxc_timer1
[    0.108930] VFS: Disk quotas dquot_6.6.0
[    0.108998] VFS: Dquot-cache hash table entries: 1024 (order 0, 4096 bytes)
[    0.131837] NET: Registered PF_INET protocol family
[    0.132349] IP idents hash table entries: 4096 (order: 3, 32768 bytes, linear)
[    0.134239] tcp_listen_portaddr_hash hash table entries: 1024 (order: 0, 4096 bytes, linear)
[    0.134314] Table-perturb hash table entries: 65536 (order: 6, 262144 bytes, linear)
[    0.134348] TCP established hash table entries: 2048 (order: 1, 8192 bytes, linear)
[    0.134414] TCP bind hash table entries: 2048 (order: 2, 16384 bytes, linear)
[    0.134499] TCP: Hash tables configured (established 2048 bind 2048)
[    0.134698] UDP hash table entries: 256 (order: 0, 4096 bytes, linear)
[    0.134761] UDP-Lite hash table entries: 256 (order: 0, 4096 bytes, linear)
[    0.135093] NET: Registered PF_UNIX/PF_LOCAL protocol family
[    0.139586] hw perfevents: enabled with armv7_cortex_a7 PMU driver, 5 counters available
[    0.142649] Initialise system trusted keyrings
[    0.143809] Trying to unpack rootfs image as initramfs...
[    0.149118] workingset: timestamp_bits=14 max_order=16 bucket_order=2
[    0.150027] squashfs: version 4.0 (2009/01/31) Phillip Lougher
[    0.150517] fuse: init (API version 7.38)
[    0.638536] Key type asymmetric registered
[    0.638575] Asymmetric key parser 'x509' registered
[    0.639178] io scheduler mq-deadline registered
[    0.639204] io scheduler kyber registered
[    0.663391] mxs-dma 1804000.dma-apbh: initialized
[    0.681298] 2020000.serial: ttymxc0 at MMIO 0x2020000 (irq = 192, base_baud = 5000000) is a IMX
[    0.681437] printk: console [ttymxc0] enabled
[    1.272834] Freeing initrd memory: 2656K
[    1.275781] imx-sdma 20ec000.dma-controller: Direct firmware load for imx/sdma/sdma-imx6q.bin failed with error -2
[    1.285007] imx-sdma 20ec000.dma-controller: external firmware not found, using ROM firmware
[    1.294622] 21ec000.serial: ttymxc2 at MMIO 0x21ec000 (irq = 193, base_baud = 5000000) is a IMX
[    1.337209] imx_rngc 2284000.rng: Freescale RNGB registered (HW revision 2.129)
[    1.343923] random: crng init done
[    1.378854] brd: module loaded
[    1.391667] loop: module loaded
[    1.467402] i2c_dev: i2c /dev entries driver
[    1.479265] sdhci: Secure Digital Host Controller Interface driver
[    1.484181] sdhci: Copyright(c) Pierre Ossman
[    1.487331] sdhci-pltfm: SDHCI platform and OF driver helper
[    1.495236] sdhci-esdhc-imx 2190000.mmc: allocated mmc-pwrseq
[    1.508908] usbcore: registered new interface driver usbhid
[    1.513265] usbhid: USB HID core driver
[    1.524187] NET: Registered PF_INET6 protocol family
[    1.530358] Segment Routing with IPv6
[    1.532837] In-situ OAM (IOAM) with IPv6
[    1.535692] sit: IPv6, IPv4 and MPLS over IPv4 tunneling driver
[    1.540506] mmc0: SDHCI controller on 2194000.mmc [2194000.mmc] using ADMA
[    1.548284] NET: Registered PF_PACKET protocol family
[    1.555865] Registering SWP/SWPB emulation handler
[    1.566319] Loading compiled-in X.509 certificates
[    1.590977] imx_usb 2184000.usb: No over current polarity defined
[    1.595942] mmc1: SDHCI controller on 2190000.mmc [2190000.mmc] using ADMA
[    1.607925] mmc0: host does not support reading read-only switch, assuming write-enable
[    1.621689] sdhci-esdhc-imx 2190000.mmc: card claims to support voltages below defined range
[    1.629444] mmc0: new high speed SDHC card at address aaaa
[    1.635039] mmcblk0: mmc0:aaaa SC16G 14.8 GiB 
[    1.644758]  mmcblk0: p1 p2
[    1.683282] mmc1: new high speed SDIO card at address 0001
[    1.795320] imx_thermal 20c8000.anatop:tempmon: Commercial CPU temperature grade - max:95C critical:90C passive:85C
[    1.806981] imx6ul-pinctrl 2290000.iomuxc-snvs: pin MX6ULL_PAD_SNVS_TAMPER3 already requested by 21f8000.i2c; cannot claim for gpio-keys
[    1.818147] imx6ul-pinctrl 2290000.iomuxc-snvs: pin-5 (gpio-keys) status -22
[    1.824039] imx6ul-pinctrl 2290000.iomuxc-snvs: could not request pin 5 (MX6ULL_PAD_SNVS_TAMPER3) from group gpio_snvs_keys_grp  on device 2290000.iomuxc-snvs
[    1.837019] gpio-keys gpio-keys: Error applying setting, reverse things back
[    1.846270] cfg80211: Loading compiled-in X.509 certificates for regulatory database
[    1.856597] Loaded X.509 cert 'sforshee: 00b28ddf47aef9cea7'
[    1.861569] platform regulatory.0: Direct firmware load for regulatory.db failed with error -2
[    1.870632] Freeing unused kernel image (initmem) memory: 1024K
[    1.875325] cfg80211: failed to load regulatory.db
[    1.879108] Run /init as init process
[    1.881476]   with arguments:
[    1.883140]     /init
[    1.884111]   with environment:
[    1.885949]     HOME=/
[    1.887005]     TERM=linux
[    2.606731] configfs-gadget.g1 gadget.0: HOST MAC 2a:ae:65:9b:a5:3d
[    2.611793] configfs-gadget.g1 gadget.0: MAC 0e:0d:fd:02:e6:b1
[    3.041390] IPv6: ADDRCONF(NETDEV_CHANGE): usb0: link becomes ready
[    3.167995] EXT4-fs (mmcblk0p1): mounted filesystem 508a67ec-dbbb-40ec-b489-6abc42a46c46 without journal. Quota mode: none.
[    8.369588] EXT4-fs (mmcblk0p2): orphan cleanup on readonly fs
[    8.380337] EXT4-fs (mmcblk0p2): mounted filesystem 75520dc3-2e9d-48e0-b687-38e05def9012 with ordered data mode. Quota mode: none.
[    8.407295] EXT4-fs (mmcblk0p1): unmounting filesystem 508a67ec-dbbb-40ec-b489-6abc42a46c46.
[    8.712876] EXT4-fs (mmcblk0p1): mounted filesystem 508a67ec-dbbb-40ec-b489-6abc42a46c46 without journal. Quota mode: none.
[   12.242881] udevd[743]: starting version 3.2.12
[   12.312981] udevd[743]: specified group 'sgx' unknown
[   12.430014] udevd[743]: starting eudev-3.2.12
[   13.215315] 8189fs: loading out-of-tree module taints kernel.
[   13.265417] sy7636_probe calling
[   13.265485] sy7636_i2c_parse_dt_pdata():gpio_pmic_pwrall=78
[   13.265525] sy7636_i2c_parse_dt_pdata():gpio_pmic_pwrall init set 1
[   13.268910] sy7636_i2c_parse_dt_pdata():gpio_pmic_powerup=89
[   13.268948] sy7636_detect calling
[   13.284404] mc: Linux media interface: v0.10
[   13.305458] sy7636_detect():opmode=0x0
[   13.305495] sy7636_detect success
[   13.305957] sy7636 0-0062: PMIC SY7636 for eInk display
[   13.305980] sy7636_probe success
[   13.308876] lm3630a_bl 0-0036: LM3630A backlight register OK.
[   13.331344] videodev: Linux video capture interface: v2.00
[   13.354423] input: ektf2232 as /devices/platform/soc/2100000.bus/21a0000.i2c/i2c-0/0-0015/input/input0
[   13.434822] rc5t619-rtc rc5t619-rtc: registered as rtc0
[   13.449953] rc5t619-rtc rc5t619-rtc: setting system clock to 2023-06-17T11:14:15 UTC (1687000455)
[   13.505731] pxp 21cc000.pxp: Device registered as /dev/video0
[   14.250021] sy7636_sensor_probe starting
[   14.250070] sy7636_sensor sy7636-sns: hwmon_device_register() is deprecated. Please convert the driver to use hwmon_device_register_with_info().
[   14.250273] sy7636_sensor_probe success
[   14.261664] sy7636-pmic sy7636-pmic: num_regulators 4
[   14.261812] sy7636-pmic sy7636-pmic: on_delay1=0x2
[   14.261826] sy7636-pmic sy7636-pmic: on_delay2=0x2
[   14.261836] sy7636-pmic sy7636-pmic: on_delay3=0x2
[   14.261846] sy7636-pmic sy7636-pmic: on_delay4=0x2
[   14.261857] sy7636-pmic sy7636-pmic: failed to get VLDO property,default will be 0x2
[   14.261867] sy7636-pmic sy7636-pmic: turnoff_delay_ep3v3=100
[   14.261916] sy7636-pmic sy7636-pmic: request vcom gpio failed (-16)!
[   14.261942] sy7636-pmic sy7636-pmic: request powerup gpio failed (-16)!
[   14.261984] sy7636_regulator_probe(947): SY7636@557272ab
[   14.261999] sy7636_regulator_probe():initial vcom=2500000uV
                
[   14.271467] _sy7636_vcom_get_voltage() : vcom=2620000uV
[   14.271507] VCOM: Bringing 2620000uV into 2750000-2750000uV
[   14.272847] _sy7636_vcom_get_voltage() : vcom=2620000uV
[   14.274239] _sy7636_vcom_get_voltage() : vcom=2620000uV
[   14.278769] _sy7636_vcom_get_voltage() : vcom=2750000uV
[   14.280291] _sy7636_vcom_get_voltage() : vcom=2750000uV
[   14.281523] sy7636_get_temperature():temperature = 0,reg=0x0
[   14.332402] mxc_epdc 228c000.epdc: EPDC pix format: 400
[   14.333414] [drm] Initialized mxc_epdc 1.0.0 20201007 for 228c000.epdc on minor 0
[   14.364885] mxc_epdc 228c000.epdc: Mode: 1024 x 758
[   14.367427] mxc_epdc 228c000.epdc: Unable to get an accurate EPDC pix clkdesired = 80000000, actual = 72605042
[   15.470913] Console: switching to colour frame buffer device 128x47
[   15.738488] mxc_epdc 228c000.epdc: [drm] fb0: mxc_epdcdrmfb frame buffer device
[   16.124228] mxc_epdc 228c000.epdc: TCE underrun! Will continue to update panel
[   16.134818] EXT4-fs (mmcblk0p2): re-mounted 75520dc3-2e9d-48e0-b687-38e05def9012. Quota mode: none.
[   16.169946] mxc_epdc 228c000.epdc: TCE underrun! Will continue to update panel
[   22.186011] udevd[743]: specified group 'sgx' unknown
[   27.994394] zram: Added device: zram0
[   32.488483] LDO1: disabling
[   32.492311] LDO3: disabling
[   32.494162] LDO4: disabling
[   32.494930] LDO9: disabling
[   32.495533] LDO10: disabling
[   32.496093] LDORTC1: disabling
[   32.496661] LDORTC2: disabling
[   56.032927] memfd_create() without MFD_EXEC nor MFD_NOEXEC_SEAL, pid=1870 'pactl'
kobo-nia:~$ 
