ïã…!P	ÄRÀşËeÿÄ@òH0Œø\@ @©L0€#@ !€€ ş€@€€@ˆ„08€@@€€ $€ €@@üIòMŸ÷ÀüÿhøÙ¨DÈp	À$Å(ôïà üÿB$
ğ€@ø‚ €€ `ü€*úşÀã>,ü€~Ü0€…0øàôüğğ `|€üş ü„ø@oüà˜&€ı`ãÿ#ôàÈèà À  €ˆ@Èî0@àğö üè@ÿ ÿş(!ğH@ü  Àbşø€ğÀı€€€€€Â€ğp|àÀÿøø@@B¦şøÿ`ÿààÁÎ @@à 0   à 0ğ@øP1ğ@€ğ€àøÆb ˆø†(à€ÿ@`	@ ğ€ƒ  €@ €`ğ€äˆ€ÿ@ÀüğÀ   àÀ!”
 Å@{ 8ğHèğâ	À€€ ş@ @@ü8À€àdÿ â8@€à@p€À" €şÀ`
 8ÀÀ0€À†àà$ àÀƒ€À@	øà¾ÿ€à<ÿüAÿÿÿ

U-Boot 2016.03-00075-g4c12101031 (Apr 19 2022 - 17:27:17 +0800)

CPU:   Freescale i.MX6ULL rev1.1 at 396MHz
CPU:   Commercial temperature grade (0C to 95C) at 38C
Reset cause: POR
Board: MX6ULL NTX
I2C:   ready
DRAM:  256 MiB
force_idle_bus: sda=1 scl=0 sda.gp=0x15 scl.gp=0x14
MMC:   board_mmc_init() : isd=1 
FSL_SDHC: 0, FSL_SDHC: 1
In:    serial
Out:   serial
Err:   serial
ntx_hw_early_init() 0
ram p=80000000,size=268435456
switch to partitions #0, OK
mmc0 is current device
mmc read 0x8ffffe00 0x3ff 0x1

MMC read: dev # 0, block # 1023, count 1 ... 1 blocks read: OK
mmc read 0x8ffffe00 0x400 0x1

MMC read: dev # 0, block # 1024, count 1 ... 1 blocks read: OK
ntx_hw_early_init() RC5T619 INIT
RC5T619_watchdog(1,32)
ntx_hw_late_init()
mmc read 0x8ffffc00 0x1 0x1

MMC read: dev # 0, block # 1, count 1 ... 1 blocks read: OK
NTXSN not avalible !
ntx_gpio_init():R [ERROR] GPIO group number error (0)!!
ntx_gpio_init():B [ERROR] GPIO group number error (0)!!
ntx_gpio_get_value(406) : error parameter ! null ptr !
ntx_config_fastboot_layout():10 binaries partition added
ntx_config_fastboot_layout: get partition:vfat fail !!
ntx_config_fastboot_layout():3 mbr partition added
fuse bank 0 offset 3 is 0x5C310030
check_and_clean: reg 0, flag_set 0
Fastboot: Normal
Hit any key to stop autoboot:  1  0 
473 bytes read in 33 ms (13.7 KiB/s)
## Executing script at 80800000
mmc read 0x80800000 0x800 0x2c00

MMC read: dev # 0, block # 2048, count 11264 ... 11264 blocks read: OK
Loading kernel
5763256 bytes read in 385 ms (14.3 MiB/s)
Loading DTB
30672 bytes read in 54 ms (554.7 KiB/s)
Loading initrd
1505605 bytes read in 128 ms (11.2 MiB/s)
Booting kernel

 hwcfgp=8ffffe00,pcb=81,customer=9

ntx_gpio_get_value(406) : error parameter ! null ptr !
ESDin=0,UPGKey=-1,PWRKey=0,USBin=0x0,BootESD=0,MenuKey=0
mmc read 0x8ffffc00 0x37ff 0x1

MMC read: dev # 0, block # 14335, count 1 ... 1 blocks read: OK
mmc read 0x8ff71a00 0x3800 0x472

MMC read: dev # 0, block # 14336, count 1138 ... 1138 blocks read: OK
mmc read 0x8ff71800 0x405 0x1

MMC read: dev # 0, block # 1029, count 1 ... 1 blocks read: OK
[WARNING] Binaries load sequence should Lo->Hi !
mmc read 0x8ff71400 0x406 0x3

MMC read: dev # 0, block # 1030, count 3 ... 3 blocks read: OK
Kernel RAM visiable size=255M->255M
ntx_gpio_init():R [ERROR] GPIO group number error (0)!!
ntx_gpio_init():B [ERROR] GPIO group number error (0)!!
hwcfg rootfstype : 2
hwcfg partition type : 2,bootmode=0
ntx_prebootm : cmd=setenv bootargs ${bootargs}  hwcfg_p=0x8ffffe00 hwcfg_sz=110 waveform_p=0x8ff71a00 waveform_sz=582529 ntxfw_p=0x8ff71400 ntxfw_sz=1034 mem=255M boot_port=1 rootfstype=ext4 root=/dev/mmcblk0p1 quiet
Kernel image @ 0x80800000 [ 0x000000 - 0x57f0b8 ]
## Loading init Ramdisk from Legacy Image at 85000000 ...
   Image Name:   uInitrd
   Created:      2023-04-23  21:06:50 UTC
   Image Type:   ARM Linux RAMDisk Image (uncompressed)
   Data Size:    1505541 Bytes = 1.4 MiB
   Load Address: 00000000
   Entry Point:  00000000
   Verifying Checksum ... OK
## Flattened Device Tree blob at 83000000
   Booting using the fdt blob at 0x83000000
   Loading Ramdisk to 8e5d6000, end 8e745905 ... OK
   Loading Device Tree to 8e5cb000, end 8e5d57cf ... OK

Starting kernel ...

imx6ul-pinctrl 2290000.iomuxc-snvs: pin MX6ULL_PAD_SNVS_TAMPER3 already requested by 21f8000.i2c; cannot claim for gpio-keys
imx6ul-pinctrl 2290000.iomuxc-snvs: pin-5 (gpio-keys) status -22
imx6ul-pinctrl 2290000.iomuxc-snvs: could not request pin 5 (MX6ULL_PAD_SNVS_TAMPER3) from group gpio_snvs_keys_grp  on device 2290000.iomuxc-snvs
gpio-keys gpio-keys: Error applying setting, reverse things back
### postmarketOS initramfs ###
NOTE: All output from the initramfs gets redirected to:
/pmOS_init.log
If you want to disable this behavior (e.g. because you're
debugging over serial), please add this to your kernel
command line: PMOS_NO_OUTPUT_REDIRECT

Welcome to postmarketOS
Kernel 6.1.12 on an armv7l (/dev/ttymxc0)
kobo-nia login: ÒRUI½½ñ- try###Unknown commandøÏ
Unknown command 'Unknown' - try 'help'
eBR-1A # ş
@D‚€ş@€D|ğswitch to partitions #0, OK
mmc0 is current device
mmc read 0x8ffffe00 0x3ff 0x1

MMC read: dev # 0, block # 102óŠòrrş5763256 bytes read in 386 ms (14.2 MiB/s)
Loading DTB
30672 bytes read in 54 ms (554.7 KiB/s)
Loading initrd
1505605 bytes read in 128 ms (11.2 MiB/s)
Booting kernel

 hwcfgp=8ffffe00,pcb=81,customer=9

ntx_gpio_get_value(406) : error parameter ! null ptr !
ESDin=0,UPGKey=-1,PWRKey=0,USBin=0x1,BootESD=0,MenuKey=0
mmc read 0x8ffffc00 0x37ff 0x1

MMC read: dev # 0, block # 14335, count 1 ... 1 blocks read: OK
mmc read 0x8ff71a00 0x3800 0x472

MMC read: dev # 0, block # 14336, count 1138 ... 1138 blocks read: OK
mmc read 0x8ff71800 0x405 0x1

MMC read: dev # 0, block # 1029, count 1 ... 1 blocks read: OK
[WARNING] Binaries load sequence should Lo->Hi !
mmc read 0x8ff71400 0x406 0x3

MMC read: dev # 0, block # 1030, count 3 ... 3 blocks read: OK
Kernel RAM visiable size=255M->255M
ntx_gpio_init():R [ERROR] GPIO group number error (0)!!
ntx_gpio_init():B [ERROR] GPIO group number error (0)!!
hwcfg rootfstype : 2
hwcfg partition type : 2,bootmode=0
ntx_prebootm : cmd=setenv bootargs ${bootargs}  hwcfg_p=0x8ffffe00 hwcfg_sz=110 waveform_p=0x8ff71a00 waveform_sz=582529 ntxfw_p=0x8ff71400 ntxfw_sz=1034 mem=255M boot_port=1 rootfstype=ext4 root=/dev/mmcblk0p1 quiet
Kernel image @ 0x80800000 [ 0x000000 - 0x57f0b8 ]
## Loading init Ramdisk from Legacy Image at 85000000 ...
   Image Name:   uInitrd
   Created:      2023-04-23  21:06:50 UTC
   Image Type:   ARM Linux RAMDisk Image (uncompressed)
   Data Size:    1505541 Bytes = 1.4 MiB
   Load Address: 00000000
   Entry Point:  00000000
   Verifying Checksum ... OK
## Flattened Device Tree blob at 83000000
   Booting using the fdt blob at 0x83000000
   Loading Ramdisk to 8e5d6000, end 8e745905 ... OK
   Loading Device Tree to 8e5cb000, end 8e5d57cf ... OK

Starting kernel ...




Welcome to postmarketOS
Kernel 6.1.12 on an armv7l (/dev/ttymxc0)
kobo-nia login: 

U-Boot 2016.03-00075-g4c12101031 (Apr 19 2022 - 17:27:17 +0800)

CPU:   Freescale i.MX6ULL rev1.1 at 396MHz
CPU:   Commercial temperature grade (0C to 95C) at 37C
Reset cause: POR
Board: MX6ULL NTX
I2C:   ready
DRAM:  256 MiB
force_idle_bus: sda=1 scl=0 sda.gp=0x15 scl.gp=0x14
MMC:   board_mmc_init() : isd=1 
FSL_SDHC: 0, FSL_SDHC: 1
In:    serial
Out:   serial
Err:   serial
ntx_hw_early_init() 0
ram p=80000000,size=268435456
switch to partitions #0, OK
mmc0 is current device
mmc read 0x8ffffe00 0x3ff 0x1

MMC read: dev # 0, block # 1023, count 1 ... 1 blocks read: OK
mmc read 0x8ffffe00 0x400 0x1

MMC read: dev # 0, block # 1024, count 1 ... 1 blocks read: OK
ntx_hw_early_init() RC5T619 INIT
RC5T619_watchdog(1,32)
ntx_hw_late_init()
mmc read 0x8ffffc00 0x1 0x1

MMC read: dev # 0, block # 1, count 1 ... 1 blocks read: OK
NTXSN not avalible !
ntx_gpio_init():R [ERROR] GPIO group number error (0)!!
ntx_gpio_init():B [ERROR] GPIO group number error (0)!!
ntx_gpio_get_value(406) : error parameter ! null ptr !
ntx_config_fastboot_layout():10 binaries partition added
ntx_config_fastboot_layout: get partition:vfat fail !!
ntx_config_fastboot_layout():3 mbr partition added
fuse bank 0 offset 3 is 0x5C310030
check_and_clean: reg 0, flag_set 0
Fastboot: Normal
Hit any key to stop autoboot:  1  0 
473 bytes read in 33 ms (13.7 KiB/s)
## Executing script at 80800000
mmc read 0x80800000 0x800 0x2c00

MMC read: dev # 0, block # 2048, count 11264 ... 11264 blocks read: OK
Loading kernel
5763256 bytes read in 385 ms (14.3 MiB/s)
Loading DTB
30672 bytes read in 54 ms (554.7 KiB/s)
Loading initrd
1505605 bytes read in 128 ms (11.2 MiB/s)
Booting kernel

 hwcfgp=8ffffe00,pcb=81,customer=9

ntx_gpio_get_value(406) : error parameter ! null ptr !
ESDin=0,UPGKey=-1,PWRKey=0,USBin=0x0,BootESD=0,MenuKey=0
mmc read 0x8ffffc00 0x37ff 0x1

MMC read: dev # 0, block # 14335, count 1 ... 1 blocks read: OK
mmc read 0x8ff71a00 0x3800 0x472

MMC read: dev # 0, block # 14336, count 1138 ... 1138 blocks read: OK
mmc read 0x8ff71800 0x405 0x1

MMC read: dev # 0, block # 1029, count 1 ... 1 blocks read: OK
[WARNING] Binaries load sequence should Lo->Hi !
mmc read 0x8ff71400 0x406 0x3

MMC read: dev # 0, block # 1030, count 3 ... 3 blocks read: OK
Kernel RAM visiable size=255M->255M
ntx_gpio_init():R [ERROR] GPIO group number error (0)!!
ntx_gpio_init():B [ERROR] GPIO group number error (0)!!
hwcfg rootfstype : 2
hwcfg partition type : 2,bootmode=0
ntx_prebootm : cmd=setenv bootargs ${bootargs}  hwcfg_p=0x8ffffe00 hwcfg_sz=110 waveform_p=0x8ff71a00 waveform_sz=582529 ntxfw_p=0x8ff71400 ntxfw_sz=1034 mem=255M boot_port=1 rootfstype=ext4 root=/dev/mmcblk0p1 quiet
Kernel image @ 0x80800000 [ 0x000000 - 0x57f0b8 ]
## Loading init Ramdisk from Legacy Image at 85000000 ...
   Image Name:   uInitrd
   Created:      2023-04-23  21:06:50 UTC
   Image Type:   ARM Linux RAMDisk Image (uncompressed)
   Data Size:    1505541 Bytes = 1.4 MiB
   Load Address: 00000000
   Entry Point:  00000000
   Verifying Checksum ... OK
## Flattened Device Tree blob at 83000000
   Booting using the fdt blob at 0x83000000
   Loading Ramdisk to 8e5d6000, end 8e745905 ... OK
   Loading Device Tree to 8e5cb000, end 8e5d57cf ... OK

Starting kernel ...

imx6ul-pinctrl 2290000.iomuxc-snvs: pin MX6ULL_PAD_SNVS_TAMPER3 already requested by 21f8000.i2c; cannot claim for gpio-keys
imx6ul-pinctrl 2290000.iomuxc-snvs: pin-5 (gpio-keys) status -22
imx6ul-pinctrl 2290000.iomuxc-snvs: could not request pin 5 (MX6ULL_PAD_SNVS_TAMPER3) from group gpio_snvs_keys_grp  on device 2290000.iomuxc-snvs
gpio-keys gpio-keys: Error applying setting, reverse things back
### postmarketOS initramfs ###
NOTE: All output from the initramfs gets redirected to:
/pmOS_init.log
If you want to disable this behavior (e.g. because you're
debugging over serial), please add this to your kernel
command line: PMOS_NO_OUTPUT_REDIRECT
