

U-Boot 2009.08-dirty-svn ( 7æ 16 2014 - 17:36:26)

CPU:   Freescale i.MX50 family 1.1V at 800 MHz
mx50 pll1: 800MHz
mx50 pll2: 400MHz
mx50 pll3: 216MHz
ipg clock     : 66666666Hz
ipg per clock : 66666666Hz
uart clock    : 24000000Hz
ahb clock     : 133333333Hz
axi_a clock   : 400000000Hz
axi_b clock   : 200000000Hz
weim_clock    : 100000000Hz
ddr clock     : 266666666Hz
esdhc1 clock  : 80000000Hz
esdhc2 clock  : 80000000Hz
esdhc3 clock  : 80000000Hz
esdhc4 clock  : 80000000Hz
Board: MX50 RDP board
Boot Reason: [POR]
Boot Device: SD
I2C:   ready
DRAM:  512 MB
MMC:   FSL_ESDHC: 0, FSL_ESDHC: 1, FSL_ESDHC: 2
*** Warning - bad CRC or MMC, using default environment

In:    serial
Out:   serial
Err:   serial
[_get_sd_number] g_sd_number:2

MMC read: dev # 2, block # 1023, count 1 partition # 0 ... 
1 blocks read: OK

MMC read: dev # 2, block # 1024, count 1 partition # 0 ... 
1 blocks read: OK
PCB ID is 41
ESDin=0,UPGKey=-1,PWRKey=0
ram p=70000000,size=536870912

MMC read: dev # 2, block # 14335, count 1 partition # 0 ... 
1 blocks read: OK

MMC read: dev # 2, block # 14336, count 13235 partition # 0 ... 
13235 blocks read: OK

MMC read: dev # 2, block # 18431, count 1 partition # 0 ... 
1 blocks read: OK
no "logo" bin header

MMC read: dev # 2, block # 45055, count 1 partition # 0 ... 
1 blocks read: OK
no "logo" bin header
Kernel RAM visiable size=505M->505M
init TPS65185 power ...
Relock PLL1 to 1GHz ...
mx50 pll1: 1000MHz
mx50 pll2: 400MHz
mx50 pll3: 216MHz
ipg clock     : 66666666Hz
ipg per clock : 66666666Hz
uart clock    : 24000000Hz
ahb clock     : 133333333Hz
axi_a clock   : 400000000Hz
axi_b clock   : 200000000Hz
weim_clock    : 100000000Hz
ddr clock     : 250000000Hz
esdhc1 clock  : 80000000Hz
esdhc2 clock  : 80000000Hz
esdhc3 clock  : 80000000Hz
esdhc4 clock  : 80000000Hz
Hit any key to stop autoboot:  1  0 
eBR-1A # 
eBR-1A # 
eBR-1A # 
eBR-1A # 
eBR-1A # 
eBR-1A # 
eBR-1A # 
eBR-1A # pri
bootdelay=1
baudrate=115200
loadaddr=0x70800000
uboot=u-boot.bin
kernel=uImage
bootargs_base=setenv bootargs console=ttymxc0,115200 rootwait rw no_console_suspend lpj=3997696
bootargs_mmc=setenv bootargs ${bootargs}
bootcmd_mmc=run bootargs_base bootargs_mmc;load_ntxkernel; bootm
bootargs_SD=setenv bootargs ${bootargs}
bootcmd_SD=run bootargs_base bootargs_SD;load_ntxkernel; bootm
bootargs_recovery=setenv bootargs ${bootargs}
bootcmd_recovery=run bootargs_base bootargs_recovery;load_ntxkernel; bootm
bootcmd=run bootcmd_mmc
KRN_SDNUM_SD=1
KRN_SDNUM_Recovery=0
verify=no
stdin=serial
stdout=serial
stderr=serial

Environment size: 616/131068 bytes
eBR-1A # üüüüüœ|øüàøœ€pøü€ðÿüð|8ÿ

U-Boot 2009.08-dirty (Feb 23 2024 - 13:50:36)

CPU:   Freescale i.MX50 family 1.1V at 800 MHz
mx50 pll1: 800MHz
mx50 pll2: 400MHz
mx50 pll3: 216MHz
ipg clock     : 66666666Hz
ipg per clock : 66666666Hz
uart clock    : 24000000Hz
ahb clock     : 133333333Hz
axi_a clock   : 400000000Hz
axi_b clock   : 200000000Hz
weim_clock    : 100000000Hz
ddr clock     : 266666666Hz
esdhc1 clock  : 80000000Hz
esdhc2 clock  : 80000000Hz
esdhc3 clock  : 80000000Hz
esdhc4 clock  : 80000000Hz
Board: MX50 RDP board
Boot Reason: [POR]
Boot Device: SD
I2C:   ready
DRAM:  512 MB
MMC:   FSL_ESDHC: 0, FSL_ESDHC: 1, FSL_ESDHC: 2
*** Warning - bad CRC or MMC, using default environment

In:    serial
Out:   serial
Err:   serial
[_get_sd_number] g_sd_number:2

MMC read: dev # 2, block # 1023, count 1 partition # 0 ... 
1 blocks read: OK

MMC read: dev # 2, block # 1024, count 1 partition # 0 ... 
1 blocks read: OK
PCB ID is 41
ESDin=1,UPGKey=-1,PWRKey=0
ram p=70000000,size=536870912

MMC read: dev # 2, block # 14335, count 1 partition # 0 ... 
1 blocks read: OK

MMC read: dev # 2, block # 14336, count 13235 partition # 0 ... 
13235 blocks read: OK

MMC read: dev # 2, block # 18431, count 1 partition # 0 ... 
1 blocks read: OK
no "logo" bin header

MMC read: dev # 2, block # 45055, count 1 partition # 0 ... 
1 blocks read: OK
no "logo" bin header
Kernel RAM visiable size=505M->505M
init TPS65185 power ...
Relock PLL1 to 1GHz ...
mx50 pll1: 1000MHz
mx50 pll2: 400MHz
mx50 pll3: 216MHz
ipg clock     : 66666666Hz
ipg per clock : 66666666Hz
uart clock    : 24000000Hz
ahb clock     : 133333333Hz
axi_a clock   : 400000000Hz
axi_b clock   : 200000000Hz
weim_clock    : 100000000Hz
ddr clock     : 250000000Hz
esdhc1 clock  : 80000000Hz
esdhc2 clock  : 80000000Hz
esdhc3 clock  : 80000000Hz
esdhc4 clock  : 80000000Hz
Hit any key to stop autoboot:  1  0 

MMC read: dev # 2, block # 81919, count 1 partition # 0 ... 
1 blocks read: OK
no kernel image signature !

MMC read: dev # 2, block # 81920, count 20000 partition # 0 ... 
20000 blocks read: OK
hwcfg rootfstype : 2
hwcfg partition type : 2
## Booting kernel from Legacy Image at 70800000 ...
   Image Name:   r?_#1 Feb 23 15:24:44
   Created:      2024-02-23  23:24:48 UTC
   Image Type:   ARM Linux Kernel Image (uncompressed)
   Data Size:    1608828 Bytes =  1.5 MB
   Load Address: 70008000
   Entry Point:  70008000
   Loading Kernel Image ... OK
OK

Starting kernel ...

Uncompressing Linux... done, booting the kernel.
Linux version 2.6.35.3-850-gbc67621-inkbox+ (angus@midas) (gcc version 4.4.1 (Sourcery G++ Lite 2009q3-67) ) #1 PREEMPT Fri Feb 23 15:24:44 PST 2024
CPU: ARMv7 Processor [412fc085] revision 5 (ARMv7), cr=10c53c7f
CPU: VIPT nonaliasing data cache, VIPT nonaliasing instruction cache
Machine: Freescale MX50 Reference Design Platform
Ignoring unrecognised tag 0x54410009
Memory policy: ECC disabled, Data cache writeback
Built 1 zonelists in Zone order, mobility grouping on.  Total pages: 128270
Kernel command line: console=ttymxc0,115200 rootwait rw lpj=4997120 root=/dev/mmcblk1p1 init=/sbin/init hwcfg_p=0x8ffffe00 hwcfg_sz=110 waveform_p=0x8f989800 waveform_sz=6776288 mem=505M selinux=0  boot_port=1 mx50_1GHz
PID hash table entries: 2048 (order: 1, 8192 bytes)
Dentry cache hash table entries: 65536 (order: 6, 262144 bytes)
Inode-cache hash table entries: 32768 (order: 5, 131072 bytes)
Memory: 505MB = 505MB total
Memory: 508140k/508140k available, 8980k reserved, 0K highmem
Virtual kernel memory layout:
    vector  : 0xffff0000 - 0xffff1000   (   4 kB)
    fixmap  : 0xfff00000 - 0xfffe0000   ( 896 kB)
    DMA     : 0xf9e00000 - 0xffe00000   (  96 MB)
    vmalloc : 0xa0000000 - 0xf4000000   (1344 MB)
    lowmem  : 0x80000000 - 0x9f900000   ( 505 MB)
    pkmap   : 0x7fe00000 - 0x80000000   (   2 MB)
    modules : 0x7f000000 - 0x7fe00000   (  14 MB)
      .init : 0x80008000 - 0x80027000   ( 124 kB)
      .text : 0x80027000 - 0x803e3000   (3824 kB)
      .data : 0x80400000 - 0x8043d560   ( 246 kB)
SLUB: Genslabs=11, HWalign=32, Order=0-3, MinObjects=0, CPUs=1, Nodes=1
Hierarchical RCU implementation.
	RCU-based detection of stalled CPUs is disabled.
	Verbose stalled-CPUs detection is disabled.
NR_IRQS:368
MXC GPIO hardware
MXC IRQ initialized
MXC_Early serial console at MMIO 0x53fc0000 (options '115200')
bootconsole [ttymxc0] enabled
Console: colour dummy device 80x30
Calibrating delay loop (skipped) preset value.. 999.42 BogoMIPS (lpj=4997120)
pid_max: default: 32768 minimum: 301
Security Framework initialized
SELinux:  Disabled at boot.
Mount-cache hash table entries: 512
CPU: Testing write buffer coherency: ok
devtmpfs: initialized
regulator: core version 0.5
NET: Registered protocol family 16
i.MX IRAM pool: 128 KB@0xa0040000
hwcfg_size_setup() hwcfg_szie=110
hwcfg_p_setup() hwcfg_p=8ffffe00,vaddr=a006ee00,size=110
NtxHwCfg_GetCfgFldStrVal:[WARNING]Config version too new !! Please update hardware config tool !!
hwcfg_p_setup() pcba="(null)" !!
NtxHwCfg_GetCfgFldVal:[WARNING]Config version too new !! Please update hardware config tool !!
root_path_setup() rootdev=1,rootpart=1
boot_port_setup() boot_port=1
CPU is i.MX50 Revision 1.1
[check_hardware_name-615] PCBA ID is 41
[mxc_board_init-3180] register esdhc3 as mmcblk0
Using SDMA I.API
MXC DMA API initialized
IMX usb wakeup probe
IMX usb wakeup probe
bio: create slab <bio-0> at 0
regulator: DCDC_3V15: 3150 mV 
SCSI subsystem initialized
CSPI: mxc_spi-2 probed
usbcore: registered new interface driver usbfs
usbcore: registered new interface driver hub
usbcore: registered new device driver usb
mc13892 Rev 0.0 FinVer 0 detected
Initializing regulators for mx50 rdp.
regulator: SW1: 600 <--> 1375 mV at 600 mV 
Device spi3.0 probed
Switching to clocksource mxc_timer1
NET: Registered protocol family 2
IP route cache hash table entries: 4096 (order: 2, 16384 bytes)
TCP established hash table entries: 16384 (order: 5, 131072 bytes)
TCP bind hash table entries: 16384 (order: 4, 65536 bytes)
TCP: Hash tables configured (established 16384 bind 16384)
TCP reno registered
UDP hash table entries: 256 (order: 0, 4096 bytes)
UDP-Lite hash table entries: 256 (order: 0, 4096 bytes)
NET: Registered protocol family 1
LPMode driver module loaded
Static Power Management for Freescale i.MX5
PM driver module loaded
sdram autogating driver module loaded
Bus freq driver module loaded
Set ISD/eMMC drive strength Medium, ESD Low
mxc_dvfs_core_probe
DVFS driver module loaded
i.MXC CPU frequency driver
DVFS PER driver module loaded
audit: initializing netlink socket (disabled)
type=2000 audit(0.240:1): initialized
squashfs: version 4.0 (2009/01/31) Phillip Lougher
fuse init (API version 7.14)
msgmni has been set to 992
alg: No test for stdrng (krng)
cryptodev: driver loaded.
io scheduler noop registered
io scheduler deadline registered
io scheduler cfq registered (default)
drivers/video/mxc/mxc_epdc_fb.c(5854):EPD 1440x1080 
waveform_size_setup() wf_size=6776288
waveform_p_setup() wf_p=8f989800,vaddr=a0800800,size=6776288
Console: switching to colour frame buffer device 180x67
[epdc_firmware_func]:fw p=a0800800,size=6776288
drivers/video/mxc/mxc_epdc_fb.c(5321):EPD 1440x1080 
mxc_epdc_fb mxc_epdc_fb:  --- Extra Waveform Data length: 29 bytes---
mxc_epdc_fb mxc_epdc_fb:      Extra Waveform Data: 320_G123_AB3601_ED068TG1H2_TC
fake_s1d13522_parse_epd_cmdline : epd cmdline parse already done .
client0@i2c2 ,addr=0x68,name=tps65185-1
drivers/video/mxc/lk_tps65185.c(1059): EP_3V3 ON/OFF control enabled !
TPS65185 versions : major=0x1,minor=0x2,version=0x5,RevID=0x65
[tps65185_init-1112] gpio_to_irq ()
Serial: MXC Internal UART driver
mxcintuart.0: ttymxc0 at MMIO 0x53fc0000 (irq = 32) is a Freescale i.MX
console [ttymxc0] enabled, bootconsole disabled
console [ttymxc0] enabled, bootconsole disabled
mxcintuart.1: ttymxc1 at MMIO 0x53fbc000 (irq = 31) is a Freescale i.MX
mxcintuart.2: ttymxc2 at MMIO 0x5000c000 (irq = 33) is a Freescale i.MX
brd: module loaded
loop: module loaded
ehci_hcd: USB 2.0 'Enhanced' Host Controller (EHCI) Driver
[arch/arm/plat-mxc/usb_common.c-343] usbh1_set_utmi_xcvr() 
fsl-ehci fsl-ehci.1: Freescale On-Chip EHCI Host Controller
fsl-ehci fsl-ehci.1: new USB bus registered, assigned bus number 1
fsl-ehci fsl-ehci.1: irq 14, io base 0x53f80200
fsl-ehci fsl-ehci.1: USB 2.0 started, EHCI 1.00
hub 1-0:1.0: USB hub found
hub 1-0:1.0: 1 port detected
input: mxckpd as /devices/platform/mxckpd/input/input0
MXC keypad loaded
[__zForce_ir_touch_init-134] zForce controller with v2 command sets.
[zForce_ir_touch_probe-780] Set touch resolution 1440x1080
input: zForce-ir-touch as /devices/virtual/input/input1
add mma7660 i2c driver
mc13892 rtc probe start
pmic_rtc pmic_rtc.1: rtc core: registered pmic_rtc as rtc0
mc13892 rtc probe succeed
i2c /dev entries driver
[zForce_ir_touch_recv_data-256] command BootComplete (0)...
APM Battery Driver
[msp430_probe-588] MSP430 firmware version C851
[drivers/mxc/pmic/mc13892/pmic_battery.c-1003] pmic_battery_probe...
[ntx_get_battery_vol-1890] 96,bat=1010
power_supply mc13892_charger: charger status: online
[ntx_get_battery_vol-1890] 96,bat=1010
mxsdhci: MXC Secure Digital Host Controller Interface driver
mxsdhci: MXC SDHCI Controller Driver. 
mmc0: SDHCI detect irq 0 irq 3 INTERNAL DMA
mxsdhci: MXC SDHCI Controller Driver. 
mmc1: SDHCI detect irq 0 irq 2 INTERNAL DMA
mxsdhci: MXC SDHCI Controller Driver. 
mmc2: SDHCI detect irq 273 irq 1 INTERNAL DMA
TCP cubic registered
NET: Registered protocol family 17
VFP support v0.3: implementor 41 architecture 3 part 30 variant c rev 2
pmic_rtc pmic_rtc.1: setting system clock to 2024-02-23 23:34:30 UTC (1708731270)
[zForce_ir_touch_recv_data-310] firmware version 0005 0002 0000 0001 
[zForce_ir_touch_recv_data-312] Interface protocol: major=0x05, minor=0x02
[ntx_get_battery_vol-1890] 96,bat=1010
[ntx_get_battery_vol-1890] 96,bat=1010
Waiting for root device /dev/mmcblk1p1...
mmc0: new high speed SDHC card at address 0007
mmcblk0: mmc0:0007 SD32G 29.8 GiB 
 mmcblk0: p1 p2 p3 p4
mmc2: new high speed SD card at address b368
mmcblk1: mmc2:b368 00000 1.86 GiB 
 mmcblk1: p1
EXT2-fs (mmcblk1p1): warning: mounting unchecked fs, running e2fsck is recommended
VFS: Mounted root (ext2 filesystem) on device 179:9.
Freeing init memory: 124K
[PROGRESS_BAR-3009] No progess ...
Interface 'lo': flags set to 0001.
EXT4-fs (mmcblk0p1): mounted filesystem with ordered data mode. Opts: 


Linux inkbox #1 PREEMPT Fri Feb 23 15:24:44 PST 2024 GNU/Linux
InkBox OS, kernel build 1PhVg44y, commit f049d82

Copyright (C) 2021-2024 Nicolas Mailloux <nicolecrivain@gmail.com>
 * Checking filesystems ...

e2fsck 1.46.2 (28-Feb-2021)
ntx_get_battery_vol : full !! 4200000
ntx_get_battery_vol : full !! 4200000
boot: clean, 15/4872 files, 2573/19456 blocks
e2fsck 1.46.2 (28-Feb-2021)
ntx_get_battery_vol : full !! 4200000
ntx_get_battery_vol : full !! 4200000
recoveryfs: clean, 15/128016 files, 499059/512000 blocks
e2fsck 1.46.2 (28-Feb-2021)
ntx_get_battery_vol : full !! 4200000
ntx_get_battery_vol : full !! 4200000
rootfs: clean, 15/32768 files, 72394/131072 blocks
e2fsck 1.46.2 (28-Feb-2021)
ntx_get_battery_vol : full !! 4200000
ntx_get_battery_vol : full !! 4200000
user: clean, 51/192768 files, 579654/769894 blocks

EXT4-fs (mmcblk0p1): mounted filesystem with ordered data mode. Opts: 
(initrd) Hit ENTER to stop auto-boot ... 

 * Device is not rooted; enforcing security policy
usb plugged 1-0
EXT4-fs (mmcblk0p1): mounted filesystem with ordered data mode. Opts: 
 * Boot mode: Standard
EXT4-fs (mmcblk0p1): mounted filesystem with ordered data mode. Opts: 
epdfbdc_set_width_height(1439): new DCSize(3342336)>original DCSize(3317760) !
TPS65185 temprature data = 0x17,23
epdfbdc_set_width_height(1439): new DCSize(3342336)>original DCSize(3317760) !
ln: /splash_progress_bar/bin/sh: File exists
mkfifo: /run/progress_bar_fifo: File exists
EXT4-fs (mmcblk0p3): mounted filesystem with ordered data mode. Opts: (null)
Verifying root filesystem's digital signature ...
Root filesystem's digital signature is invalid! Shutting down ...
epdfbdc_set_width_height(1439): new DCSize(3342336)>original DCSize(3317760) !
EXT4-fs (mmcblk0p1): mounted filesystem with ordered data mode. Opts: (null)
The system is going down NOW!
Sent SIGTERM to all processes
Sent SIGKILL to all processes
Requesting system poweroff
Power down.
Kernel---Power Down ---
